{'conditional_official_max_abs_error': 9.5367431640625e-07, 'unconditional_nine_official_calls_max_abs_error': 0.0, 'unconditional_peptide_mutation_max_abs_error': 0.0, 'unconditional_hla_shuffle_max_abs_change': 4.423996448516846, 'passed': True}
conditional scramble=False 1HHK truncated seed=17: 0.1s
conditional scramble=False 1HHK truncated seed=29: 0.2s
conditional scramble=False 1HHK truncated seed=43: 0.2s
conditional scramble=False 5IB1 truncated seed=17: 0.3s
conditional scramble=False 5IB1 truncated seed=29: 0.4s
conditional scramble=False 5IB1 truncated seed=43: 0.5s
conditional scramble=False 7MLE truncated seed=17: 0.5s
conditional scramble=False 7MLE truncated seed=29: 0.6s
conditional scramble=False 7MLE truncated seed=43: 0.7s
conditional scramble=False 4NQX truncated seed=17: 0.8s
conditional scramble=False 4NQX truncated seed=29: 0.8s
conditional scramble=False 4NQX truncated seed=43: 0.9s
conditional scramble=False 3LKN truncated seed=17: 1.0s
conditional scramble=False 3LKN truncated seed=29: 1.1s
conditional scramble=False 3LKN truncated seed=43: 1.1s
conditional scramble=True 1HHK truncated seed=17: 2.8s
conditional scramble=True 1HHK truncated seed=29: 5.6s
conditional scramble=True 1HHK truncated seed=43: 8.5s
conditional scramble=True 5IB1 truncated seed=17: 11.5s
conditional scramble=True 5IB1 truncated seed=29: 14.4s
conditional scramble=True 5IB1 truncated seed=43: 17.5s
conditional scramble=True 7MLE truncated seed=17: 21.1s
conditional scramble=True 7MLE truncated seed=29: 24.2s
conditional scramble=True 7MLE truncated seed=43: 28.7s
conditional scramble=True 4NQX truncated seed=17: 33.9s
conditional scramble=True 4NQX truncated seed=29: 39.0s
conditional scramble=True 4NQX truncated seed=43: 43.8s
conditional scramble=True 3LKN truncated seed=17: 48.7s
conditional scramble=True 3LKN truncated seed=29: 53.4s
conditional scramble=True 3LKN truncated seed=43: 58.2s
conditional scramble=False 1HHK full seed=17: 8.4s
conditional scramble=False 1HHK full seed=29: 16.4s
conditional scramble=False 1HHK full seed=43: 24.8s
conditional scramble=False 5IB1 full seed=17: 33.2s
conditional scramble=False 5IB1 full seed=29: 41.3s
conditional scramble=False 5IB1 full seed=43: 49.3s
conditional scramble=False 7MLE full seed=17: 57.7s
conditional scramble=False 7MLE full seed=29: 65.8s
conditional scramble=False 7MLE full seed=43: 73.8s
conditional scramble=False 4NQX full seed=17: 82.1s
conditional scramble=False 4NQX full seed=29: 89.8s
conditional scramble=False 4NQX full seed=43: 97.6s
conditional scramble=False 3LKN full seed=17: 105.4s
conditional scramble=False 3LKN full seed=29: 113.1s
conditional scramble=False 3LKN full seed=43: 120.9s
