{'conditional_official_max_abs_error': 9.5367431640625e-07, 'unconditional_nine_official_calls_max_abs_error': 0.0, 'unconditional_peptide_mutation_max_abs_error': 0.0, 'unconditional_hla_shuffle_max_abs_change': 4.423996448516846, 'passed': True}
unconditional scramble=False 1HHK truncated seed=17: 3.4s
unconditional scramble=False 1HHK truncated seed=29: 6.7s
unconditional scramble=False 1HHK truncated seed=43: 9.9s
unconditional scramble=False 5IB1 truncated seed=17: 13.4s
unconditional scramble=False 5IB1 truncated seed=29: 16.7s
unconditional scramble=False 5IB1 truncated seed=43: 19.5s
unconditional scramble=False 7MLE truncated seed=17: 22.3s
unconditional scramble=False 7MLE truncated seed=29: 24.7s
unconditional scramble=False 7MLE truncated seed=43: 27.1s
unconditional scramble=False 4NQX truncated seed=17: 30.3s
unconditional scramble=False 4NQX truncated seed=29: 33.3s
unconditional scramble=False 4NQX truncated seed=43: 36.7s
unconditional scramble=False 3LKN truncated seed=17: 39.8s
unconditional scramble=False 3LKN truncated seed=29: 42.8s
unconditional scramble=False 3LKN truncated seed=43: 46.2s
unconditional scramble=False 1HHK full seed=17: 6.1s
unconditional scramble=False 1HHK full seed=29: 11.9s
unconditional scramble=False 1HHK full seed=43: 17.9s
unconditional scramble=False 5IB1 full seed=17: 24.2s
unconditional scramble=False 5IB1 full seed=29: 30.0s
unconditional scramble=False 5IB1 full seed=43: 35.7s
unconditional scramble=False 7MLE full seed=17: 41.4s
unconditional scramble=False 7MLE full seed=29: 47.0s
unconditional scramble=False 7MLE full seed=43: 53.7s
unconditional scramble=False 4NQX full seed=17: 59.9s
unconditional scramble=False 4NQX full seed=29: 65.8s
unconditional scramble=False 4NQX full seed=43: 71.4s
unconditional scramble=False 3LKN full seed=17: 77.1s
unconditional scramble=False 3LKN full seed=29: 82.9s
unconditional scramble=False 3LKN full seed=43: 88.4s
