{'conditional_official_max_abs_error': 9.5367431640625e-07, 'unconditional_nine_official_calls_max_abs_error': 0.0, 'unconditional_peptide_mutation_max_abs_error': 0.0, 'unconditional_hla_shuffle_max_abs_change': 4.423996448516846, 'passed': True}
unconditional scramble=False 1HHK truncated seed=17: 0.0s
unconditional scramble=False 1HHK truncated seed=29: 0.1s
unconditional scramble=False 1HHK truncated seed=43: 0.1s
unconditional scramble=False 5IB1 truncated seed=17: 0.1s
unconditional scramble=False 5IB1 truncated seed=29: 0.1s
unconditional scramble=False 5IB1 truncated seed=43: 0.2s
unconditional scramble=False 7MLE truncated seed=17: 0.2s
unconditional scramble=False 7MLE truncated seed=29: 0.2s
unconditional scramble=False 7MLE truncated seed=43: 0.3s
unconditional scramble=False 4NQX truncated seed=17: 0.3s
unconditional scramble=False 4NQX truncated seed=29: 0.3s
unconditional scramble=False 4NQX truncated seed=43: 0.4s
unconditional scramble=False 3LKN truncated seed=17: 0.4s
unconditional scramble=False 3LKN truncated seed=29: 0.4s
unconditional scramble=False 3LKN truncated seed=43: 0.5s
unconditional scramble=True 1HHK truncated seed=17: 0.0s
unconditional scramble=True 1HHK truncated seed=29: 0.1s
unconditional scramble=True 1HHK truncated seed=43: 0.1s
unconditional scramble=True 5IB1 truncated seed=17: 0.1s
unconditional scramble=True 5IB1 truncated seed=29: 0.1s
unconditional scramble=True 5IB1 truncated seed=43: 0.2s
unconditional scramble=True 7MLE truncated seed=17: 0.2s
unconditional scramble=True 7MLE truncated seed=29: 0.2s
unconditional scramble=True 7MLE truncated seed=43: 0.2s
unconditional scramble=True 4NQX truncated seed=17: 0.3s
unconditional scramble=True 4NQX truncated seed=29: 0.3s
unconditional scramble=True 4NQX truncated seed=43: 0.3s
unconditional scramble=True 3LKN truncated seed=17: 0.3s
unconditional scramble=True 3LKN truncated seed=29: 0.4s
unconditional scramble=True 3LKN truncated seed=43: 0.4s
conditional scramble=False 1HHK truncated seed=17: 46.2s
conditional scramble=False 1HHK truncated seed=29: 101.4s
conditional scramble=False 1HHK truncated seed=43: 158.2s
conditional scramble=False 5IB1 truncated seed=17: 210.8s
conditional scramble=False 5IB1 truncated seed=29: 263.0s
conditional scramble=False 5IB1 truncated seed=43: 310.3s
conditional scramble=False 7MLE truncated seed=17: 359.9s
conditional scramble=False 7MLE truncated seed=29: 407.8s
conditional scramble=False 7MLE truncated seed=43: 461.2s
conditional scramble=False 4NQX truncated seed=17: 538.9s
conditional scramble=False 4NQX truncated seed=29: 590.2s
conditional scramble=False 4NQX truncated seed=43: 631.4s
conditional scramble=False 3LKN truncated seed=17: 671.7s
conditional scramble=False 3LKN truncated seed=29: 710.2s
conditional scramble=False 3LKN truncated seed=43: 745.2s
