{'conditional_official_max_abs_error': 9.5367431640625e-07, 'unconditional_nine_official_calls_max_abs_error': 0.0, 'unconditional_peptide_mutation_max_abs_error': 0.0, 'unconditional_hla_shuffle_max_abs_change': 4.423996448516846, 'passed': True}
unconditional scramble=False 1HHK truncated seed=17: 2.8s
unconditional scramble=False 1HHK truncated seed=29: 6.0s
unconditional scramble=False 1HHK truncated seed=43: 9.1s
unconditional scramble=False 5IB1 truncated seed=17: 12.2s
unconditional scramble=False 5IB1 truncated seed=29: 15.1s
unconditional scramble=False 5IB1 truncated seed=43: 17.9s
unconditional scramble=False 7MLE truncated seed=17: 21.0s
unconditional scramble=False 7MLE truncated seed=29: 23.7s
unconditional scramble=False 7MLE truncated seed=43: 26.9s
unconditional scramble=False 4NQX truncated seed=17: 29.7s
unconditional scramble=False 4NQX truncated seed=29: 32.9s
unconditional scramble=False 4NQX truncated seed=43: 35.8s
unconditional scramble=False 3LKN truncated seed=17: 38.9s
unconditional scramble=False 3LKN truncated seed=29: 41.9s
unconditional scramble=False 3LKN truncated seed=43: 44.7s
unconditional scramble=True 1HHK truncated seed=17: 3.0s
unconditional scramble=True 1HHK truncated seed=29: 5.8s
unconditional scramble=True 1HHK truncated seed=43: 8.9s
unconditional scramble=True 5IB1 truncated seed=17: 11.7s
unconditional scramble=True 5IB1 truncated seed=29: 14.6s
unconditional scramble=True 5IB1 truncated seed=43: 17.7s
unconditional scramble=True 7MLE truncated seed=17: 20.5s
unconditional scramble=True 7MLE truncated seed=29: 23.7s
unconditional scramble=True 7MLE truncated seed=43: 26.4s
unconditional scramble=True 4NQX truncated seed=17: 29.6s
unconditional scramble=True 4NQX truncated seed=29: 32.4s
unconditional scramble=True 4NQX truncated seed=43: 35.5s
unconditional scramble=True 3LKN truncated seed=17: 38.4s
unconditional scramble=True 3LKN truncated seed=29: 41.3s
unconditional scramble=True 3LKN truncated seed=43: 44.4s
conditional scramble=False 1HHK truncated seed=17: 5.3s
conditional scramble=False 1HHK truncated seed=29: 11.3s
conditional scramble=False 1HHK truncated seed=43: 17.7s
conditional scramble=False 5IB1 truncated seed=17: 25.0s
conditional scramble=False 5IB1 truncated seed=29: 29.6s
conditional scramble=False 5IB1 truncated seed=43: 34.2s
conditional scramble=False 7MLE truncated seed=17: 38.6s
conditional scramble=False 7MLE truncated seed=29: 42.9s
conditional scramble=False 7MLE truncated seed=43: 47.7s
conditional scramble=False 4NQX truncated seed=17: 52.4s
conditional scramble=False 4NQX truncated seed=29: 56.9s
conditional scramble=False 4NQX truncated seed=43: 61.5s
conditional scramble=False 3LKN truncated seed=17: 65.7s
conditional scramble=False 3LKN truncated seed=29: 70.2s
conditional scramble=False 3LKN truncated seed=43: 74.7s
