{"fold_index": 1, "n_folds": 77, "split": "random", "fold": "holdout", "representation": "baseline_plus_unconditional_mean_logp", "loss": "mse", "seconds": 1.7265817918814719, "last_batch_loss": 2.151496171951294, "optimizer_steps": 460, "n_parameters": 57281}
{"fold_index": 1, "n_folds": 77, "split": "random", "fold": "holdout", "representation": "baseline_plus_unconditional_logp_per_position", "loss": "mse", "seconds": 1.8902838749345392, "last_batch_loss": 1.354202389717102, "optimizer_steps": 460, "n_parameters": 57793}
{"fold_index": 1, "n_folds": 77, "split": "random", "fold": "holdout", "representation": "baseline_plus_unconditional_anchor_softmax", "loss": "mse", "seconds": 1.7978122502099723, "last_batch_loss": 2.07376766204834, "optimizer_steps": 460, "n_parameters": 59777}
{"fold_index": 1, "n_folds": 77, "split": "random", "fold": "holdout", "representation": "baseline_plus_unconditional_all", "loss": "mse", "seconds": 1.9003980830311775, "last_batch_loss": 0.1887812316417694, "optimizer_steps": 460, "n_parameters": 60417}
{"fold_index": 2, "n_folds": 77, "split": "peptide_disjoint", "fold": "holdout", "representation": "baseline_plus_unconditional_mean_logp", "loss": "mse", "seconds": 1.7279592079576105, "last_batch_loss": 1.5154519081115723, "optimizer_steps": 440, "n_parameters": 57281}
{"fold_index": 2, "n_folds": 77, "split": "peptide_disjoint", "fold": "holdout", "representation": "baseline_plus_unconditional_logp_per_position", "loss": "mse", "seconds": 1.7702540000900626, "last_batch_loss": 1.4740742444992065, "optimizer_steps": 440, "n_parameters": 57793}
{"fold_index": 2, "n_folds": 77, "split": "peptide_disjoint", "fold": "holdout", "representation": "baseline_plus_unconditional_anchor_softmax", "loss": "mse", "seconds": 1.6733524159062654, "last_batch_loss": 1.5072749853134155, "optimizer_steps": 440, "n_parameters": 59777}
{"fold_index": 2, "n_folds": 77, "split": "peptide_disjoint", "fold": "holdout", "representation": "baseline_plus_unconditional_all", "loss": "mse", "seconds": 1.6677313328254968, "last_batch_loss": 1.3916404247283936, "optimizer_steps": 440, "n_parameters": 60417}
{"fold_index": 3, "n_folds": 77, "split": "leave_one_allele_out", "fold": "HLA-A*01:01", "representation": "baseline_plus_unconditional_mean_logp", "loss": "mse", "seconds": 2.0158797500189394, "last_batch_loss": 1.3881657123565674, "optimizer_steps": 560, "n_parameters": 57281}
{"fold_index": 3, "n_folds": 77, "split": "leave_one_allele_out", "fold": "HLA-A*01:01", "representation": "baseline_plus_unconditional_logp_per_position", "loss": "mse", "seconds": 2.1843687500804663, "last_batch_loss": 1.5299447774887085, "optimizer_steps": 560, "n_parameters": 57793}
{"fold_index": 3, "n_folds": 77, "split": "leave_one_allele_out", "fold": "HLA-A*01:01", "representation": "baseline_plus_unconditional_anchor_softmax", "loss": "mse", "seconds": 2.223619916010648, "last_batch_loss": 1.1664674282073975, "optimizer_steps": 560, "n_parameters": 59777}
{"fold_index": 3, "n_folds": 77, "split": "leave_one_allele_out", "fold": "HLA-A*01:01", "representation": "baseline_plus_unconditional_all", "loss": "mse", "seconds": 2.2026589589659125, "last_batch_loss": 1.5604016780853271, "optimizer_steps": 560, "n_parameters": 60417}
{"fold_index": 4, "n_folds": 77, "split": "leave_one_allele_out", "fold": "HLA-A*02:01", "representation": "baseline_plus_unconditional_mean_logp", "loss": "mse", "seconds": 2.0646522080060095, "last_batch_loss": 1.5538743734359741, "optimizer_steps": 540, "n_parameters": 57281}
{"fold_index": 4, "n_folds": 77, "split": "leave_one_allele_out", "fold": "HLA-A*02:01", "representation": "baseline_plus_unconditional_logp_per_position", "loss": "mse", "seconds": 1.9480672501958907, "last_batch_loss": 1.4734079837799072, "optimizer_steps": 540, "n_parameters": 57793}
{"fold_index": 4, "n_folds": 77, "split": "leave_one_allele_out", "fold": "HLA-A*02:01", "representation": "baseline_plus_unconditional_anchor_softmax", "loss": "mse", "seconds": 2.211416875012219, "last_batch_loss": 1.4176831245422363, "optimizer_steps": 540, "n_parameters": 59777}
{"fold_index": 4, "n_folds": 77, "split": "leave_one_allele_out", "fold": "HLA-A*02:01", "representation": "baseline_plus_unconditional_all", "loss": "mse", "seconds": 1.9940095420461148, "last_batch_loss": 1.4690828323364258, "optimizer_steps": 540, "n_parameters": 60417}
{"fold_index": 5, "n_folds": 77, "split": "leave_one_allele_out", "fold": "HLA-A*02:03", "representation": "baseline_plus_unconditional_mean_logp", "loss": "mse", "seconds": 1.8748754160478711, "last_batch_loss": 1.4696736335754395, "optimizer_steps": 560, "n_parameters": 57281}
{"fold_index": 5, "n_folds": 77, "split": "leave_one_allele_out", "fold": "HLA-A*02:03", "representation": "baseline_plus_unconditional_logp_per_position", "loss": "mse", "seconds": 1.5452378340996802, "last_batch_loss": 1.7479610443115234, "optimizer_steps": 560, "n_parameters": 57793}
{"fold_index": 5, "n_folds": 77, "split": "leave_one_allele_out", "fold": "HLA-A*02:03", "representation": "baseline_plus_unconditional_anchor_softmax", "loss": "mse", "seconds": 1.329530084040016, "last_batch_loss": 1.6744459867477417, "optimizer_steps": 560, "n_parameters": 59777}
{"fold_index": 5, "n_folds": 77, "split": "leave_one_allele_out", "fold": "HLA-A*02:03", "representation": "baseline_plus_unconditional_all", "loss": "mse", "seconds": 1.2735803329851478, "last_batch_loss": 1.2178599834442139, "optimizer_steps": 560, "n_parameters": 60417}
{"fold_index": 6, "n_folds": 77, "split": "leave_one_allele_out", "fold": "HLA-A*02:05", "representation": "baseline_plus_unconditional_mean_logp", "loss": "mse", "seconds": 1.5605998749379069, "last_batch_loss": 1.4866949319839478, "optimizer_steps": 560, "n_parameters": 57281}
{"fold_index": 6, "n_folds": 77, "split": "leave_one_allele_out", "fold": "HLA-A*02:05", "representation": "baseline_plus_unconditional_logp_per_position", "loss": "mse", "seconds": 1.5518423339817673, "last_batch_loss": 1.362804651260376, "optimizer_steps": 560, "n_parameters": 57793}
{"fold_index": 6, "n_folds": 77, "split": "leave_one_allele_out", "fold": "HLA-A*02:05", "representation": "baseline_plus_unconditional_anchor_softmax", "loss": "mse", "seconds": 1.49551779194735, "last_batch_loss": 1.5188525915145874, "optimizer_steps": 560, "n_parameters": 59777}
{"fold_index": 6, "n_folds": 77, "split": "leave_one_allele_out", "fold": "HLA-A*02:05", "representation": "baseline_plus_unconditional_all", "loss": "mse", "seconds": 1.4589158329181373, "last_batch_loss": 1.305686354637146, "optimizer_steps": 560, "n_parameters": 60417}
{"fold_index": 7, "n_folds": 77, "split": "leave_one_allele_out", "fold": "HLA-A*02:10", "representation": "baseline_plus_unconditional_mean_logp", "loss": "mse", "seconds": 1.3144946249667555, "last_batch_loss": 1.2800127267837524, "optimizer_steps": 560, "n_parameters": 57281}
{"fold_index": 7, "n_folds": 77, "split": "leave_one_allele_out", "fold": "HLA-A*02:10", "representation": "baseline_plus_unconditional_logp_per_position", "loss": "mse", "seconds": 1.314345708116889, "last_batch_loss": 1.3606280088424683, "optimizer_steps": 560, "n_parameters": 57793}
{"fold_index": 7, "n_folds": 77, "split": "leave_one_allele_out", "fold": "HLA-A*02:10", "representation": "baseline_plus_unconditional_anchor_softmax", "loss": "mse", "seconds": 1.5758491249289364, "last_batch_loss": 1.5065358877182007, "optimizer_steps": 560, "n_parameters": 59777}
{"fold_index": 7, "n_folds": 77, "split": "leave_one_allele_out", "fold": "HLA-A*02:10", "representation": "baseline_plus_unconditional_all", "loss": "mse", "seconds": 1.5818266661372036, "last_batch_loss": 1.0906680822372437, "optimizer_steps": 560, "n_parameters": 60417}
{"fold_index": 8, "n_folds": 77, "split": "leave_one_allele_out", "fold": "HLA-A*02:11", "representation": "baseline_plus_unconditional_mean_logp", "loss": "mse", "seconds": 1.5617817498277873, "last_batch_loss": 1.604519248008728, "optimizer_steps": 560, "n_parameters": 57281}
{"fold_index": 8, "n_folds": 77, "split": "leave_one_allele_out", "fold": "HLA-A*02:11", "representation": "baseline_plus_unconditional_logp_per_position", "loss": "mse", "seconds": 1.3715645419433713, "last_batch_loss": 1.4320755004882812, "optimizer_steps": 560, "n_parameters": 57793}
{"fold_index": 8, "n_folds": 77, "split": "leave_one_allele_out", "fold": "HLA-A*02:11", "representation": "baseline_plus_unconditional_anchor_softmax", "loss": "mse", "seconds": 1.2566749590914696, "last_batch_loss": 1.4814404249191284, "optimizer_steps": 560, "n_parameters": 59777}
{"fold_index": 8, "n_folds": 77, "split": "leave_one_allele_out", "fold": "HLA-A*02:11", "representation": "baseline_plus_unconditional_all", "loss": "mse", "seconds": 1.3378156248945743, "last_batch_loss": 1.2142740488052368, "optimizer_steps": 560, "n_parameters": 60417}
{"fold_index": 9, "n_folds": 77, "split": "leave_one_allele_out", "fold": "HLA-A*02:12", "representation": "baseline_plus_unconditional_mean_logp", "loss": "mse", "seconds": 2.2512034161482006, "last_batch_loss": 1.4431406259536743, "optimizer_steps": 560, "n_parameters": 57281}
{"fold_index": 9, "n_folds": 77, "split": "leave_one_allele_out", "fold": "HLA-A*02:12", "representation": "baseline_plus_unconditional_logp_per_position", "loss": "mse", "seconds": 1.6460412081796676, "last_batch_loss": 1.8114113807678223, "optimizer_steps": 560, "n_parameters": 57793}
{"fold_index": 9, "n_folds": 77, "split": "leave_one_allele_out", "fold": "HLA-A*02:12", "representation": "baseline_plus_unconditional_anchor_softmax", "loss": "mse", "seconds": 1.3960096249356866, "last_batch_loss": 1.5357218980789185, "optimizer_steps": 560, "n_parameters": 59777}
{"fold_index": 9, "n_folds": 77, "split": "leave_one_allele_out", "fold": "HLA-A*02:12", "representation": "baseline_plus_unconditional_all", "loss": "mse", "seconds": 1.5955217920709401, "last_batch_loss": 1.6181479692459106, "optimizer_steps": 560, "n_parameters": 60417}
{"fold_index": 10, "n_folds": 77, "split": "leave_one_allele_out", "fold": "HLA-A*02:16", "representation": "baseline_plus_unconditional_mean_logp", "loss": "mse", "seconds": 1.3359775838907808, "last_batch_loss": 1.4161981344223022, "optimizer_steps": 560, "n_parameters": 57281}
{"fold_index": 10, "n_folds": 77, "split": "leave_one_allele_out", "fold": "HLA-A*02:16", "representation": "baseline_plus_unconditional_logp_per_position", "loss": "mse", "seconds": 1.748078207951039, "last_batch_loss": 1.7270424365997314, "optimizer_steps": 560, "n_parameters": 57793}
{"fold_index": 10, "n_folds": 77, "split": "leave_one_allele_out", "fold": "HLA-A*02:16", "representation": "baseline_plus_unconditional_anchor_softmax", "loss": "mse", "seconds": 2.027758208103478, "last_batch_loss": 1.0976954698562622, "optimizer_steps": 560, "n_parameters": 59777}
{"fold_index": 10, "n_folds": 77, "split": "leave_one_allele_out", "fold": "HLA-A*02:16", "representation": "baseline_plus_unconditional_all", "loss": "mse", "seconds": 1.6332333751488477, "last_batch_loss": 1.4953842163085938, "optimizer_steps": 560, "n_parameters": 60417}
{"fold_index": 11, "n_folds": 77, "split": "leave_one_allele_out", "fold": "HLA-A*02:19", "representation": "baseline_plus_unconditional_mean_logp", "loss": "mse", "seconds": 1.3972199170384556, "last_batch_loss": 1.6218255758285522, "optimizer_steps": 560, "n_parameters": 57281}
{"fold_index": 11, "n_folds": 77, "split": "leave_one_allele_out", "fold": "HLA-A*02:19", "representation": "baseline_plus_unconditional_logp_per_position", "loss": "mse", "seconds": 1.4163163751363754, "last_batch_loss": 1.3975526094436646, "optimizer_steps": 560, "n_parameters": 57793}
{"fold_index": 11, "n_folds": 77, "split": "leave_one_allele_out", "fold": "HLA-A*02:19", "representation": "baseline_plus_unconditional_anchor_softmax", "loss": "mse", "seconds": 1.3724900418892503, "last_batch_loss": 1.2757459878921509, "optimizer_steps": 560, "n_parameters": 59777}
{"fold_index": 11, "n_folds": 77, "split": "leave_one_allele_out", "fold": "HLA-A*02:19", "representation": "baseline_plus_unconditional_all", "loss": "mse", "seconds": 1.7344619170762599, "last_batch_loss": 1.5820544958114624, "optimizer_steps": 560, "n_parameters": 60417}
{"fold_index": 12, "n_folds": 77, "split": "leave_one_allele_out", "fold": "HLA-A*02:50", "representation": "baseline_plus_unconditional_mean_logp", "loss": "mse", "seconds": 2.461575792171061, "last_batch_loss": 1.9048529863357544, "optimizer_steps": 560, "n_parameters": 57281}
{"fold_index": 12, "n_folds": 77, "split": "leave_one_allele_out", "fold": "HLA-A*02:50", "representation": "baseline_plus_unconditional_logp_per_position", "loss": "mse", "seconds": 1.601662625093013, "last_batch_loss": 1.1086132526397705, "optimizer_steps": 560, "n_parameters": 57793}
{"fold_index": 12, "n_folds": 77, "split": "leave_one_allele_out", "fold": "HLA-A*02:50", "representation": "baseline_plus_unconditional_anchor_softmax", "loss": "mse", "seconds": 1.6165858341846615, "last_batch_loss": 1.3431118726730347, "optimizer_steps": 560, "n_parameters": 59777}
{"fold_index": 12, "n_folds": 77, "split": "leave_one_allele_out", "fold": "HLA-A*02:50", "representation": "baseline_plus_unconditional_all", "loss": "mse", "seconds": 1.4668380408547819, "last_batch_loss": 1.7756097316741943, "optimizer_steps": 560, "n_parameters": 60417}
{"fold_index": 13, "n_folds": 77, "split": "leave_one_allele_out", "fold": "HLA-A*03:01", "representation": "baseline_plus_unconditional_mean_logp", "loss": "mse", "seconds": 1.1744752919767052, "last_batch_loss": 1.3316359519958496, "optimizer_steps": 540, "n_parameters": 57281}
{"fold_index": 13, "n_folds": 77, "split": "leave_one_allele_out", "fold": "HLA-A*03:01", "representation": "baseline_plus_unconditional_logp_per_position", "loss": "mse", "seconds": 1.7742139578331262, "last_batch_loss": 1.2168736457824707, "optimizer_steps": 540, "n_parameters": 57793}
{"fold_index": 13, "n_folds": 77, "split": "leave_one_allele_out", "fold": "HLA-A*03:01", "representation": "baseline_plus_unconditional_anchor_softmax", "loss": "mse", "seconds": 1.7809900839347392, "last_batch_loss": 1.3410807847976685, "optimizer_steps": 540, "n_parameters": 59777}
{"fold_index": 13, "n_folds": 77, "split": "leave_one_allele_out", "fold": "HLA-A*03:01", "representation": "baseline_plus_unconditional_all", "loss": "mse", "seconds": 2.821181333158165, "last_batch_loss": 1.353771448135376, "optimizer_steps": 540, "n_parameters": 60417}
{"fold_index": 14, "n_folds": 77, "split": "leave_one_allele_out", "fold": "HLA-A*11:01", "representation": "baseline_plus_unconditional_mean_logp", "loss": "mse", "seconds": 2.939301959006116, "last_batch_loss": 1.531748652458191, "optimizer_steps": 540, "n_parameters": 57281}
{"fold_index": 14, "n_folds": 77, "split": "leave_one_allele_out", "fold": "HLA-A*11:01", "representation": "baseline_plus_unconditional_logp_per_position", "loss": "mse", "seconds": 2.264482459053397, "last_batch_loss": 1.3818877935409546, "optimizer_steps": 540, "n_parameters": 57793}
{"fold_index": 14, "n_folds": 77, "split": "leave_one_allele_out", "fold": "HLA-A*11:01", "representation": "baseline_plus_unconditional_anchor_softmax", "loss": "mse", "seconds": 1.231789874844253, "last_batch_loss": 1.4447572231292725, "optimizer_steps": 540, "n_parameters": 59777}
{"fold_index": 14, "n_folds": 77, "split": "leave_one_allele_out", "fold": "HLA-A*11:01", "representation": "baseline_plus_unconditional_all", "loss": "mse", "seconds": 1.7086203750222921, "last_batch_loss": 1.1946605443954468, "optimizer_steps": 540, "n_parameters": 60417}
{"fold_index": 15, "n_folds": 77, "split": "leave_one_allele_out", "fold": "HLA-A*23:01", "representation": "baseline_plus_unconditional_mean_logp", "loss": "mse", "seconds": 1.5951820409391075, "last_batch_loss": 1.3256558179855347, "optimizer_steps": 560, "n_parameters": 57281}
{"fold_index": 15, "n_folds": 77, "split": "leave_one_allele_out", "fold": "HLA-A*23:01", "representation": "baseline_plus_unconditional_logp_per_position", "loss": "mse", "seconds": 1.45286133303307, "last_batch_loss": 2.069139003753662, "optimizer_steps": 560, "n_parameters": 57793}
{"fold_index": 15, "n_folds": 77, "split": "leave_one_allele_out", "fold": "HLA-A*23:01", "representation": "baseline_plus_unconditional_anchor_softmax", "loss": "mse", "seconds": 1.5106015419587493, "last_batch_loss": 1.5648518800735474, "optimizer_steps": 560, "n_parameters": 59777}
{"fold_index": 15, "n_folds": 77, "split": "leave_one_allele_out", "fold": "HLA-A*23:01", "representation": "baseline_plus_unconditional_all", "loss": "mse", "seconds": 1.595337208127603, "last_batch_loss": 1.196128487586975, "optimizer_steps": 560, "n_parameters": 60417}
{"fold_index": 16, "n_folds": 77, "split": "leave_one_allele_out", "fold": "HLA-A*24:02", "representation": "baseline_plus_unconditional_mean_logp", "loss": "mse", "seconds": 1.215467584086582, "last_batch_loss": 1.5908949375152588, "optimizer_steps": 540, "n_parameters": 57281}
{"fold_index": 16, "n_folds": 77, "split": "leave_one_allele_out", "fold": "HLA-A*24:02", "representation": "baseline_plus_unconditional_logp_per_position", "loss": "mse", "seconds": 1.6901397081092, "last_batch_loss": 1.4489305019378662, "optimizer_steps": 540, "n_parameters": 57793}
{"fold_index": 16, "n_folds": 77, "split": "leave_one_allele_out", "fold": "HLA-A*24:02", "representation": "baseline_plus_unconditional_anchor_softmax", "loss": "mse", "seconds": 1.9728880000766367, "last_batch_loss": 1.4472521543502808, "optimizer_steps": 540, "n_parameters": 59777}
{"fold_index": 16, "n_folds": 77, "split": "leave_one_allele_out", "fold": "HLA-A*24:02", "representation": "baseline_plus_unconditional_all", "loss": "mse", "seconds": 1.6340747501235455, "last_batch_loss": 1.3546799421310425, "optimizer_steps": 540, "n_parameters": 60417}
{"fold_index": 17, "n_folds": 77, "split": "leave_one_allele_out", "fold": "HLA-A*24:03", "representation": "baseline_plus_unconditional_mean_logp", "loss": "mse", "seconds": 1.486538999946788, "last_batch_loss": 3.519261598587036, "optimizer_steps": 560, "n_parameters": 57281}
{"fold_index": 17, "n_folds": 77, "split": "leave_one_allele_out", "fold": "HLA-A*24:03", "representation": "baseline_plus_unconditional_logp_per_position", "loss": "mse", "seconds": 1.2325005419552326, "last_batch_loss": 2.7867469787597656, "optimizer_steps": 560, "n_parameters": 57793}
{"fold_index": 17, "n_folds": 77, "split": "leave_one_allele_out", "fold": "HLA-A*24:03", "representation": "baseline_plus_unconditional_anchor_softmax", "loss": "mse", "seconds": 1.4608958750031888, "last_batch_loss": 0.8163163661956787, "optimizer_steps": 560, "n_parameters": 59777}
{"fold_index": 17, "n_folds": 77, "split": "leave_one_allele_out", "fold": "HLA-A*24:03", "representation": "baseline_plus_unconditional_all", "loss": "mse", "seconds": 1.8516052081249654, "last_batch_loss": 1.66180419921875, "optimizer_steps": 560, "n_parameters": 60417}
{"fold_index": 18, "n_folds": 77, "split": "leave_one_allele_out", "fold": "HLA-A*24:07", "representation": "baseline_plus_unconditional_mean_logp", "loss": "mse", "seconds": 1.6316958328243345, "last_batch_loss": 1.3770118951797485, "optimizer_steps": 560, "n_parameters": 57281}
{"fold_index": 18, "n_folds": 77, "split": "leave_one_allele_out", "fold": "HLA-A*24:07", "representation": "baseline_plus_unconditional_logp_per_position", "loss": "mse", "seconds": 1.4174724998883903, "last_batch_loss": 1.3505533933639526, "optimizer_steps": 560, "n_parameters": 57793}
{"fold_index": 18, "n_folds": 77, "split": "leave_one_allele_out", "fold": "HLA-A*24:07", "representation": "baseline_plus_unconditional_anchor_softmax", "loss": "mse", "seconds": 1.465984582901001, "last_batch_loss": 1.624442458152771, "optimizer_steps": 560, "n_parameters": 59777}
{"fold_index": 18, "n_folds": 77, "split": "leave_one_allele_out", "fold": "HLA-A*24:07", "representation": "baseline_plus_unconditional_all", "loss": "mse", "seconds": 1.4159906250424683, "last_batch_loss": 1.3576568365097046, "optimizer_steps": 560, "n_parameters": 60417}
{"fold_index": 19, "n_folds": 77, "split": "leave_one_allele_out", "fold": "HLA-A*24:19", "representation": "baseline_plus_unconditional_mean_logp", "loss": "mse", "seconds": 1.5844656249973923, "last_batch_loss": 2.127776861190796, "optimizer_steps": 560, "n_parameters": 57281}
{"fold_index": 19, "n_folds": 77, "split": "leave_one_allele_out", "fold": "HLA-A*24:19", "representation": "baseline_plus_unconditional_logp_per_position", "loss": "mse", "seconds": 1.8490052500274032, "last_batch_loss": 1.5851854085922241, "optimizer_steps": 560, "n_parameters": 57793}
{"fold_index": 19, "n_folds": 77, "split": "leave_one_allele_out", "fold": "HLA-A*24:19", "representation": "baseline_plus_unconditional_anchor_softmax", "loss": "mse", "seconds": 1.4274144580122083, "last_batch_loss": 1.4348561763763428, "optimizer_steps": 560, "n_parameters": 59777}
{"fold_index": 19, "n_folds": 77, "split": "leave_one_allele_out", "fold": "HLA-A*24:19", "representation": "baseline_plus_unconditional_all", "loss": "mse", "seconds": 1.422434916952625, "last_batch_loss": 1.4168442487716675, "optimizer_steps": 560, "n_parameters": 60417}
{"fold_index": 20, "n_folds": 77, "split": "leave_one_allele_out", "fold": "HLA-A*25:01", "representation": "baseline_plus_unconditional_mean_logp", "loss": "mse", "seconds": 1.253100625006482, "last_batch_loss": 1.7917112112045288, "optimizer_steps": 560, "n_parameters": 57281}
{"fold_index": 20, "n_folds": 77, "split": "leave_one_allele_out", "fold": "HLA-A*25:01", "representation": "baseline_plus_unconditional_logp_per_position", "loss": "mse", "seconds": 1.2561300001107156, "last_batch_loss": 1.229650616645813, "optimizer_steps": 560, "n_parameters": 57793}
{"fold_index": 20, "n_folds": 77, "split": "leave_one_allele_out", "fold": "HLA-A*25:01", "representation": "baseline_plus_unconditional_anchor_softmax", "loss": "mse", "seconds": 1.5837690830230713, "last_batch_loss": 1.244408369064331, "optimizer_steps": 560, "n_parameters": 59777}
{"fold_index": 20, "n_folds": 77, "split": "leave_one_allele_out", "fold": "HLA-A*25:01", "representation": "baseline_plus_unconditional_all", "loss": "mse", "seconds": 1.7945320410653949, "last_batch_loss": 1.1312493085861206, "optimizer_steps": 560, "n_parameters": 60417}
{"fold_index": 21, "n_folds": 77, "split": "leave_one_allele_out", "fold": "HLA-A*26:01", "representation": "baseline_plus_unconditional_mean_logp", "loss": "mse", "seconds": 1.3250106249470264, "last_batch_loss": 1.6345038414001465, "optimizer_steps": 560, "n_parameters": 57281}
{"fold_index": 21, "n_folds": 77, "split": "leave_one_allele_out", "fold": "HLA-A*26:01", "representation": "baseline_plus_unconditional_logp_per_position", "loss": "mse", "seconds": 1.4023641659878194, "last_batch_loss": 1.3997981548309326, "optimizer_steps": 560, "n_parameters": 57793}
{"fold_index": 21, "n_folds": 77, "split": "leave_one_allele_out", "fold": "HLA-A*26:01", "representation": "baseline_plus_unconditional_anchor_softmax", "loss": "mse", "seconds": 1.4197169998660684, "last_batch_loss": 1.6772091388702393, "optimizer_steps": 560, "n_parameters": 59777}
{"fold_index": 21, "n_folds": 77, "split": "leave_one_allele_out", "fold": "HLA-A*26:01", "representation": "baseline_plus_unconditional_all", "loss": "mse", "seconds": 1.2146848749835044, "last_batch_loss": 1.5408366918563843, "optimizer_steps": 560, "n_parameters": 60417}
{"fold_index": 22, "n_folds": 77, "split": "leave_one_allele_out", "fold": "HLA-A*26:02", "representation": "baseline_plus_unconditional_mean_logp", "loss": "mse", "seconds": 1.5694672078825533, "last_batch_loss": 1.6841610670089722, "optimizer_steps": 560, "n_parameters": 57281}
{"fold_index": 22, "n_folds": 77, "split": "leave_one_allele_out", "fold": "HLA-A*26:02", "representation": "baseline_plus_unconditional_logp_per_position", "loss": "mse", "seconds": 1.7436914588324726, "last_batch_loss": 1.2012171745300293, "optimizer_steps": 560, "n_parameters": 57793}
{"fold_index": 22, "n_folds": 77, "split": "leave_one_allele_out", "fold": "HLA-A*26:02", "representation": "baseline_plus_unconditional_anchor_softmax", "loss": "mse", "seconds": 1.4485916669946164, "last_batch_loss": 1.4523859024047852, "optimizer_steps": 560, "n_parameters": 59777}
{"fold_index": 22, "n_folds": 77, "split": "leave_one_allele_out", "fold": "HLA-A*26:02", "representation": "baseline_plus_unconditional_all", "loss": "mse", "seconds": 1.4934887089766562, "last_batch_loss": 1.6659761667251587, "optimizer_steps": 560, "n_parameters": 60417}
{"fold_index": 23, "n_folds": 77, "split": "leave_one_allele_out", "fold": "HLA-A*26:03", "representation": "baseline_plus_unconditional_mean_logp", "loss": "mse", "seconds": 1.2460314580239356, "last_batch_loss": 1.4921070337295532, "optimizer_steps": 560, "n_parameters": 57281}
{"fold_index": 23, "n_folds": 77, "split": "leave_one_allele_out", "fold": "HLA-A*26:03", "representation": "baseline_plus_unconditional_logp_per_position", "loss": "mse", "seconds": 1.4978776248171926, "last_batch_loss": 1.294734239578247, "optimizer_steps": 560, "n_parameters": 57793}
{"fold_index": 23, "n_folds": 77, "split": "leave_one_allele_out", "fold": "HLA-A*26:03", "representation": "baseline_plus_unconditional_anchor_softmax", "loss": "mse", "seconds": 1.7001241659745574, "last_batch_loss": 1.244204044342041, "optimizer_steps": 560, "n_parameters": 59777}
{"fold_index": 23, "n_folds": 77, "split": "leave_one_allele_out", "fold": "HLA-A*26:03", "representation": "baseline_plus_unconditional_all", "loss": "mse", "seconds": 1.5792072091717273, "last_batch_loss": 1.598771572113037, "optimizer_steps": 560, "n_parameters": 60417}
{"fold_index": 24, "n_folds": 77, "split": "leave_one_allele_out", "fold": "HLA-A*29:02", "representation": "baseline_plus_unconditional_mean_logp", "loss": "mse", "seconds": 1.3671123750973493, "last_batch_loss": 1.3765923976898193, "optimizer_steps": 560, "n_parameters": 57281}
{"fold_index": 24, "n_folds": 77, "split": "leave_one_allele_out", "fold": "HLA-A*29:02", "representation": "baseline_plus_unconditional_logp_per_position", "loss": "mse", "seconds": 1.4319147078786045, "last_batch_loss": 1.5946311950683594, "optimizer_steps": 560, "n_parameters": 57793}
{"fold_index": 24, "n_folds": 77, "split": "leave_one_allele_out", "fold": "HLA-A*29:02", "representation": "baseline_plus_unconditional_anchor_softmax", "loss": "mse", "seconds": 1.3383876660373062, "last_batch_loss": 1.2908202409744263, "optimizer_steps": 560, "n_parameters": 59777}
{"fold_index": 24, "n_folds": 77, "split": "leave_one_allele_out", "fold": "HLA-A*29:02", "representation": "baseline_plus_unconditional_all", "loss": "mse", "seconds": 1.3973464169539511, "last_batch_loss": 1.4504002332687378, "optimizer_steps": 560, "n_parameters": 60417}
{"fold_index": 25, "n_folds": 77, "split": "leave_one_allele_out", "fold": "HLA-A*30:01", "representation": "baseline_plus_unconditional_mean_logp", "loss": "mse", "seconds": 1.6184733749832958, "last_batch_loss": 1.4588433504104614, "optimizer_steps": 560, "n_parameters": 57281}
{"fold_index": 25, "n_folds": 77, "split": "leave_one_allele_out", "fold": "HLA-A*30:01", "representation": "baseline_plus_unconditional_logp_per_position", "loss": "mse", "seconds": 1.5093520409427583, "last_batch_loss": 1.9104734659194946, "optimizer_steps": 560, "n_parameters": 57793}
{"fold_index": 25, "n_folds": 77, "split": "leave_one_allele_out", "fold": "HLA-A*30:01", "representation": "baseline_plus_unconditional_anchor_softmax", "loss": "mse", "seconds": 1.4002947499975562, "last_batch_loss": 1.3204035758972168, "optimizer_steps": 560, "n_parameters": 59777}
{"fold_index": 25, "n_folds": 77, "split": "leave_one_allele_out", "fold": "HLA-A*30:01", "representation": "baseline_plus_unconditional_all", "loss": "mse", "seconds": 1.4102399591356516, "last_batch_loss": 1.7660776376724243, "optimizer_steps": 560, "n_parameters": 60417}
{"fold_index": 26, "n_folds": 77, "split": "leave_one_allele_out", "fold": "HLA-A*30:02", "representation": "baseline_plus_unconditional_mean_logp", "loss": "mse", "seconds": 1.2791959170717746, "last_batch_loss": 1.46551513671875, "optimizer_steps": 560, "n_parameters": 57281}
{"fold_index": 26, "n_folds": 77, "split": "leave_one_allele_out", "fold": "HLA-A*30:02", "representation": "baseline_plus_unconditional_logp_per_position", "loss": "mse", "seconds": 1.4985439169686288, "last_batch_loss": 1.1680958271026611, "optimizer_steps": 560, "n_parameters": 57793}
{"fold_index": 26, "n_folds": 77, "split": "leave_one_allele_out", "fold": "HLA-A*30:02", "representation": "baseline_plus_unconditional_anchor_softmax", "loss": "mse", "seconds": 1.7116739170160145, "last_batch_loss": 1.3661894798278809, "optimizer_steps": 560, "n_parameters": 59777}
{"fold_index": 26, "n_folds": 77, "split": "leave_one_allele_out", "fold": "HLA-A*30:02", "representation": "baseline_plus_unconditional_all", "loss": "mse", "seconds": 1.6494549168273807, "last_batch_loss": 1.1604803800582886, "optimizer_steps": 560, "n_parameters": 60417}
{"fold_index": 27, "n_folds": 77, "split": "leave_one_allele_out", "fold": "HLA-A*31:01", "representation": "baseline_plus_unconditional_mean_logp", "loss": "mse", "seconds": 1.6828521250281483, "last_batch_loss": 1.4900920391082764, "optimizer_steps": 560, "n_parameters": 57281}
{"fold_index": 27, "n_folds": 77, "split": "leave_one_allele_out", "fold": "HLA-A*31:01", "representation": "baseline_plus_unconditional_logp_per_position", "loss": "mse", "seconds": 1.455529083032161, "last_batch_loss": 1.328022837638855, "optimizer_steps": 560, "n_parameters": 57793}
{"fold_index": 27, "n_folds": 77, "split": "leave_one_allele_out", "fold": "HLA-A*31:01", "representation": "baseline_plus_unconditional_anchor_softmax", "loss": "mse", "seconds": 1.5301411249674857, "last_batch_loss": 1.624343991279602, "optimizer_steps": 560, "n_parameters": 59777}
{"fold_index": 27, "n_folds": 77, "split": "leave_one_allele_out", "fold": "HLA-A*31:01", "representation": "baseline_plus_unconditional_all", "loss": "mse", "seconds": 1.6523915000725538, "last_batch_loss": 1.434928059577942, "optimizer_steps": 560, "n_parameters": 60417}
{"fold_index": 28, "n_folds": 77, "split": "leave_one_allele_out", "fold": "HLA-A*32:01", "representation": "baseline_plus_unconditional_mean_logp", "loss": "mse", "seconds": 1.4951869591604918, "last_batch_loss": 1.2510643005371094, "optimizer_steps": 560, "n_parameters": 57281}
{"fold_index": 28, "n_folds": 77, "split": "leave_one_allele_out", "fold": "HLA-A*32:01", "representation": "baseline_plus_unconditional_logp_per_position", "loss": "mse", "seconds": 1.6192125000525266, "last_batch_loss": 1.4635627269744873, "optimizer_steps": 560, "n_parameters": 57793}
{"fold_index": 28, "n_folds": 77, "split": "leave_one_allele_out", "fold": "HLA-A*32:01", "representation": "baseline_plus_unconditional_anchor_softmax", "loss": "mse", "seconds": 1.3935089998412877, "last_batch_loss": 1.438735842704773, "optimizer_steps": 560, "n_parameters": 59777}
{"fold_index": 28, "n_folds": 77, "split": "leave_one_allele_out", "fold": "HLA-A*32:01", "representation": "baseline_plus_unconditional_all", "loss": "mse", "seconds": 1.3517694580368698, "last_batch_loss": 1.5552642345428467, "optimizer_steps": 560, "n_parameters": 60417}
{"fold_index": 29, "n_folds": 77, "split": "leave_one_allele_out", "fold": "HLA-A*32:07", "representation": "baseline_plus_unconditional_mean_logp", "loss": "mse", "seconds": 1.6793183330446482, "last_batch_loss": 1.2643306255340576, "optimizer_steps": 560, "n_parameters": 57281}
{"fold_index": 29, "n_folds": 77, "split": "leave_one_allele_out", "fold": "HLA-A*32:07", "representation": "baseline_plus_unconditional_logp_per_position", "loss": "mse", "seconds": 1.5964170000515878, "last_batch_loss": 1.4145375490188599, "optimizer_steps": 560, "n_parameters": 57793}
{"fold_index": 29, "n_folds": 77, "split": "leave_one_allele_out", "fold": "HLA-A*32:07", "representation": "baseline_plus_unconditional_anchor_softmax", "loss": "mse", "seconds": 1.550799457821995, "last_batch_loss": 1.452296257019043, "optimizer_steps": 560, "n_parameters": 59777}
{"fold_index": 29, "n_folds": 77, "split": "leave_one_allele_out", "fold": "HLA-A*32:07", "representation": "baseline_plus_unconditional_all", "loss": "mse", "seconds": 1.3989978330209851, "last_batch_loss": 1.392281174659729, "optimizer_steps": 560, "n_parameters": 60417}
{"fold_index": 30, "n_folds": 77, "split": "leave_one_allele_out", "fold": "HLA-A*33:03", "representation": "baseline_plus_unconditional_mean_logp", "loss": "mse", "seconds": 1.242482375120744, "last_batch_loss": 1.2078638076782227, "optimizer_steps": 560, "n_parameters": 57281}
{"fold_index": 30, "n_folds": 77, "split": "leave_one_allele_out", "fold": "HLA-A*33:03", "representation": "baseline_plus_unconditional_logp_per_position", "loss": "mse", "seconds": 1.1757307089865208, "last_batch_loss": 0.9988274574279785, "optimizer_steps": 560, "n_parameters": 57793}
{"fold_index": 30, "n_folds": 77, "split": "leave_one_allele_out", "fold": "HLA-A*33:03", "representation": "baseline_plus_unconditional_anchor_softmax", "loss": "mse", "seconds": 1.671667749993503, "last_batch_loss": 1.7988399267196655, "optimizer_steps": 560, "n_parameters": 59777}
{"fold_index": 30, "n_folds": 77, "split": "leave_one_allele_out", "fold": "HLA-A*33:03", "representation": "baseline_plus_unconditional_all", "loss": "mse", "seconds": 1.6565227080136538, "last_batch_loss": 1.5977774858474731, "optimizer_steps": 560, "n_parameters": 60417}
{"fold_index": 31, "n_folds": 77, "split": "leave_one_allele_out", "fold": "HLA-A*43:01", "representation": "baseline_plus_unconditional_mean_logp", "loss": "mse", "seconds": 1.3332490418106318, "last_batch_loss": 1.5493462085723877, "optimizer_steps": 560, "n_parameters": 57281}
{"fold_index": 31, "n_folds": 77, "split": "leave_one_allele_out", "fold": "HLA-A*43:01", "representation": "baseline_plus_unconditional_logp_per_position", "loss": "mse", "seconds": 1.356522124959156, "last_batch_loss": 1.7129067182540894, "optimizer_steps": 560, "n_parameters": 57793}
{"fold_index": 31, "n_folds": 77, "split": "leave_one_allele_out", "fold": "HLA-A*43:01", "representation": "baseline_plus_unconditional_anchor_softmax", "loss": "mse", "seconds": 1.3151247499044985, "last_batch_loss": 1.3008348941802979, "optimizer_steps": 560, "n_parameters": 59777}
{"fold_index": 31, "n_folds": 77, "split": "leave_one_allele_out", "fold": "HLA-A*43:01", "representation": "baseline_plus_unconditional_all", "loss": "mse", "seconds": 1.2849612920545042, "last_batch_loss": 1.3446170091629028, "optimizer_steps": 560, "n_parameters": 60417}
{"fold_index": 32, "n_folds": 77, "split": "leave_one_allele_out", "fold": "HLA-A*66:01", "representation": "baseline_plus_unconditional_mean_logp", "loss": "mse", "seconds": 1.5765389581210911, "last_batch_loss": 1.2357243299484253, "optimizer_steps": 560, "n_parameters": 57281}
{"fold_index": 32, "n_folds": 77, "split": "leave_one_allele_out", "fold": "HLA-A*66:01", "representation": "baseline_plus_unconditional_logp_per_position", "loss": "mse", "seconds": 1.6669613330159336, "last_batch_loss": 1.1808806657791138, "optimizer_steps": 560, "n_parameters": 57793}
{"fold_index": 32, "n_folds": 77, "split": "leave_one_allele_out", "fold": "HLA-A*66:01", "representation": "baseline_plus_unconditional_anchor_softmax", "loss": "mse", "seconds": 1.4090702079702169, "last_batch_loss": 1.6058143377304077, "optimizer_steps": 560, "n_parameters": 59777}
{"fold_index": 32, "n_folds": 77, "split": "leave_one_allele_out", "fold": "HLA-A*66:01", "representation": "baseline_plus_unconditional_all", "loss": "mse", "seconds": 1.42926458385773, "last_batch_loss": 1.602165699005127, "optimizer_steps": 560, "n_parameters": 60417}
{"fold_index": 33, "n_folds": 77, "split": "leave_one_allele_out", "fold": "HLA-A*68:01", "representation": "baseline_plus_unconditional_mean_logp", "loss": "mse", "seconds": 1.2310717499349266, "last_batch_loss": 1.5260226726531982, "optimizer_steps": 560, "n_parameters": 57281}
{"fold_index": 33, "n_folds": 77, "split": "leave_one_allele_out", "fold": "HLA-A*68:01", "representation": "baseline_plus_unconditional_logp_per_position", "loss": "mse", "seconds": 1.6283810420427471, "last_batch_loss": 1.4061857461929321, "optimizer_steps": 560, "n_parameters": 57793}
{"fold_index": 33, "n_folds": 77, "split": "leave_one_allele_out", "fold": "HLA-A*68:01", "representation": "baseline_plus_unconditional_anchor_softmax", "loss": "mse", "seconds": 1.715754167176783, "last_batch_loss": 1.5361601114273071, "optimizer_steps": 560, "n_parameters": 59777}
{"fold_index": 33, "n_folds": 77, "split": "leave_one_allele_out", "fold": "HLA-A*68:01", "representation": "baseline_plus_unconditional_all", "loss": "mse", "seconds": 1.4408292081207037, "last_batch_loss": 1.3365216255187988, "optimizer_steps": 560, "n_parameters": 60417}
{"fold_index": 34, "n_folds": 77, "split": "leave_one_allele_out", "fold": "HLA-A*68:02", "representation": "baseline_plus_unconditional_mean_logp", "loss": "mse", "seconds": 1.9007954590488225, "last_batch_loss": 1.552459955215454, "optimizer_steps": 560, "n_parameters": 57281}
{"fold_index": 34, "n_folds": 77, "split": "leave_one_allele_out", "fold": "HLA-A*68:02", "representation": "baseline_plus_unconditional_logp_per_position", "loss": "mse", "seconds": 1.3659530831500888, "last_batch_loss": 1.5100769996643066, "optimizer_steps": 560, "n_parameters": 57793}
{"fold_index": 34, "n_folds": 77, "split": "leave_one_allele_out", "fold": "HLA-A*68:02", "representation": "baseline_plus_unconditional_anchor_softmax", "loss": "mse", "seconds": 1.2642388748936355, "last_batch_loss": 1.4226007461547852, "optimizer_steps": 560, "n_parameters": 59777}
{"fold_index": 34, "n_folds": 77, "split": "leave_one_allele_out", "fold": "HLA-A*68:02", "representation": "baseline_plus_unconditional_all", "loss": "mse", "seconds": 1.2825006670318544, "last_batch_loss": 1.26728093624115, "optimizer_steps": 560, "n_parameters": 60417}
{"fold_index": 35, "n_folds": 77, "split": "leave_one_allele_out", "fold": "HLA-A*68:23", "representation": "baseline_plus_unconditional_mean_logp", "loss": "mse", "seconds": 1.544421250000596, "last_batch_loss": 1.4917669296264648, "optimizer_steps": 560, "n_parameters": 57281}
{"fold_index": 35, "n_folds": 77, "split": "leave_one_allele_out", "fold": "HLA-A*68:23", "representation": "baseline_plus_unconditional_logp_per_position", "loss": "mse", "seconds": 1.4620511250104755, "last_batch_loss": 1.376706838607788, "optimizer_steps": 560, "n_parameters": 57793}
{"fold_index": 35, "n_folds": 77, "split": "leave_one_allele_out", "fold": "HLA-A*68:23", "representation": "baseline_plus_unconditional_anchor_softmax", "loss": "mse", "seconds": 1.337893957970664, "last_batch_loss": 1.6421560049057007, "optimizer_steps": 560, "n_parameters": 59777}
{"fold_index": 35, "n_folds": 77, "split": "leave_one_allele_out", "fold": "HLA-A*68:23", "representation": "baseline_plus_unconditional_all", "loss": "mse", "seconds": 1.60499587492086, "last_batch_loss": 1.179084062576294, "optimizer_steps": 560, "n_parameters": 60417}
{"fold_index": 36, "n_folds": 77, "split": "leave_one_allele_out", "fold": "HLA-A*69:01", "representation": "baseline_plus_unconditional_mean_logp", "loss": "mse", "seconds": 1.1290041250176728, "last_batch_loss": 1.5314642190933228, "optimizer_steps": 560, "n_parameters": 57281}
{"fold_index": 36, "n_folds": 77, "split": "leave_one_allele_out", "fold": "HLA-A*69:01", "representation": "baseline_plus_unconditional_logp_per_position", "loss": "mse", "seconds": 1.152143832994625, "last_batch_loss": 1.4881867170333862, "optimizer_steps": 560, "n_parameters": 57793}
{"fold_index": 36, "n_folds": 77, "split": "leave_one_allele_out", "fold": "HLA-A*69:01", "representation": "baseline_plus_unconditional_anchor_softmax", "loss": "mse", "seconds": 1.121805249946192, "last_batch_loss": 1.2900519371032715, "optimizer_steps": 560, "n_parameters": 59777}
{"fold_index": 36, "n_folds": 77, "split": "leave_one_allele_out", "fold": "HLA-A*69:01", "representation": "baseline_plus_unconditional_all", "loss": "mse", "seconds": 1.1157759160269052, "last_batch_loss": 1.385970115661621, "optimizer_steps": 560, "n_parameters": 60417}
{"fold_index": 37, "n_folds": 77, "split": "leave_one_allele_out", "fold": "HLA-A*74:01", "representation": "baseline_plus_unconditional_mean_logp", "loss": "mse", "seconds": 1.2666886248625815, "last_batch_loss": 1.1120035648345947, "optimizer_steps": 560, "n_parameters": 57281}
{"fold_index": 37, "n_folds": 77, "split": "leave_one_allele_out", "fold": "HLA-A*74:01", "representation": "baseline_plus_unconditional_logp_per_position", "loss": "mse", "seconds": 1.0765250830445439, "last_batch_loss": 1.5765409469604492, "optimizer_steps": 560, "n_parameters": 57793}
{"fold_index": 37, "n_folds": 77, "split": "leave_one_allele_out", "fold": "HLA-A*74:01", "representation": "baseline_plus_unconditional_anchor_softmax", "loss": "mse", "seconds": 1.1319309589453042, "last_batch_loss": 1.241062879562378, "optimizer_steps": 560, "n_parameters": 59777}
{"fold_index": 37, "n_folds": 77, "split": "leave_one_allele_out", "fold": "HLA-A*74:01", "representation": "baseline_plus_unconditional_all", "loss": "mse", "seconds": 1.4262613749597222, "last_batch_loss": 1.1779948472976685, "optimizer_steps": 560, "n_parameters": 60417}
{"fold_index": 38, "n_folds": 77, "split": "leave_one_allele_out", "fold": "HLA-A*80:01", "representation": "baseline_plus_unconditional_mean_logp", "loss": "mse", "seconds": 1.21496000001207, "last_batch_loss": 1.6146411895751953, "optimizer_steps": 560, "n_parameters": 57281}
{"fold_index": 38, "n_folds": 77, "split": "leave_one_allele_out", "fold": "HLA-A*80:01", "representation": "baseline_plus_unconditional_logp_per_position", "loss": "mse", "seconds": 1.2078920002095401, "last_batch_loss": 1.360905647277832, "optimizer_steps": 560, "n_parameters": 57793}
{"fold_index": 38, "n_folds": 77, "split": "leave_one_allele_out", "fold": "HLA-A*80:01", "representation": "baseline_plus_unconditional_anchor_softmax", "loss": "mse", "seconds": 1.229188958182931, "last_batch_loss": 1.3947700262069702, "optimizer_steps": 560, "n_parameters": 59777}
{"fold_index": 38, "n_folds": 77, "split": "leave_one_allele_out", "fold": "HLA-A*80:01", "representation": "baseline_plus_unconditional_all", "loss": "mse", "seconds": 1.0886317079421133, "last_batch_loss": 1.5723941326141357, "optimizer_steps": 560, "n_parameters": 60417}
{"fold_index": 39, "n_folds": 77, "split": "leave_one_allele_out", "fold": "HLA-B*07:02", "representation": "baseline_plus_unconditional_mean_logp", "loss": "mse", "seconds": 1.0158780419733375, "last_batch_loss": 1.4944727420806885, "optimizer_steps": 540, "n_parameters": 57281}
{"fold_index": 39, "n_folds": 77, "split": "leave_one_allele_out", "fold": "HLA-B*07:02", "representation": "baseline_plus_unconditional_logp_per_position", "loss": "mse", "seconds": 1.0892517920583487, "last_batch_loss": 1.4422293901443481, "optimizer_steps": 540, "n_parameters": 57793}
{"fold_index": 39, "n_folds": 77, "split": "leave_one_allele_out", "fold": "HLA-B*07:02", "representation": "baseline_plus_unconditional_anchor_softmax", "loss": "mse", "seconds": 1.146006542025134, "last_batch_loss": 1.4373096227645874, "optimizer_steps": 540, "n_parameters": 59777}
{"fold_index": 39, "n_folds": 77, "split": "leave_one_allele_out", "fold": "HLA-B*07:02", "representation": "baseline_plus_unconditional_all", "loss": "mse", "seconds": 1.1151130839716643, "last_batch_loss": 1.3113971948623657, "optimizer_steps": 540, "n_parameters": 60417}
{"fold_index": 40, "n_folds": 77, "split": "leave_one_allele_out", "fold": "HLA-B*08:01", "representation": "baseline_plus_unconditional_mean_logp", "loss": "mse", "seconds": 1.057724833022803, "last_batch_loss": 2.0382425785064697, "optimizer_steps": 560, "n_parameters": 57281}
{"fold_index": 40, "n_folds": 77, "split": "leave_one_allele_out", "fold": "HLA-B*08:01", "representation": "baseline_plus_unconditional_logp_per_position", "loss": "mse", "seconds": 1.0948264999315143, "last_batch_loss": 2.1190645694732666, "optimizer_steps": 560, "n_parameters": 57793}
{"fold_index": 40, "n_folds": 77, "split": "leave_one_allele_out", "fold": "HLA-B*08:01", "representation": "baseline_plus_unconditional_anchor_softmax", "loss": "mse", "seconds": 1.0688967499881983, "last_batch_loss": 1.6887117624282837, "optimizer_steps": 560, "n_parameters": 59777}
{"fold_index": 40, "n_folds": 77, "split": "leave_one_allele_out", "fold": "HLA-B*08:01", "representation": "baseline_plus_unconditional_all", "loss": "mse", "seconds": 1.0964693750720471, "last_batch_loss": 0.9489232301712036, "optimizer_steps": 560, "n_parameters": 60417}
{"fold_index": 41, "n_folds": 77, "split": "leave_one_allele_out", "fold": "HLA-B*08:03", "representation": "baseline_plus_unconditional_mean_logp", "loss": "mse", "seconds": 1.023810083977878, "last_batch_loss": 1.3817704916000366, "optimizer_steps": 560, "n_parameters": 57281}
{"fold_index": 41, "n_folds": 77, "split": "leave_one_allele_out", "fold": "HLA-B*08:03", "representation": "baseline_plus_unconditional_logp_per_position", "loss": "mse", "seconds": 1.0303017501719296, "last_batch_loss": 1.2847414016723633, "optimizer_steps": 560, "n_parameters": 57793}
{"fold_index": 41, "n_folds": 77, "split": "leave_one_allele_out", "fold": "HLA-B*08:03", "representation": "baseline_plus_unconditional_anchor_softmax", "loss": "mse", "seconds": 1.1311940839514136, "last_batch_loss": 1.5651521682739258, "optimizer_steps": 560, "n_parameters": 59777}
{"fold_index": 41, "n_folds": 77, "split": "leave_one_allele_out", "fold": "HLA-B*08:03", "representation": "baseline_plus_unconditional_all", "loss": "mse", "seconds": 1.1129570831544697, "last_batch_loss": 1.2253717184066772, "optimizer_steps": 560, "n_parameters": 60417}
{"fold_index": 42, "n_folds": 77, "split": "leave_one_allele_out", "fold": "HLA-B*13:02", "representation": "baseline_plus_unconditional_mean_logp", "loss": "mse", "seconds": 1.0140232921112329, "last_batch_loss": 1.4585646390914917, "optimizer_steps": 560, "n_parameters": 57281}
{"fold_index": 42, "n_folds": 77, "split": "leave_one_allele_out", "fold": "HLA-B*13:02", "representation": "baseline_plus_unconditional_logp_per_position", "loss": "mse", "seconds": 1.0793244161177427, "last_batch_loss": 1.4804365634918213, "optimizer_steps": 560, "n_parameters": 57793}
{"fold_index": 42, "n_folds": 77, "split": "leave_one_allele_out", "fold": "HLA-B*13:02", "representation": "baseline_plus_unconditional_anchor_softmax", "loss": "mse", "seconds": 1.1163549169432372, "last_batch_loss": 1.367309808731079, "optimizer_steps": 560, "n_parameters": 59777}
{"fold_index": 42, "n_folds": 77, "split": "leave_one_allele_out", "fold": "HLA-B*13:02", "representation": "baseline_plus_unconditional_all", "loss": "mse", "seconds": 1.2258267081342638, "last_batch_loss": 1.3177355527877808, "optimizer_steps": 560, "n_parameters": 60417}
{"fold_index": 43, "n_folds": 77, "split": "leave_one_allele_out", "fold": "HLA-B*14:01(C67S)", "representation": "baseline_plus_unconditional_mean_logp", "loss": "mse", "seconds": 1.1156282499432564, "last_batch_loss": 1.488352656364441, "optimizer_steps": 560, "n_parameters": 57281}
{"fold_index": 43, "n_folds": 77, "split": "leave_one_allele_out", "fold": "HLA-B*14:01(C67S)", "representation": "baseline_plus_unconditional_logp_per_position", "loss": "mse", "seconds": 1.0759167920332402, "last_batch_loss": 1.3596807718276978, "optimizer_steps": 560, "n_parameters": 57793}
{"fold_index": 43, "n_folds": 77, "split": "leave_one_allele_out", "fold": "HLA-B*14:01(C67S)", "representation": "baseline_plus_unconditional_anchor_softmax", "loss": "mse", "seconds": 1.0961919578257948, "last_batch_loss": 1.545372486114502, "optimizer_steps": 560, "n_parameters": 59777}
{"fold_index": 43, "n_folds": 77, "split": "leave_one_allele_out", "fold": "HLA-B*14:01(C67S)", "representation": "baseline_plus_unconditional_all", "loss": "mse", "seconds": 1.1267374160233885, "last_batch_loss": 1.5199226140975952, "optimizer_steps": 560, "n_parameters": 60417}
{"fold_index": 44, "n_folds": 77, "split": "leave_one_allele_out", "fold": "HLA-B*14:02(C67S)", "representation": "baseline_plus_unconditional_mean_logp", "loss": "mse", "seconds": 1.139984583016485, "last_batch_loss": 1.7251124382019043, "optimizer_steps": 560, "n_parameters": 57281}
{"fold_index": 44, "n_folds": 77, "split": "leave_one_allele_out", "fold": "HLA-B*14:02(C67S)", "representation": "baseline_plus_unconditional_logp_per_position", "loss": "mse", "seconds": 1.064578999998048, "last_batch_loss": 1.453776478767395, "optimizer_steps": 560, "n_parameters": 57793}
{"fold_index": 44, "n_folds": 77, "split": "leave_one_allele_out", "fold": "HLA-B*14:02(C67S)", "representation": "baseline_plus_unconditional_anchor_softmax", "loss": "mse", "seconds": 1.059060791041702, "last_batch_loss": 1.3719482421875, "optimizer_steps": 560, "n_parameters": 59777}
{"fold_index": 44, "n_folds": 77, "split": "leave_one_allele_out", "fold": "HLA-B*14:02(C67S)", "representation": "baseline_plus_unconditional_all", "loss": "mse", "seconds": 1.108178500086069, "last_batch_loss": 1.2847410440444946, "optimizer_steps": 560, "n_parameters": 60417}
{"fold_index": 45, "n_folds": 77, "split": "leave_one_allele_out", "fold": "HLA-B*15:01", "representation": "baseline_plus_unconditional_mean_logp", "loss": "mse", "seconds": 0.9994305830914527, "last_batch_loss": 1.694204568862915, "optimizer_steps": 540, "n_parameters": 57281}
{"fold_index": 45, "n_folds": 77, "split": "leave_one_allele_out", "fold": "HLA-B*15:01", "representation": "baseline_plus_unconditional_logp_per_position", "loss": "mse", "seconds": 1.1008459159638733, "last_batch_loss": 1.2449501752853394, "optimizer_steps": 540, "n_parameters": 57793}
{"fold_index": 45, "n_folds": 77, "split": "leave_one_allele_out", "fold": "HLA-B*15:01", "representation": "baseline_plus_unconditional_anchor_softmax", "loss": "mse", "seconds": 1.0295516671612859, "last_batch_loss": 1.4810185432434082, "optimizer_steps": 540, "n_parameters": 59777}
{"fold_index": 45, "n_folds": 77, "split": "leave_one_allele_out", "fold": "HLA-B*15:01", "representation": "baseline_plus_unconditional_all", "loss": "mse", "seconds": 1.0309329158626497, "last_batch_loss": 1.3541605472564697, "optimizer_steps": 540, "n_parameters": 60417}
{"fold_index": 46, "n_folds": 77, "split": "leave_one_allele_out", "fold": "HLA-B*15:02", "representation": "baseline_plus_unconditional_mean_logp", "loss": "mse", "seconds": 1.0282857078127563, "last_batch_loss": 1.3893382549285889, "optimizer_steps": 560, "n_parameters": 57281}
{"fold_index": 46, "n_folds": 77, "split": "leave_one_allele_out", "fold": "HLA-B*15:02", "representation": "baseline_plus_unconditional_logp_per_position", "loss": "mse", "seconds": 1.8896723340731114, "last_batch_loss": 1.8536478281021118, "optimizer_steps": 560, "n_parameters": 57793}
{"fold_index": 46, "n_folds": 77, "split": "leave_one_allele_out", "fold": "HLA-B*15:02", "representation": "baseline_plus_unconditional_anchor_softmax", "loss": "mse", "seconds": 2.047953834058717, "last_batch_loss": 1.1315224170684814, "optimizer_steps": 560, "n_parameters": 59777}
{"fold_index": 46, "n_folds": 77, "split": "leave_one_allele_out", "fold": "HLA-B*15:02", "representation": "baseline_plus_unconditional_all", "loss": "mse", "seconds": 2.867899250006303, "last_batch_loss": 1.4623911380767822, "optimizer_steps": 560, "n_parameters": 60417}
{"fold_index": 47, "n_folds": 77, "split": "leave_one_allele_out", "fold": "HLA-B*15:10", "representation": "baseline_plus_unconditional_mean_logp", "loss": "mse", "seconds": 2.7508257918525487, "last_batch_loss": 1.384960412979126, "optimizer_steps": 560, "n_parameters": 57281}
{"fold_index": 47, "n_folds": 77, "split": "leave_one_allele_out", "fold": "HLA-B*15:10", "representation": "baseline_plus_unconditional_logp_per_position", "loss": "mse", "seconds": 2.7992090408224612, "last_batch_loss": 1.2438433170318604, "optimizer_steps": 560, "n_parameters": 57793}
{"fold_index": 47, "n_folds": 77, "split": "leave_one_allele_out", "fold": "HLA-B*15:10", "representation": "baseline_plus_unconditional_anchor_softmax", "loss": "mse", "seconds": 2.496517625171691, "last_batch_loss": 1.4431148767471313, "optimizer_steps": 560, "n_parameters": 59777}
{"fold_index": 47, "n_folds": 77, "split": "leave_one_allele_out", "fold": "HLA-B*15:10", "representation": "baseline_plus_unconditional_all", "loss": "mse", "seconds": 2.32400391693227, "last_batch_loss": 1.345362901687622, "optimizer_steps": 560, "n_parameters": 60417}
{"fold_index": 48, "n_folds": 77, "split": "leave_one_allele_out", "fold": "HLA-B*15:17", "representation": "baseline_plus_unconditional_mean_logp", "loss": "mse", "seconds": 1.9099264161195606, "last_batch_loss": 1.2563421726226807, "optimizer_steps": 560, "n_parameters": 57281}
{"fold_index": 48, "n_folds": 77, "split": "leave_one_allele_out", "fold": "HLA-B*15:17", "representation": "baseline_plus_unconditional_logp_per_position", "loss": "mse", "seconds": 1.304430291056633, "last_batch_loss": 1.2712267637252808, "optimizer_steps": 560, "n_parameters": 57793}
{"fold_index": 48, "n_folds": 77, "split": "leave_one_allele_out", "fold": "HLA-B*15:17", "representation": "baseline_plus_unconditional_anchor_softmax", "loss": "mse", "seconds": 1.3371756670530885, "last_batch_loss": 1.43368661403656, "optimizer_steps": 560, "n_parameters": 59777}
{"fold_index": 48, "n_folds": 77, "split": "leave_one_allele_out", "fold": "HLA-B*15:17", "representation": "baseline_plus_unconditional_all", "loss": "mse", "seconds": 1.093232500134036, "last_batch_loss": 1.0945465564727783, "optimizer_steps": 560, "n_parameters": 60417}
{"fold_index": 49, "n_folds": 77, "split": "leave_one_allele_out", "fold": "HLA-B*18:01", "representation": "baseline_plus_unconditional_mean_logp", "loss": "mse", "seconds": 1.1077949160244316, "last_batch_loss": 1.3631553649902344, "optimizer_steps": 560, "n_parameters": 57281}
{"fold_index": 49, "n_folds": 77, "split": "leave_one_allele_out", "fold": "HLA-B*18:01", "representation": "baseline_plus_unconditional_logp_per_position", "loss": "mse", "seconds": 1.1002072910778224, "last_batch_loss": 1.591294288635254, "optimizer_steps": 560, "n_parameters": 57793}
{"fold_index": 49, "n_folds": 77, "split": "leave_one_allele_out", "fold": "HLA-B*18:01", "representation": "baseline_plus_unconditional_anchor_softmax", "loss": "mse", "seconds": 1.0644123328384012, "last_batch_loss": 1.2583537101745605, "optimizer_steps": 560, "n_parameters": 59777}
{"fold_index": 49, "n_folds": 77, "split": "leave_one_allele_out", "fold": "HLA-B*18:01", "representation": "baseline_plus_unconditional_all", "loss": "mse", "seconds": 1.059006917057559, "last_batch_loss": 1.4789800643920898, "optimizer_steps": 560, "n_parameters": 60417}
{"fold_index": 50, "n_folds": 77, "split": "leave_one_allele_out", "fold": "HLA-B*27:02", "representation": "baseline_plus_unconditional_mean_logp", "loss": "mse", "seconds": 1.0824950418900698, "last_batch_loss": 1.2741377353668213, "optimizer_steps": 560, "n_parameters": 57281}
{"fold_index": 50, "n_folds": 77, "split": "leave_one_allele_out", "fold": "HLA-B*27:02", "representation": "baseline_plus_unconditional_logp_per_position", "loss": "mse", "seconds": 1.0910150830168277, "last_batch_loss": 1.4503331184387207, "optimizer_steps": 560, "n_parameters": 57793}
{"fold_index": 50, "n_folds": 77, "split": "leave_one_allele_out", "fold": "HLA-B*27:02", "representation": "baseline_plus_unconditional_anchor_softmax", "loss": "mse", "seconds": 1.089453750057146, "last_batch_loss": 1.2641035318374634, "optimizer_steps": 560, "n_parameters": 59777}
{"fold_index": 50, "n_folds": 77, "split": "leave_one_allele_out", "fold": "HLA-B*27:02", "representation": "baseline_plus_unconditional_all", "loss": "mse", "seconds": 1.1015217921230942, "last_batch_loss": 1.1680892705917358, "optimizer_steps": 560, "n_parameters": 60417}
{"fold_index": 51, "n_folds": 77, "split": "leave_one_allele_out", "fold": "HLA-B*27:03", "representation": "baseline_plus_unconditional_mean_logp", "loss": "mse", "seconds": 1.0395914998371154, "last_batch_loss": 1.334313988685608, "optimizer_steps": 560, "n_parameters": 57281}
{"fold_index": 51, "n_folds": 77, "split": "leave_one_allele_out", "fold": "HLA-B*27:03", "representation": "baseline_plus_unconditional_logp_per_position", "loss": "mse", "seconds": 1.0497578750364482, "last_batch_loss": 1.2362782955169678, "optimizer_steps": 560, "n_parameters": 57793}
{"fold_index": 51, "n_folds": 77, "split": "leave_one_allele_out", "fold": "HLA-B*27:03", "representation": "baseline_plus_unconditional_anchor_softmax", "loss": "mse", "seconds": 1.1424143339972943, "last_batch_loss": 1.6321254968643188, "optimizer_steps": 560, "n_parameters": 59777}
{"fold_index": 51, "n_folds": 77, "split": "leave_one_allele_out", "fold": "HLA-B*27:03", "representation": "baseline_plus_unconditional_all", "loss": "mse", "seconds": 1.1677589169703424, "last_batch_loss": 1.292039155960083, "optimizer_steps": 560, "n_parameters": 60417}
{"fold_index": 52, "n_folds": 77, "split": "leave_one_allele_out", "fold": "HLA-B*27:05", "representation": "baseline_plus_unconditional_mean_logp", "loss": "mse", "seconds": 1.0698650409467518, "last_batch_loss": 1.408874273300171, "optimizer_steps": 560, "n_parameters": 57281}
{"fold_index": 52, "n_folds": 77, "split": "leave_one_allele_out", "fold": "HLA-B*27:05", "representation": "baseline_plus_unconditional_logp_per_position", "loss": "mse", "seconds": 1.0805299170315266, "last_batch_loss": 1.4209401607513428, "optimizer_steps": 560, "n_parameters": 57793}
{"fold_index": 52, "n_folds": 77, "split": "leave_one_allele_out", "fold": "HLA-B*27:05", "representation": "baseline_plus_unconditional_anchor_softmax", "loss": "mse", "seconds": 1.4239733750000596, "last_batch_loss": 1.2294753789901733, "optimizer_steps": 560, "n_parameters": 59777}
{"fold_index": 52, "n_folds": 77, "split": "leave_one_allele_out", "fold": "HLA-B*27:05", "representation": "baseline_plus_unconditional_all", "loss": "mse", "seconds": 1.9755462498869747, "last_batch_loss": 1.346139669418335, "optimizer_steps": 560, "n_parameters": 60417}
{"fold_index": 53, "n_folds": 77, "split": "leave_one_allele_out", "fold": "HLA-B*27:20", "representation": "baseline_plus_unconditional_mean_logp", "loss": "mse", "seconds": 1.2785770827904344, "last_batch_loss": 1.321406602859497, "optimizer_steps": 560, "n_parameters": 57281}
{"fold_index": 53, "n_folds": 77, "split": "leave_one_allele_out", "fold": "HLA-B*27:20", "representation": "baseline_plus_unconditional_logp_per_position", "loss": "mse", "seconds": 1.4167904590722173, "last_batch_loss": 1.2926257848739624, "optimizer_steps": 560, "n_parameters": 57793}
{"fold_index": 53, "n_folds": 77, "split": "leave_one_allele_out", "fold": "HLA-B*27:20", "representation": "baseline_plus_unconditional_anchor_softmax", "loss": "mse", "seconds": 1.5201297500170767, "last_batch_loss": 1.294815182685852, "optimizer_steps": 560, "n_parameters": 59777}
{"fold_index": 53, "n_folds": 77, "split": "leave_one_allele_out", "fold": "HLA-B*27:20", "representation": "baseline_plus_unconditional_all", "loss": "mse", "seconds": 1.437311999965459, "last_batch_loss": 1.2488452196121216, "optimizer_steps": 560, "n_parameters": 60417}
{"fold_index": 54, "n_folds": 77, "split": "leave_one_allele_out", "fold": "HLA-B*35:01", "representation": "baseline_plus_unconditional_mean_logp", "loss": "mse", "seconds": 1.3435998330824077, "last_batch_loss": 1.4706271886825562, "optimizer_steps": 540, "n_parameters": 57281}
{"fold_index": 54, "n_folds": 77, "split": "leave_one_allele_out", "fold": "HLA-B*35:01", "representation": "baseline_plus_unconditional_logp_per_position", "loss": "mse", "seconds": 1.440228374907747, "last_batch_loss": 1.4698359966278076, "optimizer_steps": 540, "n_parameters": 57793}
{"fold_index": 54, "n_folds": 77, "split": "leave_one_allele_out", "fold": "HLA-B*35:01", "representation": "baseline_plus_unconditional_anchor_softmax", "loss": "mse", "seconds": 1.433408958138898, "last_batch_loss": 1.3678920269012451, "optimizer_steps": 540, "n_parameters": 59777}
{"fold_index": 54, "n_folds": 77, "split": "leave_one_allele_out", "fold": "HLA-B*35:01", "representation": "baseline_plus_unconditional_all", "loss": "mse", "seconds": 1.4294357090257108, "last_batch_loss": 1.379226803779602, "optimizer_steps": 540, "n_parameters": 60417}
{"fold_index": 55, "n_folds": 77, "split": "leave_one_allele_out", "fold": "HLA-B*35:03", "representation": "baseline_plus_unconditional_mean_logp", "loss": "mse", "seconds": 1.3176160410512239, "last_batch_loss": 1.282142996788025, "optimizer_steps": 560, "n_parameters": 57281}
{"fold_index": 55, "n_folds": 77, "split": "leave_one_allele_out", "fold": "HLA-B*35:03", "representation": "baseline_plus_unconditional_logp_per_position", "loss": "mse", "seconds": 1.3710773750208318, "last_batch_loss": 1.3161169290542603, "optimizer_steps": 560, "n_parameters": 57793}
{"fold_index": 55, "n_folds": 77, "split": "leave_one_allele_out", "fold": "HLA-B*35:03", "representation": "baseline_plus_unconditional_anchor_softmax", "loss": "mse", "seconds": 1.4291957078967243, "last_batch_loss": 1.5902854204177856, "optimizer_steps": 560, "n_parameters": 59777}
{"fold_index": 55, "n_folds": 77, "split": "leave_one_allele_out", "fold": "HLA-B*35:03", "representation": "baseline_plus_unconditional_all", "loss": "mse", "seconds": 1.7237849170342088, "last_batch_loss": 1.5658317804336548, "optimizer_steps": 560, "n_parameters": 60417}
{"fold_index": 56, "n_folds": 77, "split": "leave_one_allele_out", "fold": "HLA-B*35:08", "representation": "baseline_plus_unconditional_mean_logp", "loss": "mse", "seconds": 1.6244601251091808, "last_batch_loss": 1.5805037021636963, "optimizer_steps": 560, "n_parameters": 57281}
{"fold_index": 56, "n_folds": 77, "split": "leave_one_allele_out", "fold": "HLA-B*35:08", "representation": "baseline_plus_unconditional_logp_per_position", "loss": "mse", "seconds": 1.445181499933824, "last_batch_loss": 1.4994157552719116, "optimizer_steps": 560, "n_parameters": 57793}
{"fold_index": 56, "n_folds": 77, "split": "leave_one_allele_out", "fold": "HLA-B*35:08", "representation": "baseline_plus_unconditional_anchor_softmax", "loss": "mse", "seconds": 1.9770717089995742, "last_batch_loss": 1.5474478006362915, "optimizer_steps": 560, "n_parameters": 59777}
{"fold_index": 56, "n_folds": 77, "split": "leave_one_allele_out", "fold": "HLA-B*35:08", "representation": "baseline_plus_unconditional_all", "loss": "mse", "seconds": 2.094950166065246, "last_batch_loss": 1.3472744226455688, "optimizer_steps": 560, "n_parameters": 60417}
{"fold_index": 57, "n_folds": 77, "split": "leave_one_allele_out", "fold": "HLA-B*39:01", "representation": "baseline_plus_unconditional_mean_logp", "loss": "mse", "seconds": 1.8722399999387562, "last_batch_loss": 1.411208152770996, "optimizer_steps": 540, "n_parameters": 57281}
{"fold_index": 57, "n_folds": 77, "split": "leave_one_allele_out", "fold": "HLA-B*39:01", "representation": "baseline_plus_unconditional_logp_per_position", "loss": "mse", "seconds": 1.8688237918540835, "last_batch_loss": 1.3598812818527222, "optimizer_steps": 540, "n_parameters": 57793}
{"fold_index": 57, "n_folds": 77, "split": "leave_one_allele_out", "fold": "HLA-B*39:01", "representation": "baseline_plus_unconditional_anchor_softmax", "loss": "mse", "seconds": 1.9704490001313388, "last_batch_loss": 1.3806120157241821, "optimizer_steps": 540, "n_parameters": 59777}
{"fold_index": 57, "n_folds": 77, "split": "leave_one_allele_out", "fold": "HLA-B*39:01", "representation": "baseline_plus_unconditional_all", "loss": "mse", "seconds": 1.9751973750535399, "last_batch_loss": 1.4202812910079956, "optimizer_steps": 540, "n_parameters": 60417}
{"fold_index": 58, "n_folds": 77, "split": "leave_one_allele_out", "fold": "HLA-B*39:02", "representation": "baseline_plus_unconditional_mean_logp", "loss": "mse", "seconds": 1.8535642500501126, "last_batch_loss": 1.2401728630065918, "optimizer_steps": 560, "n_parameters": 57281}
{"fold_index": 58, "n_folds": 77, "split": "leave_one_allele_out", "fold": "HLA-B*39:02", "representation": "baseline_plus_unconditional_logp_per_position", "loss": "mse", "seconds": 2.0874250000342727, "last_batch_loss": 1.3269692659378052, "optimizer_steps": 560, "n_parameters": 57793}
{"fold_index": 58, "n_folds": 77, "split": "leave_one_allele_out", "fold": "HLA-B*39:02", "representation": "baseline_plus_unconditional_anchor_softmax", "loss": "mse", "seconds": 1.564355457900092, "last_batch_loss": 1.4151662588119507, "optimizer_steps": 560, "n_parameters": 59777}
{"fold_index": 58, "n_folds": 77, "split": "leave_one_allele_out", "fold": "HLA-B*39:02", "representation": "baseline_plus_unconditional_all", "loss": "mse", "seconds": 1.4870031250175089, "last_batch_loss": 1.3275209665298462, "optimizer_steps": 560, "n_parameters": 60417}
{"fold_index": 59, "n_folds": 77, "split": "leave_one_allele_out", "fold": "HLA-B*39:06(C67S)", "representation": "baseline_plus_unconditional_mean_logp", "loss": "mse", "seconds": 1.6637636669911444, "last_batch_loss": 1.7549879550933838, "optimizer_steps": 560, "n_parameters": 57281}
{"fold_index": 59, "n_folds": 77, "split": "leave_one_allele_out", "fold": "HLA-B*39:06(C67S)", "representation": "baseline_plus_unconditional_logp_per_position", "loss": "mse", "seconds": 1.5534080830402672, "last_batch_loss": 1.286004900932312, "optimizer_steps": 560, "n_parameters": 57793}
{"fold_index": 59, "n_folds": 77, "split": "leave_one_allele_out", "fold": "HLA-B*39:06(C67S)", "representation": "baseline_plus_unconditional_anchor_softmax", "loss": "mse", "seconds": 1.6808686670847237, "last_batch_loss": 1.4478322267532349, "optimizer_steps": 560, "n_parameters": 59777}
{"fold_index": 59, "n_folds": 77, "split": "leave_one_allele_out", "fold": "HLA-B*39:06(C67S)", "representation": "baseline_plus_unconditional_all", "loss": "mse", "seconds": 1.4728075419552624, "last_batch_loss": 1.2328184843063354, "optimizer_steps": 560, "n_parameters": 60417}
{"fold_index": 60, "n_folds": 77, "split": "leave_one_allele_out", "fold": "HLA-B*39:10", "representation": "baseline_plus_unconditional_mean_logp", "loss": "mse", "seconds": 1.3845524589996785, "last_batch_loss": 1.3218293190002441, "optimizer_steps": 560, "n_parameters": 57281}
{"fold_index": 60, "n_folds": 77, "split": "leave_one_allele_out", "fold": "HLA-B*39:10", "representation": "baseline_plus_unconditional_logp_per_position", "loss": "mse", "seconds": 1.4319573750253767, "last_batch_loss": 1.3346372842788696, "optimizer_steps": 560, "n_parameters": 57793}
{"fold_index": 60, "n_folds": 77, "split": "leave_one_allele_out", "fold": "HLA-B*39:10", "representation": "baseline_plus_unconditional_anchor_softmax", "loss": "mse", "seconds": 1.483074916061014, "last_batch_loss": 1.3663731813430786, "optimizer_steps": 560, "n_parameters": 59777}
{"fold_index": 60, "n_folds": 77, "split": "leave_one_allele_out", "fold": "HLA-B*39:10", "representation": "baseline_plus_unconditional_all", "loss": "mse", "seconds": 1.6626533749513328, "last_batch_loss": 1.3419408798217773, "optimizer_steps": 560, "n_parameters": 60417}
{"fold_index": 61, "n_folds": 77, "split": "leave_one_allele_out", "fold": "HLA-B*40:01", "representation": "baseline_plus_unconditional_mean_logp", "loss": "mse", "seconds": 1.4885138750541955, "last_batch_loss": 1.640211582183838, "optimizer_steps": 560, "n_parameters": 57281}
{"fold_index": 61, "n_folds": 77, "split": "leave_one_allele_out", "fold": "HLA-B*40:01", "representation": "baseline_plus_unconditional_logp_per_position", "loss": "mse", "seconds": 1.4143543338868767, "last_batch_loss": 1.3551759719848633, "optimizer_steps": 560, "n_parameters": 57793}
{"fold_index": 61, "n_folds": 77, "split": "leave_one_allele_out", "fold": "HLA-B*40:01", "representation": "baseline_plus_unconditional_anchor_softmax", "loss": "mse", "seconds": 1.5229756671469659, "last_batch_loss": 1.52252197265625, "optimizer_steps": 560, "n_parameters": 59777}
{"fold_index": 61, "n_folds": 77, "split": "leave_one_allele_out", "fold": "HLA-B*40:01", "representation": "baseline_plus_unconditional_all", "loss": "mse", "seconds": 1.4948120419867337, "last_batch_loss": 1.4778330326080322, "optimizer_steps": 560, "n_parameters": 60417}
{"fold_index": 62, "n_folds": 77, "split": "leave_one_allele_out", "fold": "HLA-B*40:02", "representation": "baseline_plus_unconditional_mean_logp", "loss": "mse", "seconds": 1.4422989170998335, "last_batch_loss": 1.5796996355056763, "optimizer_steps": 560, "n_parameters": 57281}
{"fold_index": 62, "n_folds": 77, "split": "leave_one_allele_out", "fold": "HLA-B*40:02", "representation": "baseline_plus_unconditional_logp_per_position", "loss": "mse", "seconds": 1.4694769158959389, "last_batch_loss": 1.392837643623352, "optimizer_steps": 560, "n_parameters": 57793}
{"fold_index": 62, "n_folds": 77, "split": "leave_one_allele_out", "fold": "HLA-B*40:02", "representation": "baseline_plus_unconditional_anchor_softmax", "loss": "mse", "seconds": 1.5237005830276757, "last_batch_loss": 1.504940152168274, "optimizer_steps": 560, "n_parameters": 59777}
{"fold_index": 62, "n_folds": 77, "split": "leave_one_allele_out", "fold": "HLA-B*40:02", "representation": "baseline_plus_unconditional_all", "loss": "mse", "seconds": 2.722688375040889, "last_batch_loss": 1.4395302534103394, "optimizer_steps": 560, "n_parameters": 60417}
{"fold_index": 63, "n_folds": 77, "split": "leave_one_allele_out", "fold": "HLA-B*41:01", "representation": "baseline_plus_unconditional_mean_logp", "loss": "mse", "seconds": 1.6063530000392348, "last_batch_loss": 1.3949298858642578, "optimizer_steps": 560, "n_parameters": 57281}
{"fold_index": 63, "n_folds": 77, "split": "leave_one_allele_out", "fold": "HLA-B*41:01", "representation": "baseline_plus_unconditional_logp_per_position", "loss": "mse", "seconds": 1.6729375829454511, "last_batch_loss": 1.5601826906204224, "optimizer_steps": 560, "n_parameters": 57793}
{"fold_index": 63, "n_folds": 77, "split": "leave_one_allele_out", "fold": "HLA-B*41:01", "representation": "baseline_plus_unconditional_anchor_softmax", "loss": "mse", "seconds": 3.3256016669329256, "last_batch_loss": 1.6373815536499023, "optimizer_steps": 560, "n_parameters": 59777}
{"fold_index": 63, "n_folds": 77, "split": "leave_one_allele_out", "fold": "HLA-B*41:01", "representation": "baseline_plus_unconditional_all", "loss": "mse", "seconds": 1.970987959066406, "last_batch_loss": 1.5594483613967896, "optimizer_steps": 560, "n_parameters": 60417}
{"fold_index": 64, "n_folds": 77, "split": "leave_one_allele_out", "fold": "HLA-B*42:01", "representation": "baseline_plus_unconditional_mean_logp", "loss": "mse", "seconds": 1.6457557079847902, "last_batch_loss": 1.310104250907898, "optimizer_steps": 560, "n_parameters": 57281}
{"fold_index": 64, "n_folds": 77, "split": "leave_one_allele_out", "fold": "HLA-B*42:01", "representation": "baseline_plus_unconditional_logp_per_position", "loss": "mse", "seconds": 1.545528082875535, "last_batch_loss": 1.3871201276779175, "optimizer_steps": 560, "n_parameters": 57793}
{"fold_index": 64, "n_folds": 77, "split": "leave_one_allele_out", "fold": "HLA-B*42:01", "representation": "baseline_plus_unconditional_anchor_softmax", "loss": "mse", "seconds": 1.6579350419342518, "last_batch_loss": 1.4454314708709717, "optimizer_steps": 560, "n_parameters": 59777}
{"fold_index": 64, "n_folds": 77, "split": "leave_one_allele_out", "fold": "HLA-B*42:01", "representation": "baseline_plus_unconditional_all", "loss": "mse", "seconds": 1.5697702919133008, "last_batch_loss": 1.5047270059585571, "optimizer_steps": 560, "n_parameters": 60417}
{"fold_index": 65, "n_folds": 77, "split": "leave_one_allele_out", "fold": "HLA-B*42:02", "representation": "baseline_plus_unconditional_mean_logp", "loss": "mse", "seconds": 1.3905887498985976, "last_batch_loss": 1.1557763814926147, "optimizer_steps": 560, "n_parameters": 57281}
{"fold_index": 65, "n_folds": 77, "split": "leave_one_allele_out", "fold": "HLA-B*42:02", "representation": "baseline_plus_unconditional_logp_per_position", "loss": "mse", "seconds": 1.4097882499918342, "last_batch_loss": 1.3319605588912964, "optimizer_steps": 560, "n_parameters": 57793}
{"fold_index": 65, "n_folds": 77, "split": "leave_one_allele_out", "fold": "HLA-B*42:02", "representation": "baseline_plus_unconditional_anchor_softmax", "loss": "mse", "seconds": 1.6437539169564843, "last_batch_loss": 1.3888990879058838, "optimizer_steps": 560, "n_parameters": 59777}
{"fold_index": 65, "n_folds": 77, "split": "leave_one_allele_out", "fold": "HLA-B*42:02", "representation": "baseline_plus_unconditional_all", "loss": "mse", "seconds": 1.557850542012602, "last_batch_loss": 1.2880724668502808, "optimizer_steps": 560, "n_parameters": 60417}
{"fold_index": 66, "n_folds": 77, "split": "leave_one_allele_out", "fold": "HLA-B*44:05", "representation": "baseline_plus_unconditional_mean_logp", "loss": "mse", "seconds": 1.3831806669477373, "last_batch_loss": 1.5664801597595215, "optimizer_steps": 560, "n_parameters": 57281}
{"fold_index": 66, "n_folds": 77, "split": "leave_one_allele_out", "fold": "HLA-B*44:05", "representation": "baseline_plus_unconditional_logp_per_position", "loss": "mse", "seconds": 1.4556047499645501, "last_batch_loss": 1.4327776432037354, "optimizer_steps": 560, "n_parameters": 57793}
{"fold_index": 66, "n_folds": 77, "split": "leave_one_allele_out", "fold": "HLA-B*44:05", "representation": "baseline_plus_unconditional_anchor_softmax", "loss": "mse", "seconds": 1.4562984169460833, "last_batch_loss": 1.2960724830627441, "optimizer_steps": 560, "n_parameters": 59777}
{"fold_index": 66, "n_folds": 77, "split": "leave_one_allele_out", "fold": "HLA-B*44:05", "representation": "baseline_plus_unconditional_all", "loss": "mse", "seconds": 1.557699500117451, "last_batch_loss": 1.6447008848190308, "optimizer_steps": 560, "n_parameters": 60417}
{"fold_index": 67, "n_folds": 77, "split": "leave_one_allele_out", "fold": "HLA-B*45:01", "representation": "baseline_plus_unconditional_mean_logp", "loss": "mse", "seconds": 1.4260866669937968, "last_batch_loss": 1.7806581258773804, "optimizer_steps": 560, "n_parameters": 57281}
{"fold_index": 67, "n_folds": 77, "split": "leave_one_allele_out", "fold": "HLA-B*45:01", "representation": "baseline_plus_unconditional_logp_per_position", "loss": "mse", "seconds": 1.5545491250231862, "last_batch_loss": 1.2850264310836792, "optimizer_steps": 560, "n_parameters": 57793}
{"fold_index": 67, "n_folds": 77, "split": "leave_one_allele_out", "fold": "HLA-B*45:01", "representation": "baseline_plus_unconditional_anchor_softmax", "loss": "mse", "seconds": 1.5927464170381427, "last_batch_loss": 1.5056405067443848, "optimizer_steps": 560, "n_parameters": 59777}
{"fold_index": 67, "n_folds": 77, "split": "leave_one_allele_out", "fold": "HLA-B*45:01", "representation": "baseline_plus_unconditional_all", "loss": "mse", "seconds": 1.4490180420689285, "last_batch_loss": 1.2355163097381592, "optimizer_steps": 560, "n_parameters": 60417}
{"fold_index": 68, "n_folds": 77, "split": "leave_one_allele_out", "fold": "HLA-B*46:01", "representation": "baseline_plus_unconditional_mean_logp", "loss": "mse", "seconds": 1.635551834013313, "last_batch_loss": 1.520037055015564, "optimizer_steps": 560, "n_parameters": 57281}
{"fold_index": 68, "n_folds": 77, "split": "leave_one_allele_out", "fold": "HLA-B*46:01", "representation": "baseline_plus_unconditional_logp_per_position", "loss": "mse", "seconds": 1.470906374976039, "last_batch_loss": 1.7427051067352295, "optimizer_steps": 560, "n_parameters": 57793}
{"fold_index": 68, "n_folds": 77, "split": "leave_one_allele_out", "fold": "HLA-B*46:01", "representation": "baseline_plus_unconditional_anchor_softmax", "loss": "mse", "seconds": 1.4720104159787297, "last_batch_loss": 1.4224960803985596, "optimizer_steps": 560, "n_parameters": 59777}
{"fold_index": 68, "n_folds": 77, "split": "leave_one_allele_out", "fold": "HLA-B*46:01", "representation": "baseline_plus_unconditional_all", "loss": "mse", "seconds": 1.5115235829725862, "last_batch_loss": 1.1945194005966187, "optimizer_steps": 560, "n_parameters": 60417}
{"fold_index": 69, "n_folds": 77, "split": "leave_one_allele_out", "fold": "HLA-B*51:01", "representation": "baseline_plus_unconditional_mean_logp", "loss": "mse", "seconds": 1.4069710839539766, "last_batch_loss": 1.7922548055648804, "optimizer_steps": 560, "n_parameters": 57281}
{"fold_index": 69, "n_folds": 77, "split": "leave_one_allele_out", "fold": "HLA-B*51:01", "representation": "baseline_plus_unconditional_logp_per_position", "loss": "mse", "seconds": 1.5307130829896778, "last_batch_loss": 1.3112391233444214, "optimizer_steps": 560, "n_parameters": 57793}
{"fold_index": 69, "n_folds": 77, "split": "leave_one_allele_out", "fold": "HLA-B*51:01", "representation": "baseline_plus_unconditional_anchor_softmax", "loss": "mse", "seconds": 1.4648678340017796, "last_batch_loss": 2.0391860008239746, "optimizer_steps": 560, "n_parameters": 59777}
{"fold_index": 69, "n_folds": 77, "split": "leave_one_allele_out", "fold": "HLA-B*51:01", "representation": "baseline_plus_unconditional_all", "loss": "mse", "seconds": 1.4433632078580558, "last_batch_loss": 1.2325069904327393, "optimizer_steps": 560, "n_parameters": 60417}
{"fold_index": 70, "n_folds": 77, "split": "leave_one_allele_out", "fold": "HLA-B*54:01", "representation": "baseline_plus_unconditional_mean_logp", "loss": "mse", "seconds": 1.440045083174482, "last_batch_loss": 1.1717301607131958, "optimizer_steps": 560, "n_parameters": 57281}
{"fold_index": 70, "n_folds": 77, "split": "leave_one_allele_out", "fold": "HLA-B*54:01", "representation": "baseline_plus_unconditional_logp_per_position", "loss": "mse", "seconds": 1.4135728750843555, "last_batch_loss": 1.101577639579773, "optimizer_steps": 560, "n_parameters": 57793}
{"fold_index": 70, "n_folds": 77, "split": "leave_one_allele_out", "fold": "HLA-B*54:01", "representation": "baseline_plus_unconditional_anchor_softmax", "loss": "mse", "seconds": 1.4799899999052286, "last_batch_loss": 1.6069051027297974, "optimizer_steps": 560, "n_parameters": 59777}
{"fold_index": 70, "n_folds": 77, "split": "leave_one_allele_out", "fold": "HLA-B*54:01", "representation": "baseline_plus_unconditional_all", "loss": "mse", "seconds": 1.4633863749913871, "last_batch_loss": 1.4250690937042236, "optimizer_steps": 560, "n_parameters": 60417}
{"fold_index": 71, "n_folds": 77, "split": "leave_one_allele_out", "fold": "HLA-B*55:01", "representation": "baseline_plus_unconditional_mean_logp", "loss": "mse", "seconds": 1.4601628750097007, "last_batch_loss": 1.6027015447616577, "optimizer_steps": 560, "n_parameters": 57281}
{"fold_index": 71, "n_folds": 77, "split": "leave_one_allele_out", "fold": "HLA-B*55:01", "representation": "baseline_plus_unconditional_logp_per_position", "loss": "mse", "seconds": 1.5401229171548039, "last_batch_loss": 1.6777554750442505, "optimizer_steps": 560, "n_parameters": 57793}
{"fold_index": 71, "n_folds": 77, "split": "leave_one_allele_out", "fold": "HLA-B*55:01", "representation": "baseline_plus_unconditional_anchor_softmax", "loss": "mse", "seconds": 2.154378042090684, "last_batch_loss": 1.110783338546753, "optimizer_steps": 560, "n_parameters": 59777}
{"fold_index": 71, "n_folds": 77, "split": "leave_one_allele_out", "fold": "HLA-B*55:01", "representation": "baseline_plus_unconditional_all", "loss": "mse", "seconds": 1.6932741249911487, "last_batch_loss": 1.4823476076126099, "optimizer_steps": 560, "n_parameters": 60417}
{"fold_index": 72, "n_folds": 77, "split": "leave_one_allele_out", "fold": "HLA-B*56:01", "representation": "baseline_plus_unconditional_mean_logp", "loss": "mse", "seconds": 1.4359366670250893, "last_batch_loss": 1.5512079000473022, "optimizer_steps": 560, "n_parameters": 57281}
{"fold_index": 72, "n_folds": 77, "split": "leave_one_allele_out", "fold": "HLA-B*56:01", "representation": "baseline_plus_unconditional_logp_per_position", "loss": "mse", "seconds": 1.4044290829915553, "last_batch_loss": 1.297602891921997, "optimizer_steps": 560, "n_parameters": 57793}
{"fold_index": 72, "n_folds": 77, "split": "leave_one_allele_out", "fold": "HLA-B*56:01", "representation": "baseline_plus_unconditional_anchor_softmax", "loss": "mse", "seconds": 1.5081827079411596, "last_batch_loss": 1.5117006301879883, "optimizer_steps": 560, "n_parameters": 59777}
{"fold_index": 72, "n_folds": 77, "split": "leave_one_allele_out", "fold": "HLA-B*56:01", "representation": "baseline_plus_unconditional_all", "loss": "mse", "seconds": 1.4697690419852734, "last_batch_loss": 1.3291902542114258, "optimizer_steps": 560, "n_parameters": 60417}
{"fold_index": 73, "n_folds": 77, "split": "leave_one_allele_out", "fold": "HLA-B*57:01", "representation": "baseline_plus_unconditional_mean_logp", "loss": "mse", "seconds": 1.4012134170625359, "last_batch_loss": 1.375307321548462, "optimizer_steps": 560, "n_parameters": 57281}
{"fold_index": 73, "n_folds": 77, "split": "leave_one_allele_out", "fold": "HLA-B*57:01", "representation": "baseline_plus_unconditional_logp_per_position", "loss": "mse", "seconds": 1.3909692917950451, "last_batch_loss": 1.337935447692871, "optimizer_steps": 560, "n_parameters": 57793}
{"fold_index": 73, "n_folds": 77, "split": "leave_one_allele_out", "fold": "HLA-B*57:01", "representation": "baseline_plus_unconditional_anchor_softmax", "loss": "mse", "seconds": 1.4044000420253724, "last_batch_loss": 1.5193885564804077, "optimizer_steps": 560, "n_parameters": 59777}
{"fold_index": 73, "n_folds": 77, "split": "leave_one_allele_out", "fold": "HLA-B*57:01", "representation": "baseline_plus_unconditional_all", "loss": "mse", "seconds": 1.5190838749986142, "last_batch_loss": 1.4442943334579468, "optimizer_steps": 560, "n_parameters": 60417}
{"fold_index": 74, "n_folds": 77, "split": "leave_one_allele_out", "fold": "HLA-B*57:02", "representation": "baseline_plus_unconditional_mean_logp", "loss": "mse", "seconds": 1.3747070839162916, "last_batch_loss": 1.460307240486145, "optimizer_steps": 560, "n_parameters": 57281}
{"fold_index": 74, "n_folds": 77, "split": "leave_one_allele_out", "fold": "HLA-B*57:02", "representation": "baseline_plus_unconditional_logp_per_position", "loss": "mse", "seconds": 1.5438930841628462, "last_batch_loss": 1.957058072090149, "optimizer_steps": 560, "n_parameters": 57793}
{"fold_index": 74, "n_folds": 77, "split": "leave_one_allele_out", "fold": "HLA-B*57:02", "representation": "baseline_plus_unconditional_anchor_softmax", "loss": "mse", "seconds": 1.4837891249917448, "last_batch_loss": 1.445232629776001, "optimizer_steps": 560, "n_parameters": 59777}
{"fold_index": 74, "n_folds": 77, "split": "leave_one_allele_out", "fold": "HLA-B*57:02", "representation": "baseline_plus_unconditional_all", "loss": "mse", "seconds": 1.454088042024523, "last_batch_loss": 1.6509255170822144, "optimizer_steps": 560, "n_parameters": 60417}
{"fold_index": 75, "n_folds": 77, "split": "leave_one_allele_out", "fold": "HLA-B*57:03", "representation": "baseline_plus_unconditional_mean_logp", "loss": "mse", "seconds": 1.3700090839993209, "last_batch_loss": 1.3402128219604492, "optimizer_steps": 560, "n_parameters": 57281}
{"fold_index": 75, "n_folds": 77, "split": "leave_one_allele_out", "fold": "HLA-B*57:03", "representation": "baseline_plus_unconditional_logp_per_position", "loss": "mse", "seconds": 1.454178832937032, "last_batch_loss": 1.1065738201141357, "optimizer_steps": 560, "n_parameters": 57793}
{"fold_index": 75, "n_folds": 77, "split": "leave_one_allele_out", "fold": "HLA-B*57:03", "representation": "baseline_plus_unconditional_anchor_softmax", "loss": "mse", "seconds": 1.4497257501352578, "last_batch_loss": 1.419662356376648, "optimizer_steps": 560, "n_parameters": 59777}
{"fold_index": 75, "n_folds": 77, "split": "leave_one_allele_out", "fold": "HLA-B*57:03", "representation": "baseline_plus_unconditional_all", "loss": "mse", "seconds": 1.3934852092061192, "last_batch_loss": 1.3668220043182373, "optimizer_steps": 560, "n_parameters": 60417}
{"fold_index": 76, "n_folds": 77, "split": "leave_one_allele_out", "fold": "HLA-B*58:01", "representation": "baseline_plus_unconditional_mean_logp", "loss": "mse", "seconds": 1.4267652919515967, "last_batch_loss": 1.317111611366272, "optimizer_steps": 560, "n_parameters": 57281}
{"fold_index": 76, "n_folds": 77, "split": "leave_one_allele_out", "fold": "HLA-B*58:01", "representation": "baseline_plus_unconditional_logp_per_position", "loss": "mse", "seconds": 1.384286749875173, "last_batch_loss": 1.3141975402832031, "optimizer_steps": 560, "n_parameters": 57793}
{"fold_index": 76, "n_folds": 77, "split": "leave_one_allele_out", "fold": "HLA-B*58:01", "representation": "baseline_plus_unconditional_anchor_softmax", "loss": "mse", "seconds": 1.4821803329978138, "last_batch_loss": 1.8314316272735596, "optimizer_steps": 560, "n_parameters": 59777}
{"fold_index": 76, "n_folds": 77, "split": "leave_one_allele_out", "fold": "HLA-B*58:01", "representation": "baseline_plus_unconditional_all", "loss": "mse", "seconds": 1.4819157088641077, "last_batch_loss": 1.3622562885284424, "optimizer_steps": 560, "n_parameters": 60417}
{"fold_index": 77, "n_folds": 77, "split": "leave_one_allele_out", "fold": "HLA-B*81:01", "representation": "baseline_plus_unconditional_mean_logp", "loss": "mse", "seconds": 1.3770424169488251, "last_batch_loss": 1.4338369369506836, "optimizer_steps": 560, "n_parameters": 57281}
{"fold_index": 77, "n_folds": 77, "split": "leave_one_allele_out", "fold": "HLA-B*81:01", "representation": "baseline_plus_unconditional_logp_per_position", "loss": "mse", "seconds": 1.4283796660602093, "last_batch_loss": 1.3016674518585205, "optimizer_steps": 560, "n_parameters": 57793}
{"fold_index": 77, "n_folds": 77, "split": "leave_one_allele_out", "fold": "HLA-B*81:01", "representation": "baseline_plus_unconditional_anchor_softmax", "loss": "mse", "seconds": 1.3944226659368724, "last_batch_loss": 1.5254671573638916, "optimizer_steps": 560, "n_parameters": 59777}
{"fold_index": 77, "n_folds": 77, "split": "leave_one_allele_out", "fold": "HLA-B*81:01", "representation": "baseline_plus_unconditional_all", "loss": "mse", "seconds": 1.4648813328240067, "last_batch_loss": 1.7896562814712524, "optimizer_steps": 560, "n_parameters": 60417}
Completed full: 157880 prediction rows saved to outputs/baselines/full_unconditional/predictions.csv.gz
