{"fold_index": 1, "n_folds": 77, "split": "random", "fold": "holdout", "representation": "baseline_plus_unconditional_mean_logp", "loss": "mse", "seconds": 0.0827409999910742, "last_batch_loss": 3.276515483856201, "optimizer_steps": 20, "n_parameters": 57281}
{"fold_index": 1, "n_folds": 77, "split": "random", "fold": "holdout", "representation": "baseline_plus_unconditional_logp_per_position", "loss": "mse", "seconds": 0.04552312497980893, "last_batch_loss": 3.0935606956481934, "optimizer_steps": 20, "n_parameters": 57793}
{"fold_index": 1, "n_folds": 77, "split": "random", "fold": "holdout", "representation": "baseline_plus_unconditional_anchor_softmax", "loss": "mse", "seconds": 0.04663545894436538, "last_batch_loss": 3.151015043258667, "optimizer_steps": 20, "n_parameters": 59777}
{"fold_index": 1, "n_folds": 77, "split": "random", "fold": "holdout", "representation": "baseline_plus_unconditional_all", "loss": "mse", "seconds": 0.04781633312813938, "last_batch_loss": 3.050396680831909, "optimizer_steps": 20, "n_parameters": 60417}
{"fold_index": 2, "n_folds": 77, "split": "peptide_disjoint", "fold": "holdout", "representation": "baseline_plus_unconditional_mean_logp", "loss": "mse", "seconds": 0.045848374953493476, "last_batch_loss": 3.3599936962127686, "optimizer_steps": 20, "n_parameters": 57281}
{"fold_index": 2, "n_folds": 77, "split": "peptide_disjoint", "fold": "holdout", "representation": "baseline_plus_unconditional_logp_per_position", "loss": "mse", "seconds": 0.045704832999035716, "last_batch_loss": 3.421935558319092, "optimizer_steps": 20, "n_parameters": 57793}
{"fold_index": 2, "n_folds": 77, "split": "peptide_disjoint", "fold": "holdout", "representation": "baseline_plus_unconditional_anchor_softmax", "loss": "mse", "seconds": 0.04938983405008912, "last_batch_loss": 3.338815689086914, "optimizer_steps": 20, "n_parameters": 59777}
{"fold_index": 2, "n_folds": 77, "split": "peptide_disjoint", "fold": "holdout", "representation": "baseline_plus_unconditional_all", "loss": "mse", "seconds": 0.046457457821816206, "last_batch_loss": 3.0952446460723877, "optimizer_steps": 20, "n_parameters": 60417}
{"fold_index": 3, "n_folds": 77, "split": "leave_one_allele_out", "fold": "HLA-A*01:01", "representation": "baseline_plus_unconditional_mean_logp", "loss": "mse", "seconds": 0.05478208418935537, "last_batch_loss": 3.3245558738708496, "optimizer_steps": 20, "n_parameters": 57281}
{"fold_index": 3, "n_folds": 77, "split": "leave_one_allele_out", "fold": "HLA-A*01:01", "representation": "baseline_plus_unconditional_logp_per_position", "loss": "mse", "seconds": 0.05755733302794397, "last_batch_loss": 3.2722678184509277, "optimizer_steps": 20, "n_parameters": 57793}
{"fold_index": 3, "n_folds": 77, "split": "leave_one_allele_out", "fold": "HLA-A*01:01", "representation": "baseline_plus_unconditional_anchor_softmax", "loss": "mse", "seconds": 0.05567641695961356, "last_batch_loss": 3.029691696166992, "optimizer_steps": 20, "n_parameters": 59777}
{"fold_index": 3, "n_folds": 77, "split": "leave_one_allele_out", "fold": "HLA-A*01:01", "representation": "baseline_plus_unconditional_all", "loss": "mse", "seconds": 0.062013041926547885, "last_batch_loss": 3.163376569747925, "optimizer_steps": 20, "n_parameters": 60417}
{"fold_index": 4, "n_folds": 77, "split": "leave_one_allele_out", "fold": "HLA-A*02:01", "representation": "baseline_plus_unconditional_mean_logp", "loss": "mse", "seconds": 0.08807087503373623, "last_batch_loss": 3.3980441093444824, "optimizer_steps": 20, "n_parameters": 57281}
{"fold_index": 4, "n_folds": 77, "split": "leave_one_allele_out", "fold": "HLA-A*02:01", "representation": "baseline_plus_unconditional_logp_per_position", "loss": "mse", "seconds": 0.05909479106776416, "last_batch_loss": 3.3719818592071533, "optimizer_steps": 20, "n_parameters": 57793}
{"fold_index": 4, "n_folds": 77, "split": "leave_one_allele_out", "fold": "HLA-A*02:01", "representation": "baseline_plus_unconditional_anchor_softmax", "loss": "mse", "seconds": 0.059035500045865774, "last_batch_loss": 3.1012954711914062, "optimizer_steps": 20, "n_parameters": 59777}
{"fold_index": 4, "n_folds": 77, "split": "leave_one_allele_out", "fold": "HLA-A*02:01", "representation": "baseline_plus_unconditional_all", "loss": "mse", "seconds": 0.055940958205610514, "last_batch_loss": 3.1005513668060303, "optimizer_steps": 20, "n_parameters": 60417}
{"fold_index": 5, "n_folds": 77, "split": "leave_one_allele_out", "fold": "HLA-A*02:03", "representation": "baseline_plus_unconditional_mean_logp", "loss": "mse", "seconds": 0.05353129212744534, "last_batch_loss": 3.2855560779571533, "optimizer_steps": 20, "n_parameters": 57281}
{"fold_index": 5, "n_folds": 77, "split": "leave_one_allele_out", "fold": "HLA-A*02:03", "representation": "baseline_plus_unconditional_logp_per_position", "loss": "mse", "seconds": 0.056820707861334085, "last_batch_loss": 3.363565444946289, "optimizer_steps": 20, "n_parameters": 57793}
{"fold_index": 5, "n_folds": 77, "split": "leave_one_allele_out", "fold": "HLA-A*02:03", "representation": "baseline_plus_unconditional_anchor_softmax", "loss": "mse", "seconds": 0.05577941704541445, "last_batch_loss": 3.0870962142944336, "optimizer_steps": 20, "n_parameters": 59777}
{"fold_index": 5, "n_folds": 77, "split": "leave_one_allele_out", "fold": "HLA-A*02:03", "representation": "baseline_plus_unconditional_all", "loss": "mse", "seconds": 0.05645724991336465, "last_batch_loss": 3.190352439880371, "optimizer_steps": 20, "n_parameters": 60417}
{"fold_index": 6, "n_folds": 77, "split": "leave_one_allele_out", "fold": "HLA-A*02:05", "representation": "baseline_plus_unconditional_mean_logp", "loss": "mse", "seconds": 0.05558712501078844, "last_batch_loss": 3.492196798324585, "optimizer_steps": 20, "n_parameters": 57281}
{"fold_index": 6, "n_folds": 77, "split": "leave_one_allele_out", "fold": "HLA-A*02:05", "representation": "baseline_plus_unconditional_logp_per_position", "loss": "mse", "seconds": 0.054684916976839304, "last_batch_loss": 3.379533290863037, "optimizer_steps": 20, "n_parameters": 57793}
{"fold_index": 6, "n_folds": 77, "split": "leave_one_allele_out", "fold": "HLA-A*02:05", "representation": "baseline_plus_unconditional_anchor_softmax", "loss": "mse", "seconds": 0.07175104087218642, "last_batch_loss": 3.135179281234741, "optimizer_steps": 20, "n_parameters": 59777}
{"fold_index": 6, "n_folds": 77, "split": "leave_one_allele_out", "fold": "HLA-A*02:05", "representation": "baseline_plus_unconditional_all", "loss": "mse", "seconds": 0.06151425000280142, "last_batch_loss": 3.087414026260376, "optimizer_steps": 20, "n_parameters": 60417}
{"fold_index": 7, "n_folds": 77, "split": "leave_one_allele_out", "fold": "HLA-A*02:10", "representation": "baseline_plus_unconditional_mean_logp", "loss": "mse", "seconds": 0.055205791955813766, "last_batch_loss": 3.44179368019104, "optimizer_steps": 20, "n_parameters": 57281}
{"fold_index": 7, "n_folds": 77, "split": "leave_one_allele_out", "fold": "HLA-A*02:10", "representation": "baseline_plus_unconditional_logp_per_position", "loss": "mse", "seconds": 0.05530195799656212, "last_batch_loss": 3.467954158782959, "optimizer_steps": 20, "n_parameters": 57793}
{"fold_index": 7, "n_folds": 77, "split": "leave_one_allele_out", "fold": "HLA-A*02:10", "representation": "baseline_plus_unconditional_anchor_softmax", "loss": "mse", "seconds": 0.06434437492862344, "last_batch_loss": 3.186084508895874, "optimizer_steps": 20, "n_parameters": 59777}
{"fold_index": 7, "n_folds": 77, "split": "leave_one_allele_out", "fold": "HLA-A*02:10", "representation": "baseline_plus_unconditional_all", "loss": "mse", "seconds": 0.05565716698765755, "last_batch_loss": 3.0279428958892822, "optimizer_steps": 20, "n_parameters": 60417}
{"fold_index": 8, "n_folds": 77, "split": "leave_one_allele_out", "fold": "HLA-A*02:11", "representation": "baseline_plus_unconditional_mean_logp", "loss": "mse", "seconds": 0.055518124951049685, "last_batch_loss": 3.4011266231536865, "optimizer_steps": 20, "n_parameters": 57281}
{"fold_index": 8, "n_folds": 77, "split": "leave_one_allele_out", "fold": "HLA-A*02:11", "representation": "baseline_plus_unconditional_logp_per_position", "loss": "mse", "seconds": 0.05449108290486038, "last_batch_loss": 3.2502243518829346, "optimizer_steps": 20, "n_parameters": 57793}
{"fold_index": 8, "n_folds": 77, "split": "leave_one_allele_out", "fold": "HLA-A*02:11", "representation": "baseline_plus_unconditional_anchor_softmax", "loss": "mse", "seconds": 0.05581237515434623, "last_batch_loss": 3.20268177986145, "optimizer_steps": 20, "n_parameters": 59777}
{"fold_index": 8, "n_folds": 77, "split": "leave_one_allele_out", "fold": "HLA-A*02:11", "representation": "baseline_plus_unconditional_all", "loss": "mse", "seconds": 0.05567362508736551, "last_batch_loss": 3.0154173374176025, "optimizer_steps": 20, "n_parameters": 60417}
{"fold_index": 9, "n_folds": 77, "split": "leave_one_allele_out", "fold": "HLA-A*02:12", "representation": "baseline_plus_unconditional_mean_logp", "loss": "mse", "seconds": 0.05368512496352196, "last_batch_loss": 3.3666648864746094, "optimizer_steps": 20, "n_parameters": 57281}
{"fold_index": 9, "n_folds": 77, "split": "leave_one_allele_out", "fold": "HLA-A*02:12", "representation": "baseline_plus_unconditional_logp_per_position", "loss": "mse", "seconds": 0.05480358307249844, "last_batch_loss": 3.4650726318359375, "optimizer_steps": 20, "n_parameters": 57793}
{"fold_index": 9, "n_folds": 77, "split": "leave_one_allele_out", "fold": "HLA-A*02:12", "representation": "baseline_plus_unconditional_anchor_softmax", "loss": "mse", "seconds": 0.05347608285956085, "last_batch_loss": 3.04097843170166, "optimizer_steps": 20, "n_parameters": 59777}
{"fold_index": 9, "n_folds": 77, "split": "leave_one_allele_out", "fold": "HLA-A*02:12", "representation": "baseline_plus_unconditional_all", "loss": "mse", "seconds": 0.052107458002865314, "last_batch_loss": 3.0195086002349854, "optimizer_steps": 20, "n_parameters": 60417}
{"fold_index": 10, "n_folds": 77, "split": "leave_one_allele_out", "fold": "HLA-A*02:16", "representation": "baseline_plus_unconditional_mean_logp", "loss": "mse", "seconds": 0.052827749866992235, "last_batch_loss": 3.454791784286499, "optimizer_steps": 20, "n_parameters": 57281}
{"fold_index": 10, "n_folds": 77, "split": "leave_one_allele_out", "fold": "HLA-A*02:16", "representation": "baseline_plus_unconditional_logp_per_position", "loss": "mse", "seconds": 0.05384720885194838, "last_batch_loss": 3.358501672744751, "optimizer_steps": 20, "n_parameters": 57793}
{"fold_index": 10, "n_folds": 77, "split": "leave_one_allele_out", "fold": "HLA-A*02:16", "representation": "baseline_plus_unconditional_anchor_softmax", "loss": "mse", "seconds": 0.07223587506450713, "last_batch_loss": 3.100050210952759, "optimizer_steps": 20, "n_parameters": 59777}
{"fold_index": 10, "n_folds": 77, "split": "leave_one_allele_out", "fold": "HLA-A*02:16", "representation": "baseline_plus_unconditional_all", "loss": "mse", "seconds": 0.06526933400891721, "last_batch_loss": 3.0138192176818848, "optimizer_steps": 20, "n_parameters": 60417}
{"fold_index": 11, "n_folds": 77, "split": "leave_one_allele_out", "fold": "HLA-A*02:19", "representation": "baseline_plus_unconditional_mean_logp", "loss": "mse", "seconds": 0.052123500034213066, "last_batch_loss": 3.173952579498291, "optimizer_steps": 20, "n_parameters": 57281}
{"fold_index": 11, "n_folds": 77, "split": "leave_one_allele_out", "fold": "HLA-A*02:19", "representation": "baseline_plus_unconditional_logp_per_position", "loss": "mse", "seconds": 0.056482624961063266, "last_batch_loss": 3.202718496322632, "optimizer_steps": 20, "n_parameters": 57793}
{"fold_index": 11, "n_folds": 77, "split": "leave_one_allele_out", "fold": "HLA-A*02:19", "representation": "baseline_plus_unconditional_anchor_softmax", "loss": "mse", "seconds": 0.05591979203745723, "last_batch_loss": 3.232973098754883, "optimizer_steps": 20, "n_parameters": 59777}
{"fold_index": 11, "n_folds": 77, "split": "leave_one_allele_out", "fold": "HLA-A*02:19", "representation": "baseline_plus_unconditional_all", "loss": "mse", "seconds": 0.05720295803621411, "last_batch_loss": 3.222344160079956, "optimizer_steps": 20, "n_parameters": 60417}
{"fold_index": 12, "n_folds": 77, "split": "leave_one_allele_out", "fold": "HLA-A*02:50", "representation": "baseline_plus_unconditional_mean_logp", "loss": "mse", "seconds": 0.056893666042014956, "last_batch_loss": 3.333159923553467, "optimizer_steps": 20, "n_parameters": 57281}
{"fold_index": 12, "n_folds": 77, "split": "leave_one_allele_out", "fold": "HLA-A*02:50", "representation": "baseline_plus_unconditional_logp_per_position", "loss": "mse", "seconds": 0.053966666804626584, "last_batch_loss": 3.219245195388794, "optimizer_steps": 20, "n_parameters": 57793}
{"fold_index": 12, "n_folds": 77, "split": "leave_one_allele_out", "fold": "HLA-A*02:50", "representation": "baseline_plus_unconditional_anchor_softmax", "loss": "mse", "seconds": 0.09705312503501773, "last_batch_loss": 3.2093429565429688, "optimizer_steps": 20, "n_parameters": 59777}
{"fold_index": 12, "n_folds": 77, "split": "leave_one_allele_out", "fold": "HLA-A*02:50", "representation": "baseline_plus_unconditional_all", "loss": "mse", "seconds": 0.037617916939780116, "last_batch_loss": 3.0777015686035156, "optimizer_steps": 20, "n_parameters": 60417}
{"fold_index": 13, "n_folds": 77, "split": "leave_one_allele_out", "fold": "HLA-A*03:01", "representation": "baseline_plus_unconditional_mean_logp", "loss": "mse", "seconds": 0.03714029095135629, "last_batch_loss": 3.3683643341064453, "optimizer_steps": 20, "n_parameters": 57281}
{"fold_index": 13, "n_folds": 77, "split": "leave_one_allele_out", "fold": "HLA-A*03:01", "representation": "baseline_plus_unconditional_logp_per_position", "loss": "mse", "seconds": 0.05689679202623665, "last_batch_loss": 3.246802806854248, "optimizer_steps": 20, "n_parameters": 57793}
{"fold_index": 13, "n_folds": 77, "split": "leave_one_allele_out", "fold": "HLA-A*03:01", "representation": "baseline_plus_unconditional_anchor_softmax", "loss": "mse", "seconds": 0.06070229201577604, "last_batch_loss": 3.1526730060577393, "optimizer_steps": 20, "n_parameters": 59777}
{"fold_index": 13, "n_folds": 77, "split": "leave_one_allele_out", "fold": "HLA-A*03:01", "representation": "baseline_plus_unconditional_all", "loss": "mse", "seconds": 0.06509041716344655, "last_batch_loss": 2.9300460815429688, "optimizer_steps": 20, "n_parameters": 60417}
{"fold_index": 14, "n_folds": 77, "split": "leave_one_allele_out", "fold": "HLA-A*11:01", "representation": "baseline_plus_unconditional_mean_logp", "loss": "mse", "seconds": 0.05005600000731647, "last_batch_loss": 3.293900489807129, "optimizer_steps": 20, "n_parameters": 57281}
{"fold_index": 14, "n_folds": 77, "split": "leave_one_allele_out", "fold": "HLA-A*11:01", "representation": "baseline_plus_unconditional_logp_per_position", "loss": "mse", "seconds": 0.06760066701099277, "last_batch_loss": 3.2769877910614014, "optimizer_steps": 20, "n_parameters": 57793}
{"fold_index": 14, "n_folds": 77, "split": "leave_one_allele_out", "fold": "HLA-A*11:01", "representation": "baseline_plus_unconditional_anchor_softmax", "loss": "mse", "seconds": 0.06534266588278115, "last_batch_loss": 2.998136520385742, "optimizer_steps": 20, "n_parameters": 59777}
{"fold_index": 14, "n_folds": 77, "split": "leave_one_allele_out", "fold": "HLA-A*11:01", "representation": "baseline_plus_unconditional_all", "loss": "mse", "seconds": 0.06141387508250773, "last_batch_loss": 2.9040462970733643, "optimizer_steps": 20, "n_parameters": 60417}
{"fold_index": 15, "n_folds": 77, "split": "leave_one_allele_out", "fold": "HLA-A*23:01", "representation": "baseline_plus_unconditional_mean_logp", "loss": "mse", "seconds": 0.07723750011064112, "last_batch_loss": 3.3221001625061035, "optimizer_steps": 20, "n_parameters": 57281}
{"fold_index": 15, "n_folds": 77, "split": "leave_one_allele_out", "fold": "HLA-A*23:01", "representation": "baseline_plus_unconditional_logp_per_position", "loss": "mse", "seconds": 0.09155283309519291, "last_batch_loss": 3.2583467960357666, "optimizer_steps": 20, "n_parameters": 57793}
{"fold_index": 15, "n_folds": 77, "split": "leave_one_allele_out", "fold": "HLA-A*23:01", "representation": "baseline_plus_unconditional_anchor_softmax", "loss": "mse", "seconds": 0.04858712502755225, "last_batch_loss": 3.1949119567871094, "optimizer_steps": 20, "n_parameters": 59777}
{"fold_index": 15, "n_folds": 77, "split": "leave_one_allele_out", "fold": "HLA-A*23:01", "representation": "baseline_plus_unconditional_all", "loss": "mse", "seconds": 0.07202787511050701, "last_batch_loss": 3.062563419342041, "optimizer_steps": 20, "n_parameters": 60417}
{"fold_index": 16, "n_folds": 77, "split": "leave_one_allele_out", "fold": "HLA-A*24:02", "representation": "baseline_plus_unconditional_mean_logp", "loss": "mse", "seconds": 0.052276958944275975, "last_batch_loss": 3.4075465202331543, "optimizer_steps": 20, "n_parameters": 57281}
{"fold_index": 16, "n_folds": 77, "split": "leave_one_allele_out", "fold": "HLA-A*24:02", "representation": "baseline_plus_unconditional_logp_per_position", "loss": "mse", "seconds": 0.0680572499986738, "last_batch_loss": 3.3287012577056885, "optimizer_steps": 20, "n_parameters": 57793}
{"fold_index": 16, "n_folds": 77, "split": "leave_one_allele_out", "fold": "HLA-A*24:02", "representation": "baseline_plus_unconditional_anchor_softmax", "loss": "mse", "seconds": 0.05383670818991959, "last_batch_loss": 3.221836566925049, "optimizer_steps": 20, "n_parameters": 59777}
{"fold_index": 16, "n_folds": 77, "split": "leave_one_allele_out", "fold": "HLA-A*24:02", "representation": "baseline_plus_unconditional_all", "loss": "mse", "seconds": 0.06351666687987745, "last_batch_loss": 3.1472954750061035, "optimizer_steps": 20, "n_parameters": 60417}
{"fold_index": 17, "n_folds": 77, "split": "leave_one_allele_out", "fold": "HLA-A*24:03", "representation": "baseline_plus_unconditional_mean_logp", "loss": "mse", "seconds": 0.05228741583414376, "last_batch_loss": 3.4254376888275146, "optimizer_steps": 20, "n_parameters": 57281}
{"fold_index": 17, "n_folds": 77, "split": "leave_one_allele_out", "fold": "HLA-A*24:03", "representation": "baseline_plus_unconditional_logp_per_position", "loss": "mse", "seconds": 0.06736629200167954, "last_batch_loss": 3.407520294189453, "optimizer_steps": 20, "n_parameters": 57793}
{"fold_index": 17, "n_folds": 77, "split": "leave_one_allele_out", "fold": "HLA-A*24:03", "representation": "baseline_plus_unconditional_anchor_softmax", "loss": "mse", "seconds": 0.05629462515935302, "last_batch_loss": 3.198936939239502, "optimizer_steps": 20, "n_parameters": 59777}
{"fold_index": 17, "n_folds": 77, "split": "leave_one_allele_out", "fold": "HLA-A*24:03", "representation": "baseline_plus_unconditional_all", "loss": "mse", "seconds": 0.06092866696417332, "last_batch_loss": 3.056426763534546, "optimizer_steps": 20, "n_parameters": 60417}
{"fold_index": 18, "n_folds": 77, "split": "leave_one_allele_out", "fold": "HLA-A*24:07", "representation": "baseline_plus_unconditional_mean_logp", "loss": "mse", "seconds": 0.08668487495742738, "last_batch_loss": 3.3449907302856445, "optimizer_steps": 20, "n_parameters": 57281}
{"fold_index": 18, "n_folds": 77, "split": "leave_one_allele_out", "fold": "HLA-A*24:07", "representation": "baseline_plus_unconditional_logp_per_position", "loss": "mse", "seconds": 0.059912375174462795, "last_batch_loss": 3.1852784156799316, "optimizer_steps": 20, "n_parameters": 57793}
{"fold_index": 18, "n_folds": 77, "split": "leave_one_allele_out", "fold": "HLA-A*24:07", "representation": "baseline_plus_unconditional_anchor_softmax", "loss": "mse", "seconds": 0.07066983403638005, "last_batch_loss": 3.0598580837249756, "optimizer_steps": 20, "n_parameters": 59777}
{"fold_index": 18, "n_folds": 77, "split": "leave_one_allele_out", "fold": "HLA-A*24:07", "representation": "baseline_plus_unconditional_all", "loss": "mse", "seconds": 0.06120716710574925, "last_batch_loss": 3.169867992401123, "optimizer_steps": 20, "n_parameters": 60417}
{"fold_index": 19, "n_folds": 77, "split": "leave_one_allele_out", "fold": "HLA-A*24:19", "representation": "baseline_plus_unconditional_mean_logp", "loss": "mse", "seconds": 0.0557411250192672, "last_batch_loss": 3.2290215492248535, "optimizer_steps": 20, "n_parameters": 57281}
{"fold_index": 19, "n_folds": 77, "split": "leave_one_allele_out", "fold": "HLA-A*24:19", "representation": "baseline_plus_unconditional_logp_per_position", "loss": "mse", "seconds": 0.048213041853159666, "last_batch_loss": 3.1913888454437256, "optimizer_steps": 20, "n_parameters": 57793}
{"fold_index": 19, "n_folds": 77, "split": "leave_one_allele_out", "fold": "HLA-A*24:19", "representation": "baseline_plus_unconditional_anchor_softmax", "loss": "mse", "seconds": 0.048049208940938115, "last_batch_loss": 3.096668243408203, "optimizer_steps": 20, "n_parameters": 59777}
{"fold_index": 19, "n_folds": 77, "split": "leave_one_allele_out", "fold": "HLA-A*24:19", "representation": "baseline_plus_unconditional_all", "loss": "mse", "seconds": 0.06928091589361429, "last_batch_loss": 3.041614055633545, "optimizer_steps": 20, "n_parameters": 60417}
{"fold_index": 20, "n_folds": 77, "split": "leave_one_allele_out", "fold": "HLA-A*25:01", "representation": "baseline_plus_unconditional_mean_logp", "loss": "mse", "seconds": 0.05182866705581546, "last_batch_loss": 3.28238582611084, "optimizer_steps": 20, "n_parameters": 57281}
{"fold_index": 20, "n_folds": 77, "split": "leave_one_allele_out", "fold": "HLA-A*25:01", "representation": "baseline_plus_unconditional_logp_per_position", "loss": "mse", "seconds": 0.04606283409520984, "last_batch_loss": 3.22590970993042, "optimizer_steps": 20, "n_parameters": 57793}
{"fold_index": 20, "n_folds": 77, "split": "leave_one_allele_out", "fold": "HLA-A*25:01", "representation": "baseline_plus_unconditional_anchor_softmax", "loss": "mse", "seconds": 0.058695000130683184, "last_batch_loss": 3.260136842727661, "optimizer_steps": 20, "n_parameters": 59777}
{"fold_index": 20, "n_folds": 77, "split": "leave_one_allele_out", "fold": "HLA-A*25:01", "representation": "baseline_plus_unconditional_all", "loss": "mse", "seconds": 0.058274999959394336, "last_batch_loss": 3.0836753845214844, "optimizer_steps": 20, "n_parameters": 60417}
{"fold_index": 21, "n_folds": 77, "split": "leave_one_allele_out", "fold": "HLA-A*26:01", "representation": "baseline_plus_unconditional_mean_logp", "loss": "mse", "seconds": 0.04739937512204051, "last_batch_loss": 3.402047634124756, "optimizer_steps": 20, "n_parameters": 57281}
{"fold_index": 21, "n_folds": 77, "split": "leave_one_allele_out", "fold": "HLA-A*26:01", "representation": "baseline_plus_unconditional_logp_per_position", "loss": "mse", "seconds": 0.07080820901319385, "last_batch_loss": 3.333770990371704, "optimizer_steps": 20, "n_parameters": 57793}
{"fold_index": 21, "n_folds": 77, "split": "leave_one_allele_out", "fold": "HLA-A*26:01", "representation": "baseline_plus_unconditional_anchor_softmax", "loss": "mse", "seconds": 0.053071457892656326, "last_batch_loss": 3.188472032546997, "optimizer_steps": 20, "n_parameters": 59777}
{"fold_index": 21, "n_folds": 77, "split": "leave_one_allele_out", "fold": "HLA-A*26:01", "representation": "baseline_plus_unconditional_all", "loss": "mse", "seconds": 0.062156207859516144, "last_batch_loss": 2.9647321701049805, "optimizer_steps": 20, "n_parameters": 60417}
{"fold_index": 22, "n_folds": 77, "split": "leave_one_allele_out", "fold": "HLA-A*26:02", "representation": "baseline_plus_unconditional_mean_logp", "loss": "mse", "seconds": 0.06503791594877839, "last_batch_loss": 3.379448413848877, "optimizer_steps": 20, "n_parameters": 57281}
{"fold_index": 22, "n_folds": 77, "split": "leave_one_allele_out", "fold": "HLA-A*26:02", "representation": "baseline_plus_unconditional_logp_per_position", "loss": "mse", "seconds": 0.04555162484757602, "last_batch_loss": 3.2885124683380127, "optimizer_steps": 20, "n_parameters": 57793}
{"fold_index": 22, "n_folds": 77, "split": "leave_one_allele_out", "fold": "HLA-A*26:02", "representation": "baseline_plus_unconditional_anchor_softmax", "loss": "mse", "seconds": 0.049633416114374995, "last_batch_loss": 3.1093344688415527, "optimizer_steps": 20, "n_parameters": 59777}
{"fold_index": 22, "n_folds": 77, "split": "leave_one_allele_out", "fold": "HLA-A*26:02", "representation": "baseline_plus_unconditional_all", "loss": "mse", "seconds": 0.047470750054344535, "last_batch_loss": 3.049544095993042, "optimizer_steps": 20, "n_parameters": 60417}
{"fold_index": 23, "n_folds": 77, "split": "leave_one_allele_out", "fold": "HLA-A*26:03", "representation": "baseline_plus_unconditional_mean_logp", "loss": "mse", "seconds": 0.04691079189069569, "last_batch_loss": 3.3620080947875977, "optimizer_steps": 20, "n_parameters": 57281}
{"fold_index": 23, "n_folds": 77, "split": "leave_one_allele_out", "fold": "HLA-A*26:03", "representation": "baseline_plus_unconditional_logp_per_position", "loss": "mse", "seconds": 0.0652233341243118, "last_batch_loss": 3.217583417892456, "optimizer_steps": 20, "n_parameters": 57793}
{"fold_index": 23, "n_folds": 77, "split": "leave_one_allele_out", "fold": "HLA-A*26:03", "representation": "baseline_plus_unconditional_anchor_softmax", "loss": "mse", "seconds": 0.06020970898680389, "last_batch_loss": 3.1213290691375732, "optimizer_steps": 20, "n_parameters": 59777}
{"fold_index": 23, "n_folds": 77, "split": "leave_one_allele_out", "fold": "HLA-A*26:03", "representation": "baseline_plus_unconditional_all", "loss": "mse", "seconds": 0.049321250058710575, "last_batch_loss": 3.130509376525879, "optimizer_steps": 20, "n_parameters": 60417}
{"fold_index": 24, "n_folds": 77, "split": "leave_one_allele_out", "fold": "HLA-A*29:02", "representation": "baseline_plus_unconditional_mean_logp", "loss": "mse", "seconds": 0.04649854218587279, "last_batch_loss": 3.230013608932495, "optimizer_steps": 20, "n_parameters": 57281}
{"fold_index": 24, "n_folds": 77, "split": "leave_one_allele_out", "fold": "HLA-A*29:02", "representation": "baseline_plus_unconditional_logp_per_position", "loss": "mse", "seconds": 0.05913541582413018, "last_batch_loss": 3.3210628032684326, "optimizer_steps": 20, "n_parameters": 57793}
{"fold_index": 24, "n_folds": 77, "split": "leave_one_allele_out", "fold": "HLA-A*29:02", "representation": "baseline_plus_unconditional_anchor_softmax", "loss": "mse", "seconds": 0.05802387488074601, "last_batch_loss": 3.1951730251312256, "optimizer_steps": 20, "n_parameters": 59777}
{"fold_index": 24, "n_folds": 77, "split": "leave_one_allele_out", "fold": "HLA-A*29:02", "representation": "baseline_plus_unconditional_all", "loss": "mse", "seconds": 0.048165832879021764, "last_batch_loss": 3.2195651531219482, "optimizer_steps": 20, "n_parameters": 60417}
{"fold_index": 25, "n_folds": 77, "split": "leave_one_allele_out", "fold": "HLA-A*30:01", "representation": "baseline_plus_unconditional_mean_logp", "loss": "mse", "seconds": 0.09582687495276332, "last_batch_loss": 3.4895403385162354, "optimizer_steps": 20, "n_parameters": 57281}
{"fold_index": 25, "n_folds": 77, "split": "leave_one_allele_out", "fold": "HLA-A*30:01", "representation": "baseline_plus_unconditional_logp_per_position", "loss": "mse", "seconds": 0.04751499998383224, "last_batch_loss": 3.3242499828338623, "optimizer_steps": 20, "n_parameters": 57793}
{"fold_index": 25, "n_folds": 77, "split": "leave_one_allele_out", "fold": "HLA-A*30:01", "representation": "baseline_plus_unconditional_anchor_softmax", "loss": "mse", "seconds": 0.06428962503559887, "last_batch_loss": 3.1247565746307373, "optimizer_steps": 20, "n_parameters": 59777}
{"fold_index": 25, "n_folds": 77, "split": "leave_one_allele_out", "fold": "HLA-A*30:01", "representation": "baseline_plus_unconditional_all", "loss": "mse", "seconds": 0.055016665952280164, "last_batch_loss": 3.072901725769043, "optimizer_steps": 20, "n_parameters": 60417}
{"fold_index": 26, "n_folds": 77, "split": "leave_one_allele_out", "fold": "HLA-A*30:02", "representation": "baseline_plus_unconditional_mean_logp", "loss": "mse", "seconds": 0.06522562494501472, "last_batch_loss": 3.3729214668273926, "optimizer_steps": 20, "n_parameters": 57281}
{"fold_index": 26, "n_folds": 77, "split": "leave_one_allele_out", "fold": "HLA-A*30:02", "representation": "baseline_plus_unconditional_logp_per_position", "loss": "mse", "seconds": 0.0439197919331491, "last_batch_loss": 3.2582409381866455, "optimizer_steps": 20, "n_parameters": 57793}
{"fold_index": 26, "n_folds": 77, "split": "leave_one_allele_out", "fold": "HLA-A*30:02", "representation": "baseline_plus_unconditional_anchor_softmax", "loss": "mse", "seconds": 0.040221290895715356, "last_batch_loss": 3.114189863204956, "optimizer_steps": 20, "n_parameters": 59777}
{"fold_index": 26, "n_folds": 77, "split": "leave_one_allele_out", "fold": "HLA-A*30:02", "representation": "baseline_plus_unconditional_all", "loss": "mse", "seconds": 0.04849900002591312, "last_batch_loss": 3.0934815406799316, "optimizer_steps": 20, "n_parameters": 60417}
{"fold_index": 27, "n_folds": 77, "split": "leave_one_allele_out", "fold": "HLA-A*31:01", "representation": "baseline_plus_unconditional_mean_logp", "loss": "mse", "seconds": 0.046010749880224466, "last_batch_loss": 3.3841798305511475, "optimizer_steps": 20, "n_parameters": 57281}
{"fold_index": 27, "n_folds": 77, "split": "leave_one_allele_out", "fold": "HLA-A*31:01", "representation": "baseline_plus_unconditional_logp_per_position", "loss": "mse", "seconds": 0.05895995907485485, "last_batch_loss": 3.33335018157959, "optimizer_steps": 20, "n_parameters": 57793}
{"fold_index": 27, "n_folds": 77, "split": "leave_one_allele_out", "fold": "HLA-A*31:01", "representation": "baseline_plus_unconditional_anchor_softmax", "loss": "mse", "seconds": 0.05670666694641113, "last_batch_loss": 3.2187278270721436, "optimizer_steps": 20, "n_parameters": 59777}
{"fold_index": 27, "n_folds": 77, "split": "leave_one_allele_out", "fold": "HLA-A*31:01", "representation": "baseline_plus_unconditional_all", "loss": "mse", "seconds": 0.05971674993634224, "last_batch_loss": 3.1315388679504395, "optimizer_steps": 20, "n_parameters": 60417}
{"fold_index": 28, "n_folds": 77, "split": "leave_one_allele_out", "fold": "HLA-A*32:01", "representation": "baseline_plus_unconditional_mean_logp", "loss": "mse", "seconds": 0.04547958308830857, "last_batch_loss": 3.2790627479553223, "optimizer_steps": 20, "n_parameters": 57281}
{"fold_index": 28, "n_folds": 77, "split": "leave_one_allele_out", "fold": "HLA-A*32:01", "representation": "baseline_plus_unconditional_logp_per_position", "loss": "mse", "seconds": 0.0546058330219239, "last_batch_loss": 3.223418951034546, "optimizer_steps": 20, "n_parameters": 57793}
{"fold_index": 28, "n_folds": 77, "split": "leave_one_allele_out", "fold": "HLA-A*32:01", "representation": "baseline_plus_unconditional_anchor_softmax", "loss": "mse", "seconds": 0.04818429099395871, "last_batch_loss": 3.1288726329803467, "optimizer_steps": 20, "n_parameters": 59777}
{"fold_index": 28, "n_folds": 77, "split": "leave_one_allele_out", "fold": "HLA-A*32:01", "representation": "baseline_plus_unconditional_all", "loss": "mse", "seconds": 0.055797583190724254, "last_batch_loss": 3.0660812854766846, "optimizer_steps": 20, "n_parameters": 60417}
{"fold_index": 29, "n_folds": 77, "split": "leave_one_allele_out", "fold": "HLA-A*32:07", "representation": "baseline_plus_unconditional_mean_logp", "loss": "mse", "seconds": 0.04649933287873864, "last_batch_loss": 3.3279905319213867, "optimizer_steps": 20, "n_parameters": 57281}
{"fold_index": 29, "n_folds": 77, "split": "leave_one_allele_out", "fold": "HLA-A*32:07", "representation": "baseline_plus_unconditional_logp_per_position", "loss": "mse", "seconds": 0.0539659159258008, "last_batch_loss": 3.3242275714874268, "optimizer_steps": 20, "n_parameters": 57793}
{"fold_index": 29, "n_folds": 77, "split": "leave_one_allele_out", "fold": "HLA-A*32:07", "representation": "baseline_plus_unconditional_anchor_softmax", "loss": "mse", "seconds": 0.05629179207608104, "last_batch_loss": 3.072934150695801, "optimizer_steps": 20, "n_parameters": 59777}
{"fold_index": 29, "n_folds": 77, "split": "leave_one_allele_out", "fold": "HLA-A*32:07", "representation": "baseline_plus_unconditional_all", "loss": "mse", "seconds": 0.05427329218946397, "last_batch_loss": 3.049839735031128, "optimizer_steps": 20, "n_parameters": 60417}
{"fold_index": 30, "n_folds": 77, "split": "leave_one_allele_out", "fold": "HLA-A*33:03", "representation": "baseline_plus_unconditional_mean_logp", "loss": "mse", "seconds": 0.04769958299584687, "last_batch_loss": 3.403053045272827, "optimizer_steps": 20, "n_parameters": 57281}
{"fold_index": 30, "n_folds": 77, "split": "leave_one_allele_out", "fold": "HLA-A*33:03", "representation": "baseline_plus_unconditional_logp_per_position", "loss": "mse", "seconds": 0.059975999873131514, "last_batch_loss": 3.2721946239471436, "optimizer_steps": 20, "n_parameters": 57793}
{"fold_index": 30, "n_folds": 77, "split": "leave_one_allele_out", "fold": "HLA-A*33:03", "representation": "baseline_plus_unconditional_anchor_softmax", "loss": "mse", "seconds": 0.05013404181227088, "last_batch_loss": 3.096853733062744, "optimizer_steps": 20, "n_parameters": 59777}
{"fold_index": 30, "n_folds": 77, "split": "leave_one_allele_out", "fold": "HLA-A*33:03", "representation": "baseline_plus_unconditional_all", "loss": "mse", "seconds": 0.0398098339792341, "last_batch_loss": 3.0463173389434814, "optimizer_steps": 20, "n_parameters": 60417}
{"fold_index": 31, "n_folds": 77, "split": "leave_one_allele_out", "fold": "HLA-A*43:01", "representation": "baseline_plus_unconditional_mean_logp", "loss": "mse", "seconds": 0.06640687491744757, "last_batch_loss": 3.3919718265533447, "optimizer_steps": 20, "n_parameters": 57281}
{"fold_index": 31, "n_folds": 77, "split": "leave_one_allele_out", "fold": "HLA-A*43:01", "representation": "baseline_plus_unconditional_logp_per_position", "loss": "mse", "seconds": 0.05425404105335474, "last_batch_loss": 3.2445976734161377, "optimizer_steps": 20, "n_parameters": 57793}
{"fold_index": 31, "n_folds": 77, "split": "leave_one_allele_out", "fold": "HLA-A*43:01", "representation": "baseline_plus_unconditional_anchor_softmax", "loss": "mse", "seconds": 0.05215187510475516, "last_batch_loss": 3.177152633666992, "optimizer_steps": 20, "n_parameters": 59777}
{"fold_index": 31, "n_folds": 77, "split": "leave_one_allele_out", "fold": "HLA-A*43:01", "representation": "baseline_plus_unconditional_all", "loss": "mse", "seconds": 0.054531625006347895, "last_batch_loss": 2.980135679244995, "optimizer_steps": 20, "n_parameters": 60417}
{"fold_index": 32, "n_folds": 77, "split": "leave_one_allele_out", "fold": "HLA-A*66:01", "representation": "baseline_plus_unconditional_mean_logp", "loss": "mse", "seconds": 0.05080029112286866, "last_batch_loss": 3.399458646774292, "optimizer_steps": 20, "n_parameters": 57281}
{"fold_index": 32, "n_folds": 77, "split": "leave_one_allele_out", "fold": "HLA-A*66:01", "representation": "baseline_plus_unconditional_logp_per_position", "loss": "mse", "seconds": 0.06903449981473386, "last_batch_loss": 3.408679246902466, "optimizer_steps": 20, "n_parameters": 57793}
{"fold_index": 32, "n_folds": 77, "split": "leave_one_allele_out", "fold": "HLA-A*66:01", "representation": "baseline_plus_unconditional_anchor_softmax", "loss": "mse", "seconds": 0.0628315000794828, "last_batch_loss": 3.050262928009033, "optimizer_steps": 20, "n_parameters": 59777}
{"fold_index": 32, "n_folds": 77, "split": "leave_one_allele_out", "fold": "HLA-A*66:01", "representation": "baseline_plus_unconditional_all", "loss": "mse", "seconds": 0.06649754196405411, "last_batch_loss": 3.0757791996002197, "optimizer_steps": 20, "n_parameters": 60417}
{"fold_index": 33, "n_folds": 77, "split": "leave_one_allele_out", "fold": "HLA-A*68:01", "representation": "baseline_plus_unconditional_mean_logp", "loss": "mse", "seconds": 0.05369945801794529, "last_batch_loss": 3.2192201614379883, "optimizer_steps": 20, "n_parameters": 57281}
{"fold_index": 33, "n_folds": 77, "split": "leave_one_allele_out", "fold": "HLA-A*68:01", "representation": "baseline_plus_unconditional_logp_per_position", "loss": "mse", "seconds": 0.05445604189299047, "last_batch_loss": 3.2089223861694336, "optimizer_steps": 20, "n_parameters": 57793}
{"fold_index": 33, "n_folds": 77, "split": "leave_one_allele_out", "fold": "HLA-A*68:01", "representation": "baseline_plus_unconditional_anchor_softmax", "loss": "mse", "seconds": 0.053158249938860536, "last_batch_loss": 3.016873359680176, "optimizer_steps": 20, "n_parameters": 59777}
{"fold_index": 33, "n_folds": 77, "split": "leave_one_allele_out", "fold": "HLA-A*68:01", "representation": "baseline_plus_unconditional_all", "loss": "mse", "seconds": 0.09308474999852479, "last_batch_loss": 2.982064723968506, "optimizer_steps": 20, "n_parameters": 60417}
{"fold_index": 34, "n_folds": 77, "split": "leave_one_allele_out", "fold": "HLA-A*68:02", "representation": "baseline_plus_unconditional_mean_logp", "loss": "mse", "seconds": 0.11203487496823072, "last_batch_loss": 3.4484286308288574, "optimizer_steps": 20, "n_parameters": 57281}
{"fold_index": 34, "n_folds": 77, "split": "leave_one_allele_out", "fold": "HLA-A*68:02", "representation": "baseline_plus_unconditional_logp_per_position", "loss": "mse", "seconds": 0.056555166840553284, "last_batch_loss": 3.259363889694214, "optimizer_steps": 20, "n_parameters": 57793}
{"fold_index": 34, "n_folds": 77, "split": "leave_one_allele_out", "fold": "HLA-A*68:02", "representation": "baseline_plus_unconditional_anchor_softmax", "loss": "mse", "seconds": 0.05336158396676183, "last_batch_loss": 3.1800220012664795, "optimizer_steps": 20, "n_parameters": 59777}
{"fold_index": 34, "n_folds": 77, "split": "leave_one_allele_out", "fold": "HLA-A*68:02", "representation": "baseline_plus_unconditional_all", "loss": "mse", "seconds": 0.05611858400516212, "last_batch_loss": 3.1316640377044678, "optimizer_steps": 20, "n_parameters": 60417}
{"fold_index": 35, "n_folds": 77, "split": "leave_one_allele_out", "fold": "HLA-A*68:23", "representation": "baseline_plus_unconditional_mean_logp", "loss": "mse", "seconds": 0.05341995810158551, "last_batch_loss": 3.338596820831299, "optimizer_steps": 20, "n_parameters": 57281}
{"fold_index": 35, "n_folds": 77, "split": "leave_one_allele_out", "fold": "HLA-A*68:23", "representation": "baseline_plus_unconditional_logp_per_position", "loss": "mse", "seconds": 0.05545454099774361, "last_batch_loss": 3.20788311958313, "optimizer_steps": 20, "n_parameters": 57793}
{"fold_index": 35, "n_folds": 77, "split": "leave_one_allele_out", "fold": "HLA-A*68:23", "representation": "baseline_plus_unconditional_anchor_softmax", "loss": "mse", "seconds": 0.05558833316899836, "last_batch_loss": 3.15083384513855, "optimizer_steps": 20, "n_parameters": 59777}
{"fold_index": 35, "n_folds": 77, "split": "leave_one_allele_out", "fold": "HLA-A*68:23", "representation": "baseline_plus_unconditional_all", "loss": "mse", "seconds": 0.056635834043845534, "last_batch_loss": 3.07865047454834, "optimizer_steps": 20, "n_parameters": 60417}
{"fold_index": 36, "n_folds": 77, "split": "leave_one_allele_out", "fold": "HLA-A*69:01", "representation": "baseline_plus_unconditional_mean_logp", "loss": "mse", "seconds": 0.054912416031584144, "last_batch_loss": 3.338089942932129, "optimizer_steps": 20, "n_parameters": 57281}
{"fold_index": 36, "n_folds": 77, "split": "leave_one_allele_out", "fold": "HLA-A*69:01", "representation": "baseline_plus_unconditional_logp_per_position", "loss": "mse", "seconds": 0.056940667098388076, "last_batch_loss": 3.3745555877685547, "optimizer_steps": 20, "n_parameters": 57793}
{"fold_index": 36, "n_folds": 77, "split": "leave_one_allele_out", "fold": "HLA-A*69:01", "representation": "baseline_plus_unconditional_anchor_softmax", "loss": "mse", "seconds": 0.05071562505327165, "last_batch_loss": 3.162681818008423, "optimizer_steps": 20, "n_parameters": 59777}
{"fold_index": 36, "n_folds": 77, "split": "leave_one_allele_out", "fold": "HLA-A*69:01", "representation": "baseline_plus_unconditional_all", "loss": "mse", "seconds": 0.0698110421653837, "last_batch_loss": 3.0673015117645264, "optimizer_steps": 20, "n_parameters": 60417}
{"fold_index": 37, "n_folds": 77, "split": "leave_one_allele_out", "fold": "HLA-A*74:01", "representation": "baseline_plus_unconditional_mean_logp", "loss": "mse", "seconds": 0.052783749997615814, "last_batch_loss": 3.328185558319092, "optimizer_steps": 20, "n_parameters": 57281}
{"fold_index": 37, "n_folds": 77, "split": "leave_one_allele_out", "fold": "HLA-A*74:01", "representation": "baseline_plus_unconditional_logp_per_position", "loss": "mse", "seconds": 0.0546892499551177, "last_batch_loss": 3.142754077911377, "optimizer_steps": 20, "n_parameters": 57793}
{"fold_index": 37, "n_folds": 77, "split": "leave_one_allele_out", "fold": "HLA-A*74:01", "representation": "baseline_plus_unconditional_anchor_softmax", "loss": "mse", "seconds": 0.05731300008483231, "last_batch_loss": 3.092867612838745, "optimizer_steps": 20, "n_parameters": 59777}
{"fold_index": 37, "n_folds": 77, "split": "leave_one_allele_out", "fold": "HLA-A*74:01", "representation": "baseline_plus_unconditional_all", "loss": "mse", "seconds": 0.055929166032001376, "last_batch_loss": 3.115654468536377, "optimizer_steps": 20, "n_parameters": 60417}
{"fold_index": 38, "n_folds": 77, "split": "leave_one_allele_out", "fold": "HLA-A*80:01", "representation": "baseline_plus_unconditional_mean_logp", "loss": "mse", "seconds": 0.0646597919985652, "last_batch_loss": 3.4693965911865234, "optimizer_steps": 20, "n_parameters": 57281}
{"fold_index": 38, "n_folds": 77, "split": "leave_one_allele_out", "fold": "HLA-A*80:01", "representation": "baseline_plus_unconditional_logp_per_position", "loss": "mse", "seconds": 0.054565625032410026, "last_batch_loss": 3.3255207538604736, "optimizer_steps": 20, "n_parameters": 57793}
{"fold_index": 38, "n_folds": 77, "split": "leave_one_allele_out", "fold": "HLA-A*80:01", "representation": "baseline_plus_unconditional_anchor_softmax", "loss": "mse", "seconds": 0.05788850015960634, "last_batch_loss": 3.1128499507904053, "optimizer_steps": 20, "n_parameters": 59777}
{"fold_index": 38, "n_folds": 77, "split": "leave_one_allele_out", "fold": "HLA-A*80:01", "representation": "baseline_plus_unconditional_all", "loss": "mse", "seconds": 0.056527541019022465, "last_batch_loss": 3.1073405742645264, "optimizer_steps": 20, "n_parameters": 60417}
{"fold_index": 39, "n_folds": 77, "split": "leave_one_allele_out", "fold": "HLA-B*07:02", "representation": "baseline_plus_unconditional_mean_logp", "loss": "mse", "seconds": 0.05266200006008148, "last_batch_loss": 3.262530565261841, "optimizer_steps": 20, "n_parameters": 57281}
{"fold_index": 39, "n_folds": 77, "split": "leave_one_allele_out", "fold": "HLA-B*07:02", "representation": "baseline_plus_unconditional_logp_per_position", "loss": "mse", "seconds": 0.055636666947975755, "last_batch_loss": 3.3981518745422363, "optimizer_steps": 20, "n_parameters": 57793}
{"fold_index": 39, "n_folds": 77, "split": "leave_one_allele_out", "fold": "HLA-B*07:02", "representation": "baseline_plus_unconditional_anchor_softmax", "loss": "mse", "seconds": 0.07259200001135468, "last_batch_loss": 3.0990073680877686, "optimizer_steps": 20, "n_parameters": 59777}
{"fold_index": 39, "n_folds": 77, "split": "leave_one_allele_out", "fold": "HLA-B*07:02", "representation": "baseline_plus_unconditional_all", "loss": "mse", "seconds": 0.06119537493214011, "last_batch_loss": 3.1712348461151123, "optimizer_steps": 20, "n_parameters": 60417}
{"fold_index": 40, "n_folds": 77, "split": "leave_one_allele_out", "fold": "HLA-B*08:01", "representation": "baseline_plus_unconditional_mean_logp", "loss": "mse", "seconds": 0.05855641607195139, "last_batch_loss": 3.394482135772705, "optimizer_steps": 20, "n_parameters": 57281}
{"fold_index": 40, "n_folds": 77, "split": "leave_one_allele_out", "fold": "HLA-B*08:01", "representation": "baseline_plus_unconditional_logp_per_position", "loss": "mse", "seconds": 0.055903707863762975, "last_batch_loss": 3.374924421310425, "optimizer_steps": 20, "n_parameters": 57793}
{"fold_index": 40, "n_folds": 77, "split": "leave_one_allele_out", "fold": "HLA-B*08:01", "representation": "baseline_plus_unconditional_anchor_softmax", "loss": "mse", "seconds": 0.05664895894005895, "last_batch_loss": 3.1066834926605225, "optimizer_steps": 20, "n_parameters": 59777}
{"fold_index": 40, "n_folds": 77, "split": "leave_one_allele_out", "fold": "HLA-B*08:01", "representation": "baseline_plus_unconditional_all", "loss": "mse", "seconds": 0.05649129208177328, "last_batch_loss": 3.1538169384002686, "optimizer_steps": 20, "n_parameters": 60417}
{"fold_index": 41, "n_folds": 77, "split": "leave_one_allele_out", "fold": "HLA-B*08:03", "representation": "baseline_plus_unconditional_mean_logp", "loss": "mse", "seconds": 0.05342233390547335, "last_batch_loss": 3.2464919090270996, "optimizer_steps": 20, "n_parameters": 57281}
{"fold_index": 41, "n_folds": 77, "split": "leave_one_allele_out", "fold": "HLA-B*08:03", "representation": "baseline_plus_unconditional_logp_per_position", "loss": "mse", "seconds": 0.07002774998545647, "last_batch_loss": 3.3861284255981445, "optimizer_steps": 20, "n_parameters": 57793}
{"fold_index": 41, "n_folds": 77, "split": "leave_one_allele_out", "fold": "HLA-B*08:03", "representation": "baseline_plus_unconditional_anchor_softmax", "loss": "mse", "seconds": 0.05993687501177192, "last_batch_loss": 3.1383018493652344, "optimizer_steps": 20, "n_parameters": 59777}
{"fold_index": 41, "n_folds": 77, "split": "leave_one_allele_out", "fold": "HLA-B*08:03", "representation": "baseline_plus_unconditional_all", "loss": "mse", "seconds": 0.0706955420318991, "last_batch_loss": 3.0098183155059814, "optimizer_steps": 20, "n_parameters": 60417}
{"fold_index": 42, "n_folds": 77, "split": "leave_one_allele_out", "fold": "HLA-B*13:02", "representation": "baseline_plus_unconditional_mean_logp", "loss": "mse", "seconds": 0.054600375005975366, "last_batch_loss": 3.2825064659118652, "optimizer_steps": 20, "n_parameters": 57281}
{"fold_index": 42, "n_folds": 77, "split": "leave_one_allele_out", "fold": "HLA-B*13:02", "representation": "baseline_plus_unconditional_logp_per_position", "loss": "mse", "seconds": 0.07100520888343453, "last_batch_loss": 3.245619773864746, "optimizer_steps": 20, "n_parameters": 57793}
{"fold_index": 42, "n_folds": 77, "split": "leave_one_allele_out", "fold": "HLA-B*13:02", "representation": "baseline_plus_unconditional_anchor_softmax", "loss": "mse", "seconds": 0.06142612500116229, "last_batch_loss": 3.1044092178344727, "optimizer_steps": 20, "n_parameters": 59777}
{"fold_index": 42, "n_folds": 77, "split": "leave_one_allele_out", "fold": "HLA-B*13:02", "representation": "baseline_plus_unconditional_all", "loss": "mse", "seconds": 0.0542666669934988, "last_batch_loss": 2.980604410171509, "optimizer_steps": 20, "n_parameters": 60417}
{"fold_index": 43, "n_folds": 77, "split": "leave_one_allele_out", "fold": "HLA-B*14:01(C67S)", "representation": "baseline_plus_unconditional_mean_logp", "loss": "mse", "seconds": 0.049177541863173246, "last_batch_loss": 3.4194486141204834, "optimizer_steps": 20, "n_parameters": 57281}
{"fold_index": 43, "n_folds": 77, "split": "leave_one_allele_out", "fold": "HLA-B*14:01(C67S)", "representation": "baseline_plus_unconditional_logp_per_position", "loss": "mse", "seconds": 0.06380566698499024, "last_batch_loss": 3.269163131713867, "optimizer_steps": 20, "n_parameters": 57793}
{"fold_index": 43, "n_folds": 77, "split": "leave_one_allele_out", "fold": "HLA-B*14:01(C67S)", "representation": "baseline_plus_unconditional_anchor_softmax", "loss": "mse", "seconds": 0.05670991609804332, "last_batch_loss": 3.0654921531677246, "optimizer_steps": 20, "n_parameters": 59777}
{"fold_index": 43, "n_folds": 77, "split": "leave_one_allele_out", "fold": "HLA-B*14:01(C67S)", "representation": "baseline_plus_unconditional_all", "loss": "mse", "seconds": 0.06438899994827807, "last_batch_loss": 3.089426279067993, "optimizer_steps": 20, "n_parameters": 60417}
{"fold_index": 44, "n_folds": 77, "split": "leave_one_allele_out", "fold": "HLA-B*14:02(C67S)", "representation": "baseline_plus_unconditional_mean_logp", "loss": "mse", "seconds": 0.04431129107251763, "last_batch_loss": 3.424222469329834, "optimizer_steps": 20, "n_parameters": 57281}
{"fold_index": 44, "n_folds": 77, "split": "leave_one_allele_out", "fold": "HLA-B*14:02(C67S)", "representation": "baseline_plus_unconditional_logp_per_position", "loss": "mse", "seconds": 0.04463345813564956, "last_batch_loss": 3.3468642234802246, "optimizer_steps": 20, "n_parameters": 57793}
{"fold_index": 44, "n_folds": 77, "split": "leave_one_allele_out", "fold": "HLA-B*14:02(C67S)", "representation": "baseline_plus_unconditional_anchor_softmax", "loss": "mse", "seconds": 0.04948870791122317, "last_batch_loss": 3.2219085693359375, "optimizer_steps": 20, "n_parameters": 59777}
{"fold_index": 44, "n_folds": 77, "split": "leave_one_allele_out", "fold": "HLA-B*14:02(C67S)", "representation": "baseline_plus_unconditional_all", "loss": "mse", "seconds": 0.048882999923080206, "last_batch_loss": 3.0167529582977295, "optimizer_steps": 20, "n_parameters": 60417}
{"fold_index": 45, "n_folds": 77, "split": "leave_one_allele_out", "fold": "HLA-B*15:01", "representation": "baseline_plus_unconditional_mean_logp", "loss": "mse", "seconds": 0.04735649982467294, "last_batch_loss": 3.4588422775268555, "optimizer_steps": 20, "n_parameters": 57281}
{"fold_index": 45, "n_folds": 77, "split": "leave_one_allele_out", "fold": "HLA-B*15:01", "representation": "baseline_plus_unconditional_logp_per_position", "loss": "mse", "seconds": 0.06988820806145668, "last_batch_loss": 3.3070600032806396, "optimizer_steps": 20, "n_parameters": 57793}
{"fold_index": 45, "n_folds": 77, "split": "leave_one_allele_out", "fold": "HLA-B*15:01", "representation": "baseline_plus_unconditional_anchor_softmax", "loss": "mse", "seconds": 0.055249958066269755, "last_batch_loss": 3.1309425830841064, "optimizer_steps": 20, "n_parameters": 59777}
{"fold_index": 45, "n_folds": 77, "split": "leave_one_allele_out", "fold": "HLA-B*15:01", "representation": "baseline_plus_unconditional_all", "loss": "mse", "seconds": 0.07536383415572345, "last_batch_loss": 3.035205125808716, "optimizer_steps": 20, "n_parameters": 60417}
{"fold_index": 46, "n_folds": 77, "split": "leave_one_allele_out", "fold": "HLA-B*15:02", "representation": "baseline_plus_unconditional_mean_logp", "loss": "mse", "seconds": 0.046673832926899195, "last_batch_loss": 3.3126001358032227, "optimizer_steps": 20, "n_parameters": 57281}
{"fold_index": 46, "n_folds": 77, "split": "leave_one_allele_out", "fold": "HLA-B*15:02", "representation": "baseline_plus_unconditional_logp_per_position", "loss": "mse", "seconds": 0.0460312080103904, "last_batch_loss": 3.3741238117218018, "optimizer_steps": 20, "n_parameters": 57793}
{"fold_index": 46, "n_folds": 77, "split": "leave_one_allele_out", "fold": "HLA-B*15:02", "representation": "baseline_plus_unconditional_anchor_softmax", "loss": "mse", "seconds": 0.06338629219681025, "last_batch_loss": 3.0978569984436035, "optimizer_steps": 20, "n_parameters": 59777}
{"fold_index": 46, "n_folds": 77, "split": "leave_one_allele_out", "fold": "HLA-B*15:02", "representation": "baseline_plus_unconditional_all", "loss": "mse", "seconds": 0.0566124168690294, "last_batch_loss": 3.2808358669281006, "optimizer_steps": 20, "n_parameters": 60417}
{"fold_index": 47, "n_folds": 77, "split": "leave_one_allele_out", "fold": "HLA-B*15:10", "representation": "baseline_plus_unconditional_mean_logp", "loss": "mse", "seconds": 0.04645887506194413, "last_batch_loss": 3.3953168392181396, "optimizer_steps": 20, "n_parameters": 57281}
{"fold_index": 47, "n_folds": 77, "split": "leave_one_allele_out", "fold": "HLA-B*15:10", "representation": "baseline_plus_unconditional_logp_per_position", "loss": "mse", "seconds": 0.06612324994057417, "last_batch_loss": 3.4247987270355225, "optimizer_steps": 20, "n_parameters": 57793}
{"fold_index": 47, "n_folds": 77, "split": "leave_one_allele_out", "fold": "HLA-B*15:10", "representation": "baseline_plus_unconditional_anchor_softmax", "loss": "mse", "seconds": 0.05895837489515543, "last_batch_loss": 3.180704355239868, "optimizer_steps": 20, "n_parameters": 59777}
{"fold_index": 47, "n_folds": 77, "split": "leave_one_allele_out", "fold": "HLA-B*15:10", "representation": "baseline_plus_unconditional_all", "loss": "mse", "seconds": 0.046566500095650554, "last_batch_loss": 2.9935948848724365, "optimizer_steps": 20, "n_parameters": 60417}
{"fold_index": 48, "n_folds": 77, "split": "leave_one_allele_out", "fold": "HLA-B*15:17", "representation": "baseline_plus_unconditional_mean_logp", "loss": "mse", "seconds": 0.045928125036880374, "last_batch_loss": 3.5267417430877686, "optimizer_steps": 20, "n_parameters": 57281}
{"fold_index": 48, "n_folds": 77, "split": "leave_one_allele_out", "fold": "HLA-B*15:17", "representation": "baseline_plus_unconditional_logp_per_position", "loss": "mse", "seconds": 0.048386374954134226, "last_batch_loss": 3.3024888038635254, "optimizer_steps": 20, "n_parameters": 57793}
{"fold_index": 48, "n_folds": 77, "split": "leave_one_allele_out", "fold": "HLA-B*15:17", "representation": "baseline_plus_unconditional_anchor_softmax", "loss": "mse", "seconds": 0.06300541711971164, "last_batch_loss": 3.1138782501220703, "optimizer_steps": 20, "n_parameters": 59777}
{"fold_index": 48, "n_folds": 77, "split": "leave_one_allele_out", "fold": "HLA-B*15:17", "representation": "baseline_plus_unconditional_all", "loss": "mse", "seconds": 0.06217779195867479, "last_batch_loss": 2.978073835372925, "optimizer_steps": 20, "n_parameters": 60417}
{"fold_index": 49, "n_folds": 77, "split": "leave_one_allele_out", "fold": "HLA-B*18:01", "representation": "baseline_plus_unconditional_mean_logp", "loss": "mse", "seconds": 0.04621341684833169, "last_batch_loss": 3.3080155849456787, "optimizer_steps": 20, "n_parameters": 57281}
{"fold_index": 49, "n_folds": 77, "split": "leave_one_allele_out", "fold": "HLA-B*18:01", "representation": "baseline_plus_unconditional_logp_per_position", "loss": "mse", "seconds": 0.06765195797197521, "last_batch_loss": 3.3380701541900635, "optimizer_steps": 20, "n_parameters": 57793}
{"fold_index": 49, "n_folds": 77, "split": "leave_one_allele_out", "fold": "HLA-B*18:01", "representation": "baseline_plus_unconditional_anchor_softmax", "loss": "mse", "seconds": 0.054933750070631504, "last_batch_loss": 3.1606104373931885, "optimizer_steps": 20, "n_parameters": 59777}
{"fold_index": 49, "n_folds": 77, "split": "leave_one_allele_out", "fold": "HLA-B*18:01", "representation": "baseline_plus_unconditional_all", "loss": "mse", "seconds": 0.07105437503196299, "last_batch_loss": 3.0268335342407227, "optimizer_steps": 20, "n_parameters": 60417}
{"fold_index": 50, "n_folds": 77, "split": "leave_one_allele_out", "fold": "HLA-B*27:02", "representation": "baseline_plus_unconditional_mean_logp", "loss": "mse", "seconds": 0.06305412505753338, "last_batch_loss": 3.3624765872955322, "optimizer_steps": 20, "n_parameters": 57281}
{"fold_index": 50, "n_folds": 77, "split": "leave_one_allele_out", "fold": "HLA-B*27:02", "representation": "baseline_plus_unconditional_logp_per_position", "loss": "mse", "seconds": 0.05855408404022455, "last_batch_loss": 3.3094489574432373, "optimizer_steps": 20, "n_parameters": 57793}
{"fold_index": 50, "n_folds": 77, "split": "leave_one_allele_out", "fold": "HLA-B*27:02", "representation": "baseline_plus_unconditional_anchor_softmax", "loss": "mse", "seconds": 0.07261295802891254, "last_batch_loss": 3.101952314376831, "optimizer_steps": 20, "n_parameters": 59777}
{"fold_index": 50, "n_folds": 77, "split": "leave_one_allele_out", "fold": "HLA-B*27:02", "representation": "baseline_plus_unconditional_all", "loss": "mse", "seconds": 0.07142779207788408, "last_batch_loss": 3.1071407794952393, "optimizer_steps": 20, "n_parameters": 60417}
{"fold_index": 51, "n_folds": 77, "split": "leave_one_allele_out", "fold": "HLA-B*27:03", "representation": "baseline_plus_unconditional_mean_logp", "loss": "mse", "seconds": 0.07986737485043705, "last_batch_loss": 3.30548095703125, "optimizer_steps": 20, "n_parameters": 57281}
{"fold_index": 51, "n_folds": 77, "split": "leave_one_allele_out", "fold": "HLA-B*27:03", "representation": "baseline_plus_unconditional_logp_per_position", "loss": "mse", "seconds": 0.07888758298940957, "last_batch_loss": 3.4054291248321533, "optimizer_steps": 20, "n_parameters": 57793}
{"fold_index": 51, "n_folds": 77, "split": "leave_one_allele_out", "fold": "HLA-B*27:03", "representation": "baseline_plus_unconditional_anchor_softmax", "loss": "mse", "seconds": 0.07898445799946785, "last_batch_loss": 3.179316997528076, "optimizer_steps": 20, "n_parameters": 59777}
{"fold_index": 51, "n_folds": 77, "split": "leave_one_allele_out", "fold": "HLA-B*27:03", "representation": "baseline_plus_unconditional_all", "loss": "mse", "seconds": 0.08023212500847876, "last_batch_loss": 2.9568111896514893, "optimizer_steps": 20, "n_parameters": 60417}
{"fold_index": 52, "n_folds": 77, "split": "leave_one_allele_out", "fold": "HLA-B*27:05", "representation": "baseline_plus_unconditional_mean_logp", "loss": "mse", "seconds": 0.07778862514533103, "last_batch_loss": 3.278151512145996, "optimizer_steps": 20, "n_parameters": 57281}
{"fold_index": 52, "n_folds": 77, "split": "leave_one_allele_out", "fold": "HLA-B*27:05", "representation": "baseline_plus_unconditional_logp_per_position", "loss": "mse", "seconds": 0.08268566709011793, "last_batch_loss": 3.2797629833221436, "optimizer_steps": 20, "n_parameters": 57793}
{"fold_index": 52, "n_folds": 77, "split": "leave_one_allele_out", "fold": "HLA-B*27:05", "representation": "baseline_plus_unconditional_anchor_softmax", "loss": "mse", "seconds": 0.07982008391991258, "last_batch_loss": 3.197047710418701, "optimizer_steps": 20, "n_parameters": 59777}
{"fold_index": 52, "n_folds": 77, "split": "leave_one_allele_out", "fold": "HLA-B*27:05", "representation": "baseline_plus_unconditional_all", "loss": "mse", "seconds": 0.07410858292132616, "last_batch_loss": 3.29783296585083, "optimizer_steps": 20, "n_parameters": 60417}
{"fold_index": 53, "n_folds": 77, "split": "leave_one_allele_out", "fold": "HLA-B*27:20", "representation": "baseline_plus_unconditional_mean_logp", "loss": "mse", "seconds": 0.07369425008073449, "last_batch_loss": 3.400617837905884, "optimizer_steps": 20, "n_parameters": 57281}
{"fold_index": 53, "n_folds": 77, "split": "leave_one_allele_out", "fold": "HLA-B*27:20", "representation": "baseline_plus_unconditional_logp_per_position", "loss": "mse", "seconds": 0.07567737507633865, "last_batch_loss": 3.329923391342163, "optimizer_steps": 20, "n_parameters": 57793}
{"fold_index": 53, "n_folds": 77, "split": "leave_one_allele_out", "fold": "HLA-B*27:20", "representation": "baseline_plus_unconditional_anchor_softmax", "loss": "mse", "seconds": 0.07424920797348022, "last_batch_loss": 3.194777011871338, "optimizer_steps": 20, "n_parameters": 59777}
{"fold_index": 53, "n_folds": 77, "split": "leave_one_allele_out", "fold": "HLA-B*27:20", "representation": "baseline_plus_unconditional_all", "loss": "mse", "seconds": 0.07152616698294878, "last_batch_loss": 3.099728584289551, "optimizer_steps": 20, "n_parameters": 60417}
{"fold_index": 54, "n_folds": 77, "split": "leave_one_allele_out", "fold": "HLA-B*35:01", "representation": "baseline_plus_unconditional_mean_logp", "loss": "mse", "seconds": 0.08203137503005564, "last_batch_loss": 3.412971258163452, "optimizer_steps": 20, "n_parameters": 57281}
{"fold_index": 54, "n_folds": 77, "split": "leave_one_allele_out", "fold": "HLA-B*35:01", "representation": "baseline_plus_unconditional_logp_per_position", "loss": "mse", "seconds": 0.08246654085814953, "last_batch_loss": 3.3279545307159424, "optimizer_steps": 20, "n_parameters": 57793}
{"fold_index": 54, "n_folds": 77, "split": "leave_one_allele_out", "fold": "HLA-B*35:01", "representation": "baseline_plus_unconditional_anchor_softmax", "loss": "mse", "seconds": 0.08648387505672872, "last_batch_loss": 3.017895460128784, "optimizer_steps": 20, "n_parameters": 59777}
{"fold_index": 54, "n_folds": 77, "split": "leave_one_allele_out", "fold": "HLA-B*35:01", "representation": "baseline_plus_unconditional_all", "loss": "mse", "seconds": 0.07347329217009246, "last_batch_loss": 3.1890666484832764, "optimizer_steps": 20, "n_parameters": 60417}
{"fold_index": 55, "n_folds": 77, "split": "leave_one_allele_out", "fold": "HLA-B*35:03", "representation": "baseline_plus_unconditional_mean_logp", "loss": "mse", "seconds": 0.081140958936885, "last_batch_loss": 3.307907819747925, "optimizer_steps": 20, "n_parameters": 57281}
{"fold_index": 55, "n_folds": 77, "split": "leave_one_allele_out", "fold": "HLA-B*35:03", "representation": "baseline_plus_unconditional_logp_per_position", "loss": "mse", "seconds": 0.08456650003790855, "last_batch_loss": 3.231732130050659, "optimizer_steps": 20, "n_parameters": 57793}
{"fold_index": 55, "n_folds": 77, "split": "leave_one_allele_out", "fold": "HLA-B*35:03", "representation": "baseline_plus_unconditional_anchor_softmax", "loss": "mse", "seconds": 0.08397545898333192, "last_batch_loss": 3.131199836730957, "optimizer_steps": 20, "n_parameters": 59777}
{"fold_index": 55, "n_folds": 77, "split": "leave_one_allele_out", "fold": "HLA-B*35:03", "representation": "baseline_plus_unconditional_all", "loss": "mse", "seconds": 0.09621329209767282, "last_batch_loss": 3.0384936332702637, "optimizer_steps": 20, "n_parameters": 60417}
{"fold_index": 56, "n_folds": 77, "split": "leave_one_allele_out", "fold": "HLA-B*35:08", "representation": "baseline_plus_unconditional_mean_logp", "loss": "mse", "seconds": 0.0835591668728739, "last_batch_loss": 3.2741713523864746, "optimizer_steps": 20, "n_parameters": 57281}
{"fold_index": 56, "n_folds": 77, "split": "leave_one_allele_out", "fold": "HLA-B*35:08", "representation": "baseline_plus_unconditional_logp_per_position", "loss": "mse", "seconds": 0.08772937511093915, "last_batch_loss": 3.2280476093292236, "optimizer_steps": 20, "n_parameters": 57793}
{"fold_index": 56, "n_folds": 77, "split": "leave_one_allele_out", "fold": "HLA-B*35:08", "representation": "baseline_plus_unconditional_anchor_softmax", "loss": "mse", "seconds": 0.08633404201827943, "last_batch_loss": 3.156687021255493, "optimizer_steps": 20, "n_parameters": 59777}
{"fold_index": 56, "n_folds": 77, "split": "leave_one_allele_out", "fold": "HLA-B*35:08", "representation": "baseline_plus_unconditional_all", "loss": "mse", "seconds": 0.07443362521007657, "last_batch_loss": 3.2287354469299316, "optimizer_steps": 20, "n_parameters": 60417}
{"fold_index": 57, "n_folds": 77, "split": "leave_one_allele_out", "fold": "HLA-B*39:01", "representation": "baseline_plus_unconditional_mean_logp", "loss": "mse", "seconds": 0.08338358392938972, "last_batch_loss": 3.5224685668945312, "optimizer_steps": 20, "n_parameters": 57281}
{"fold_index": 57, "n_folds": 77, "split": "leave_one_allele_out", "fold": "HLA-B*39:01", "representation": "baseline_plus_unconditional_logp_per_position", "loss": "mse", "seconds": 0.08651925018057227, "last_batch_loss": 3.3622987270355225, "optimizer_steps": 20, "n_parameters": 57793}
{"fold_index": 57, "n_folds": 77, "split": "leave_one_allele_out", "fold": "HLA-B*39:01", "representation": "baseline_plus_unconditional_anchor_softmax", "loss": "mse", "seconds": 0.07498491695150733, "last_batch_loss": 3.129945755004883, "optimizer_steps": 20, "n_parameters": 59777}
{"fold_index": 57, "n_folds": 77, "split": "leave_one_allele_out", "fold": "HLA-B*39:01", "representation": "baseline_plus_unconditional_all", "loss": "mse", "seconds": 0.07902037492021918, "last_batch_loss": 3.0959253311157227, "optimizer_steps": 20, "n_parameters": 60417}
{"fold_index": 58, "n_folds": 77, "split": "leave_one_allele_out", "fold": "HLA-B*39:02", "representation": "baseline_plus_unconditional_mean_logp", "loss": "mse", "seconds": 0.07115391595289111, "last_batch_loss": 3.2861926555633545, "optimizer_steps": 20, "n_parameters": 57281}
{"fold_index": 58, "n_folds": 77, "split": "leave_one_allele_out", "fold": "HLA-B*39:02", "representation": "baseline_plus_unconditional_logp_per_position", "loss": "mse", "seconds": 0.10050883307121694, "last_batch_loss": 3.466702461242676, "optimizer_steps": 20, "n_parameters": 57793}
{"fold_index": 58, "n_folds": 77, "split": "leave_one_allele_out", "fold": "HLA-B*39:02", "representation": "baseline_plus_unconditional_anchor_softmax", "loss": "mse", "seconds": 0.0964776249602437, "last_batch_loss": 3.208007335662842, "optimizer_steps": 20, "n_parameters": 59777}
{"fold_index": 58, "n_folds": 77, "split": "leave_one_allele_out", "fold": "HLA-B*39:02", "representation": "baseline_plus_unconditional_all", "loss": "mse", "seconds": 0.09400458284653723, "last_batch_loss": 3.0729458332061768, "optimizer_steps": 20, "n_parameters": 60417}
{"fold_index": 59, "n_folds": 77, "split": "leave_one_allele_out", "fold": "HLA-B*39:06(C67S)", "representation": "baseline_plus_unconditional_mean_logp", "loss": "mse", "seconds": 0.06602312508039176, "last_batch_loss": 3.230330467224121, "optimizer_steps": 20, "n_parameters": 57281}
{"fold_index": 59, "n_folds": 77, "split": "leave_one_allele_out", "fold": "HLA-B*39:06(C67S)", "representation": "baseline_plus_unconditional_logp_per_position", "loss": "mse", "seconds": 0.060378999914973974, "last_batch_loss": 3.28653883934021, "optimizer_steps": 20, "n_parameters": 57793}
{"fold_index": 59, "n_folds": 77, "split": "leave_one_allele_out", "fold": "HLA-B*39:06(C67S)", "representation": "baseline_plus_unconditional_anchor_softmax", "loss": "mse", "seconds": 0.06572879198938608, "last_batch_loss": 3.146289348602295, "optimizer_steps": 20, "n_parameters": 59777}
{"fold_index": 59, "n_folds": 77, "split": "leave_one_allele_out", "fold": "HLA-B*39:06(C67S)", "representation": "baseline_plus_unconditional_all", "loss": "mse", "seconds": 0.05273570818826556, "last_batch_loss": 3.1249146461486816, "optimizer_steps": 20, "n_parameters": 60417}
{"fold_index": 60, "n_folds": 77, "split": "leave_one_allele_out", "fold": "HLA-B*39:10", "representation": "baseline_plus_unconditional_mean_logp", "loss": "mse", "seconds": 0.04467270779423416, "last_batch_loss": 3.280874729156494, "optimizer_steps": 20, "n_parameters": 57281}
{"fold_index": 60, "n_folds": 77, "split": "leave_one_allele_out", "fold": "HLA-B*39:10", "representation": "baseline_plus_unconditional_logp_per_position", "loss": "mse", "seconds": 0.05700395815074444, "last_batch_loss": 3.3456575870513916, "optimizer_steps": 20, "n_parameters": 57793}
{"fold_index": 60, "n_folds": 77, "split": "leave_one_allele_out", "fold": "HLA-B*39:10", "representation": "baseline_plus_unconditional_anchor_softmax", "loss": "mse", "seconds": 0.1513137500733137, "last_batch_loss": 3.0432581901550293, "optimizer_steps": 20, "n_parameters": 59777}
{"fold_index": 60, "n_folds": 77, "split": "leave_one_allele_out", "fold": "HLA-B*39:10", "representation": "baseline_plus_unconditional_all", "loss": "mse", "seconds": 0.07604170800186694, "last_batch_loss": 2.997053384780884, "optimizer_steps": 20, "n_parameters": 60417}
{"fold_index": 61, "n_folds": 77, "split": "leave_one_allele_out", "fold": "HLA-B*40:01", "representation": "baseline_plus_unconditional_mean_logp", "loss": "mse", "seconds": 0.07172774989157915, "last_batch_loss": 3.444270610809326, "optimizer_steps": 20, "n_parameters": 57281}
{"fold_index": 61, "n_folds": 77, "split": "leave_one_allele_out", "fold": "HLA-B*40:01", "representation": "baseline_plus_unconditional_logp_per_position", "loss": "mse", "seconds": 0.06789020798169076, "last_batch_loss": 3.3183014392852783, "optimizer_steps": 20, "n_parameters": 57793}
{"fold_index": 61, "n_folds": 77, "split": "leave_one_allele_out", "fold": "HLA-B*40:01", "representation": "baseline_plus_unconditional_anchor_softmax", "loss": "mse", "seconds": 0.06563812494277954, "last_batch_loss": 3.0958306789398193, "optimizer_steps": 20, "n_parameters": 59777}
{"fold_index": 61, "n_folds": 77, "split": "leave_one_allele_out", "fold": "HLA-B*40:01", "representation": "baseline_plus_unconditional_all", "loss": "mse", "seconds": 0.06764191691763699, "last_batch_loss": 3.015601396560669, "optimizer_steps": 20, "n_parameters": 60417}
{"fold_index": 62, "n_folds": 77, "split": "leave_one_allele_out", "fold": "HLA-B*40:02", "representation": "baseline_plus_unconditional_mean_logp", "loss": "mse", "seconds": 0.060991792008280754, "last_batch_loss": 3.3120691776275635, "optimizer_steps": 20, "n_parameters": 57281}
{"fold_index": 62, "n_folds": 77, "split": "leave_one_allele_out", "fold": "HLA-B*40:02", "representation": "baseline_plus_unconditional_logp_per_position", "loss": "mse", "seconds": 0.05559162516146898, "last_batch_loss": 3.248788595199585, "optimizer_steps": 20, "n_parameters": 57793}
{"fold_index": 62, "n_folds": 77, "split": "leave_one_allele_out", "fold": "HLA-B*40:02", "representation": "baseline_plus_unconditional_anchor_softmax", "loss": "mse", "seconds": 0.10654566716402769, "last_batch_loss": 3.1484217643737793, "optimizer_steps": 20, "n_parameters": 59777}
{"fold_index": 62, "n_folds": 77, "split": "leave_one_allele_out", "fold": "HLA-B*40:02", "representation": "baseline_plus_unconditional_all", "loss": "mse", "seconds": 0.05299641704186797, "last_batch_loss": 3.0720272064208984, "optimizer_steps": 20, "n_parameters": 60417}
{"fold_index": 63, "n_folds": 77, "split": "leave_one_allele_out", "fold": "HLA-B*41:01", "representation": "baseline_plus_unconditional_mean_logp", "loss": "mse", "seconds": 0.06010491703636944, "last_batch_loss": 3.3351657390594482, "optimizer_steps": 20, "n_parameters": 57281}
{"fold_index": 63, "n_folds": 77, "split": "leave_one_allele_out", "fold": "HLA-B*41:01", "representation": "baseline_plus_unconditional_logp_per_position", "loss": "mse", "seconds": 0.0586905418895185, "last_batch_loss": 3.376066207885742, "optimizer_steps": 20, "n_parameters": 57793}
{"fold_index": 63, "n_folds": 77, "split": "leave_one_allele_out", "fold": "HLA-B*41:01", "representation": "baseline_plus_unconditional_anchor_softmax", "loss": "mse", "seconds": 0.06782629108056426, "last_batch_loss": 3.107576608657837, "optimizer_steps": 20, "n_parameters": 59777}
{"fold_index": 63, "n_folds": 77, "split": "leave_one_allele_out", "fold": "HLA-B*41:01", "representation": "baseline_plus_unconditional_all", "loss": "mse", "seconds": 0.0728694589342922, "last_batch_loss": 3.1365272998809814, "optimizer_steps": 20, "n_parameters": 60417}
{"fold_index": 64, "n_folds": 77, "split": "leave_one_allele_out", "fold": "HLA-B*42:01", "representation": "baseline_plus_unconditional_mean_logp", "loss": "mse", "seconds": 0.06614083307795227, "last_batch_loss": 3.174588441848755, "optimizer_steps": 20, "n_parameters": 57281}
{"fold_index": 64, "n_folds": 77, "split": "leave_one_allele_out", "fold": "HLA-B*42:01", "representation": "baseline_plus_unconditional_logp_per_position", "loss": "mse", "seconds": 0.05471816589124501, "last_batch_loss": 3.1534781455993652, "optimizer_steps": 20, "n_parameters": 57793}
{"fold_index": 64, "n_folds": 77, "split": "leave_one_allele_out", "fold": "HLA-B*42:01", "representation": "baseline_plus_unconditional_anchor_softmax", "loss": "mse", "seconds": 0.053513624938204885, "last_batch_loss": 3.0937952995300293, "optimizer_steps": 20, "n_parameters": 59777}
{"fold_index": 64, "n_folds": 77, "split": "leave_one_allele_out", "fold": "HLA-B*42:01", "representation": "baseline_plus_unconditional_all", "loss": "mse", "seconds": 0.060629624873399734, "last_batch_loss": 3.1049017906188965, "optimizer_steps": 20, "n_parameters": 60417}
{"fold_index": 65, "n_folds": 77, "split": "leave_one_allele_out", "fold": "HLA-B*42:02", "representation": "baseline_plus_unconditional_mean_logp", "loss": "mse", "seconds": 0.06164991692639887, "last_batch_loss": 3.31748628616333, "optimizer_steps": 20, "n_parameters": 57281}
{"fold_index": 65, "n_folds": 77, "split": "leave_one_allele_out", "fold": "HLA-B*42:02", "representation": "baseline_plus_unconditional_logp_per_position", "loss": "mse", "seconds": 0.06173675018362701, "last_batch_loss": 3.4097111225128174, "optimizer_steps": 20, "n_parameters": 57793}
{"fold_index": 65, "n_folds": 77, "split": "leave_one_allele_out", "fold": "HLA-B*42:02", "representation": "baseline_plus_unconditional_anchor_softmax", "loss": "mse", "seconds": 0.06343716592527926, "last_batch_loss": 3.070702314376831, "optimizer_steps": 20, "n_parameters": 59777}
{"fold_index": 65, "n_folds": 77, "split": "leave_one_allele_out", "fold": "HLA-B*42:02", "representation": "baseline_plus_unconditional_all", "loss": "mse", "seconds": 0.07993129198439419, "last_batch_loss": 3.267216205596924, "optimizer_steps": 20, "n_parameters": 60417}
{"fold_index": 66, "n_folds": 77, "split": "leave_one_allele_out", "fold": "HLA-B*44:05", "representation": "baseline_plus_unconditional_mean_logp", "loss": "mse", "seconds": 0.07870358414947987, "last_batch_loss": 3.313539981842041, "optimizer_steps": 20, "n_parameters": 57281}
{"fold_index": 66, "n_folds": 77, "split": "leave_one_allele_out", "fold": "HLA-B*44:05", "representation": "baseline_plus_unconditional_logp_per_position", "loss": "mse", "seconds": 0.06895200000144541, "last_batch_loss": 3.1482810974121094, "optimizer_steps": 20, "n_parameters": 57793}
{"fold_index": 66, "n_folds": 77, "split": "leave_one_allele_out", "fold": "HLA-B*44:05", "representation": "baseline_plus_unconditional_anchor_softmax", "loss": "mse", "seconds": 0.0719083750154823, "last_batch_loss": 3.2308919429779053, "optimizer_steps": 20, "n_parameters": 59777}
{"fold_index": 66, "n_folds": 77, "split": "leave_one_allele_out", "fold": "HLA-B*44:05", "representation": "baseline_plus_unconditional_all", "loss": "mse", "seconds": 0.06287624989636242, "last_batch_loss": 3.2712671756744385, "optimizer_steps": 20, "n_parameters": 60417}
{"fold_index": 67, "n_folds": 77, "split": "leave_one_allele_out", "fold": "HLA-B*45:01", "representation": "baseline_plus_unconditional_mean_logp", "loss": "mse", "seconds": 0.06675195787101984, "last_batch_loss": 3.4465274810791016, "optimizer_steps": 20, "n_parameters": 57281}
{"fold_index": 67, "n_folds": 77, "split": "leave_one_allele_out", "fold": "HLA-B*45:01", "representation": "baseline_plus_unconditional_logp_per_position", "loss": "mse", "seconds": 0.06717508402653039, "last_batch_loss": 3.4006295204162598, "optimizer_steps": 20, "n_parameters": 57793}
{"fold_index": 67, "n_folds": 77, "split": "leave_one_allele_out", "fold": "HLA-B*45:01", "representation": "baseline_plus_unconditional_anchor_softmax", "loss": "mse", "seconds": 0.06396800000220537, "last_batch_loss": 3.1246304512023926, "optimizer_steps": 20, "n_parameters": 59777}
{"fold_index": 67, "n_folds": 77, "split": "leave_one_allele_out", "fold": "HLA-B*45:01", "representation": "baseline_plus_unconditional_all", "loss": "mse", "seconds": 0.06282841693609953, "last_batch_loss": 3.1906356811523438, "optimizer_steps": 20, "n_parameters": 60417}
{"fold_index": 68, "n_folds": 77, "split": "leave_one_allele_out", "fold": "HLA-B*46:01", "representation": "baseline_plus_unconditional_mean_logp", "loss": "mse", "seconds": 0.05183600005693734, "last_batch_loss": 3.4651291370391846, "optimizer_steps": 20, "n_parameters": 57281}
{"fold_index": 68, "n_folds": 77, "split": "leave_one_allele_out", "fold": "HLA-B*46:01", "representation": "baseline_plus_unconditional_logp_per_position", "loss": "mse", "seconds": 0.06885229214094579, "last_batch_loss": 3.1964271068573, "optimizer_steps": 20, "n_parameters": 57793}
{"fold_index": 68, "n_folds": 77, "split": "leave_one_allele_out", "fold": "HLA-B*46:01", "representation": "baseline_plus_unconditional_anchor_softmax", "loss": "mse", "seconds": 0.060991707956418395, "last_batch_loss": 3.121999502182007, "optimizer_steps": 20, "n_parameters": 59777}
{"fold_index": 68, "n_folds": 77, "split": "leave_one_allele_out", "fold": "HLA-B*46:01", "representation": "baseline_plus_unconditional_all", "loss": "mse", "seconds": 0.05229454208165407, "last_batch_loss": 3.139427900314331, "optimizer_steps": 20, "n_parameters": 60417}
{"fold_index": 69, "n_folds": 77, "split": "leave_one_allele_out", "fold": "HLA-B*51:01", "representation": "baseline_plus_unconditional_mean_logp", "loss": "mse", "seconds": 0.05086316610686481, "last_batch_loss": 3.2396419048309326, "optimizer_steps": 20, "n_parameters": 57281}
{"fold_index": 69, "n_folds": 77, "split": "leave_one_allele_out", "fold": "HLA-B*51:01", "representation": "baseline_plus_unconditional_logp_per_position", "loss": "mse", "seconds": 0.052358458051458, "last_batch_loss": 3.1416122913360596, "optimizer_steps": 20, "n_parameters": 57793}
{"fold_index": 69, "n_folds": 77, "split": "leave_one_allele_out", "fold": "HLA-B*51:01", "representation": "baseline_plus_unconditional_anchor_softmax", "loss": "mse", "seconds": 0.053700416814535856, "last_batch_loss": 3.1251001358032227, "optimizer_steps": 20, "n_parameters": 59777}
{"fold_index": 69, "n_folds": 77, "split": "leave_one_allele_out", "fold": "HLA-B*51:01", "representation": "baseline_plus_unconditional_all", "loss": "mse", "seconds": 0.054162958869710565, "last_batch_loss": 3.018259286880493, "optimizer_steps": 20, "n_parameters": 60417}
{"fold_index": 70, "n_folds": 77, "split": "leave_one_allele_out", "fold": "HLA-B*54:01", "representation": "baseline_plus_unconditional_mean_logp", "loss": "mse", "seconds": 0.06564283301122487, "last_batch_loss": 3.351123094558716, "optimizer_steps": 20, "n_parameters": 57281}
{"fold_index": 70, "n_folds": 77, "split": "leave_one_allele_out", "fold": "HLA-B*54:01", "representation": "baseline_plus_unconditional_logp_per_position", "loss": "mse", "seconds": 0.05784408305771649, "last_batch_loss": 3.2597951889038086, "optimizer_steps": 20, "n_parameters": 57793}
{"fold_index": 70, "n_folds": 77, "split": "leave_one_allele_out", "fold": "HLA-B*54:01", "representation": "baseline_plus_unconditional_anchor_softmax", "loss": "mse", "seconds": 0.06169287511147559, "last_batch_loss": 3.1463327407836914, "optimizer_steps": 20, "n_parameters": 59777}
{"fold_index": 70, "n_folds": 77, "split": "leave_one_allele_out", "fold": "HLA-B*54:01", "representation": "baseline_plus_unconditional_all", "loss": "mse", "seconds": 0.054368583019822836, "last_batch_loss": 3.141857385635376, "optimizer_steps": 20, "n_parameters": 60417}
{"fold_index": 71, "n_folds": 77, "split": "leave_one_allele_out", "fold": "HLA-B*55:01", "representation": "baseline_plus_unconditional_mean_logp", "loss": "mse", "seconds": 0.0733786248601973, "last_batch_loss": 3.2732810974121094, "optimizer_steps": 20, "n_parameters": 57281}
{"fold_index": 71, "n_folds": 77, "split": "leave_one_allele_out", "fold": "HLA-B*55:01", "representation": "baseline_plus_unconditional_logp_per_position", "loss": "mse", "seconds": 0.05132500012405217, "last_batch_loss": 3.201324224472046, "optimizer_steps": 20, "n_parameters": 57793}
{"fold_index": 71, "n_folds": 77, "split": "leave_one_allele_out", "fold": "HLA-B*55:01", "representation": "baseline_plus_unconditional_anchor_softmax", "loss": "mse", "seconds": 0.05614583287388086, "last_batch_loss": 3.088529348373413, "optimizer_steps": 20, "n_parameters": 59777}
{"fold_index": 71, "n_folds": 77, "split": "leave_one_allele_out", "fold": "HLA-B*55:01", "representation": "baseline_plus_unconditional_all", "loss": "mse", "seconds": 0.05384154198691249, "last_batch_loss": 3.2764601707458496, "optimizer_steps": 20, "n_parameters": 60417}
{"fold_index": 72, "n_folds": 77, "split": "leave_one_allele_out", "fold": "HLA-B*56:01", "representation": "baseline_plus_unconditional_mean_logp", "loss": "mse", "seconds": 0.052328624995425344, "last_batch_loss": 3.3643558025360107, "optimizer_steps": 20, "n_parameters": 57281}
{"fold_index": 72, "n_folds": 77, "split": "leave_one_allele_out", "fold": "HLA-B*56:01", "representation": "baseline_plus_unconditional_logp_per_position", "loss": "mse", "seconds": 0.053228416945785284, "last_batch_loss": 3.3457696437835693, "optimizer_steps": 20, "n_parameters": 57793}
{"fold_index": 72, "n_folds": 77, "split": "leave_one_allele_out", "fold": "HLA-B*56:01", "representation": "baseline_plus_unconditional_anchor_softmax", "loss": "mse", "seconds": 0.052864667028188705, "last_batch_loss": 3.076050043106079, "optimizer_steps": 20, "n_parameters": 59777}
{"fold_index": 72, "n_folds": 77, "split": "leave_one_allele_out", "fold": "HLA-B*56:01", "representation": "baseline_plus_unconditional_all", "loss": "mse", "seconds": 0.0531959580257535, "last_batch_loss": 3.040022850036621, "optimizer_steps": 20, "n_parameters": 60417}
{"fold_index": 73, "n_folds": 77, "split": "leave_one_allele_out", "fold": "HLA-B*57:01", "representation": "baseline_plus_unconditional_mean_logp", "loss": "mse", "seconds": 0.06697841687127948, "last_batch_loss": 3.3207180500030518, "optimizer_steps": 20, "n_parameters": 57281}
{"fold_index": 73, "n_folds": 77, "split": "leave_one_allele_out", "fold": "HLA-B*57:01", "representation": "baseline_plus_unconditional_logp_per_position", "loss": "mse", "seconds": 0.05358941690064967, "last_batch_loss": 3.368861675262451, "optimizer_steps": 20, "n_parameters": 57793}
{"fold_index": 73, "n_folds": 77, "split": "leave_one_allele_out", "fold": "HLA-B*57:01", "representation": "baseline_plus_unconditional_anchor_softmax", "loss": "mse", "seconds": 0.05468412511982024, "last_batch_loss": 3.137455940246582, "optimizer_steps": 20, "n_parameters": 59777}
{"fold_index": 73, "n_folds": 77, "split": "leave_one_allele_out", "fold": "HLA-B*57:01", "representation": "baseline_plus_unconditional_all", "loss": "mse", "seconds": 0.04904287518002093, "last_batch_loss": 3.0536770820617676, "optimizer_steps": 20, "n_parameters": 60417}
{"fold_index": 74, "n_folds": 77, "split": "leave_one_allele_out", "fold": "HLA-B*57:02", "representation": "baseline_plus_unconditional_mean_logp", "loss": "mse", "seconds": 0.046356291975826025, "last_batch_loss": 3.296229362487793, "optimizer_steps": 20, "n_parameters": 57281}
{"fold_index": 74, "n_folds": 77, "split": "leave_one_allele_out", "fold": "HLA-B*57:02", "representation": "baseline_plus_unconditional_logp_per_position", "loss": "mse", "seconds": 0.06329424981959164, "last_batch_loss": 3.3835771083831787, "optimizer_steps": 20, "n_parameters": 57793}
{"fold_index": 74, "n_folds": 77, "split": "leave_one_allele_out", "fold": "HLA-B*57:02", "representation": "baseline_plus_unconditional_anchor_softmax", "loss": "mse", "seconds": 0.05793762509711087, "last_batch_loss": 3.2088868618011475, "optimizer_steps": 20, "n_parameters": 59777}
{"fold_index": 74, "n_folds": 77, "split": "leave_one_allele_out", "fold": "HLA-B*57:02", "representation": "baseline_plus_unconditional_all", "loss": "mse", "seconds": 0.04617362516000867, "last_batch_loss": 3.1901638507843018, "optimizer_steps": 20, "n_parameters": 60417}
{"fold_index": 75, "n_folds": 77, "split": "leave_one_allele_out", "fold": "HLA-B*57:03", "representation": "baseline_plus_unconditional_mean_logp", "loss": "mse", "seconds": 0.0446126670576632, "last_batch_loss": 3.523029327392578, "optimizer_steps": 20, "n_parameters": 57281}
{"fold_index": 75, "n_folds": 77, "split": "leave_one_allele_out", "fold": "HLA-B*57:03", "representation": "baseline_plus_unconditional_logp_per_position", "loss": "mse", "seconds": 0.061786666978150606, "last_batch_loss": 3.406987190246582, "optimizer_steps": 20, "n_parameters": 57793}
{"fold_index": 75, "n_folds": 77, "split": "leave_one_allele_out", "fold": "HLA-B*57:03", "representation": "baseline_plus_unconditional_anchor_softmax", "loss": "mse", "seconds": 0.05550945899449289, "last_batch_loss": 3.056872606277466, "optimizer_steps": 20, "n_parameters": 59777}
{"fold_index": 75, "n_folds": 77, "split": "leave_one_allele_out", "fold": "HLA-B*57:03", "representation": "baseline_plus_unconditional_all", "loss": "mse", "seconds": 0.05847483407706022, "last_batch_loss": 3.256728410720825, "optimizer_steps": 20, "n_parameters": 60417}
{"fold_index": 76, "n_folds": 77, "split": "leave_one_allele_out", "fold": "HLA-B*58:01", "representation": "baseline_plus_unconditional_mean_logp", "loss": "mse", "seconds": 0.04666287498548627, "last_batch_loss": 3.3386430740356445, "optimizer_steps": 20, "n_parameters": 57281}
{"fold_index": 76, "n_folds": 77, "split": "leave_one_allele_out", "fold": "HLA-B*58:01", "representation": "baseline_plus_unconditional_logp_per_position", "loss": "mse", "seconds": 0.06084766588173807, "last_batch_loss": 3.309826135635376, "optimizer_steps": 20, "n_parameters": 57793}
{"fold_index": 76, "n_folds": 77, "split": "leave_one_allele_out", "fold": "HLA-B*58:01", "representation": "baseline_plus_unconditional_anchor_softmax", "loss": "mse", "seconds": 0.05824858392588794, "last_batch_loss": 3.121371269226074, "optimizer_steps": 20, "n_parameters": 59777}
{"fold_index": 76, "n_folds": 77, "split": "leave_one_allele_out", "fold": "HLA-B*58:01", "representation": "baseline_plus_unconditional_all", "loss": "mse", "seconds": 0.06507908296771348, "last_batch_loss": 3.1309497356414795, "optimizer_steps": 20, "n_parameters": 60417}
{"fold_index": 77, "n_folds": 77, "split": "leave_one_allele_out", "fold": "HLA-B*81:01", "representation": "baseline_plus_unconditional_mean_logp", "loss": "mse", "seconds": 0.03501220908947289, "last_batch_loss": 3.396212339401245, "optimizer_steps": 20, "n_parameters": 57281}
{"fold_index": 77, "n_folds": 77, "split": "leave_one_allele_out", "fold": "HLA-B*81:01", "representation": "baseline_plus_unconditional_logp_per_position", "loss": "mse", "seconds": 0.06308029196225107, "last_batch_loss": 3.235938310623169, "optimizer_steps": 20, "n_parameters": 57793}
{"fold_index": 77, "n_folds": 77, "split": "leave_one_allele_out", "fold": "HLA-B*81:01", "representation": "baseline_plus_unconditional_anchor_softmax", "loss": "mse", "seconds": 0.05290158302523196, "last_batch_loss": 3.212125778198242, "optimizer_steps": 20, "n_parameters": 59777}
{"fold_index": 77, "n_folds": 77, "split": "leave_one_allele_out", "fold": "HLA-B*81:01", "representation": "baseline_plus_unconditional_all", "loss": "mse", "seconds": 0.0669937920756638, "last_batch_loss": 3.139329195022583, "optimizer_steps": 20, "n_parameters": 60417}
Completed pilot: 5580 prediction rows saved to outputs/baselines/pilot_unconditional/predictions.csv.gz
