{"fold_index": 1, "n_folds": 77, "split": "random", "fold": "holdout", "representation": "baseline_plus_conditional_all", "loss": "ranking", "seconds": 0.22457233304157853, "last_batch_loss": 0.6113742589950562, "optimizer_steps": 20, "n_parameters": 60417}
{"fold_index": 2, "n_folds": 77, "split": "peptide_disjoint", "fold": "holdout", "representation": "baseline_plus_conditional_all", "loss": "ranking", "seconds": 0.1713417919818312, "last_batch_loss": 0.6208935976028442, "optimizer_steps": 20, "n_parameters": 60417}
{"fold_index": 3, "n_folds": 77, "split": "leave_one_allele_out", "fold": "HLA-A*01:01", "representation": "baseline_plus_conditional_all", "loss": "ranking", "seconds": 0.17154104192741215, "last_batch_loss": 0.6278129816055298, "optimizer_steps": 20, "n_parameters": 60417}
{"fold_index": 4, "n_folds": 77, "split": "leave_one_allele_out", "fold": "HLA-A*02:01", "representation": "baseline_plus_conditional_all", "loss": "ranking", "seconds": 0.177736708894372, "last_batch_loss": 0.6335227489471436, "optimizer_steps": 20, "n_parameters": 60417}
{"fold_index": 5, "n_folds": 77, "split": "leave_one_allele_out", "fold": "HLA-A*02:03", "representation": "baseline_plus_conditional_all", "loss": "ranking", "seconds": 0.17013274994678795, "last_batch_loss": 0.6078858375549316, "optimizer_steps": 20, "n_parameters": 60417}
{"fold_index": 6, "n_folds": 77, "split": "leave_one_allele_out", "fold": "HLA-A*02:05", "representation": "baseline_plus_conditional_all", "loss": "ranking", "seconds": 0.1651757089421153, "last_batch_loss": 0.6250903010368347, "optimizer_steps": 20, "n_parameters": 60417}
{"fold_index": 7, "n_folds": 77, "split": "leave_one_allele_out", "fold": "HLA-A*02:10", "representation": "baseline_plus_conditional_all", "loss": "ranking", "seconds": 0.21790249994955957, "last_batch_loss": 0.6240966320037842, "optimizer_steps": 20, "n_parameters": 60417}
{"fold_index": 8, "n_folds": 77, "split": "leave_one_allele_out", "fold": "HLA-A*02:11", "representation": "baseline_plus_conditional_all", "loss": "ranking", "seconds": 0.17142649996094406, "last_batch_loss": 0.6317992210388184, "optimizer_steps": 20, "n_parameters": 60417}
{"fold_index": 9, "n_folds": 77, "split": "leave_one_allele_out", "fold": "HLA-A*02:12", "representation": "baseline_plus_conditional_all", "loss": "ranking", "seconds": 0.17242016596719623, "last_batch_loss": 0.631235659122467, "optimizer_steps": 20, "n_parameters": 60417}
{"fold_index": 10, "n_folds": 77, "split": "leave_one_allele_out", "fold": "HLA-A*02:16", "representation": "baseline_plus_conditional_all", "loss": "ranking", "seconds": 0.1611091671511531, "last_batch_loss": 0.6265580654144287, "optimizer_steps": 20, "n_parameters": 60417}
{"fold_index": 11, "n_folds": 77, "split": "leave_one_allele_out", "fold": "HLA-A*02:19", "representation": "baseline_plus_conditional_all", "loss": "ranking", "seconds": 0.1631150001194328, "last_batch_loss": 0.6266096234321594, "optimizer_steps": 20, "n_parameters": 60417}
{"fold_index": 12, "n_folds": 77, "split": "leave_one_allele_out", "fold": "HLA-A*02:50", "representation": "baseline_plus_conditional_all", "loss": "ranking", "seconds": 0.1946145419497043, "last_batch_loss": 0.6167734861373901, "optimizer_steps": 20, "n_parameters": 60417}
{"fold_index": 13, "n_folds": 77, "split": "leave_one_allele_out", "fold": "HLA-A*03:01", "representation": "baseline_plus_conditional_all", "loss": "ranking", "seconds": 0.18998583313077688, "last_batch_loss": 0.6302634477615356, "optimizer_steps": 20, "n_parameters": 60417}
{"fold_index": 14, "n_folds": 77, "split": "leave_one_allele_out", "fold": "HLA-A*11:01", "representation": "baseline_plus_conditional_all", "loss": "ranking", "seconds": 0.16859941696748137, "last_batch_loss": 0.6240516901016235, "optimizer_steps": 20, "n_parameters": 60417}
{"fold_index": 15, "n_folds": 77, "split": "leave_one_allele_out", "fold": "HLA-A*23:01", "representation": "baseline_plus_conditional_all", "loss": "ranking", "seconds": 0.1854414171539247, "last_batch_loss": 0.6245975494384766, "optimizer_steps": 20, "n_parameters": 60417}
{"fold_index": 16, "n_folds": 77, "split": "leave_one_allele_out", "fold": "HLA-A*24:02", "representation": "baseline_plus_conditional_all", "loss": "ranking", "seconds": 0.17753220815211535, "last_batch_loss": 0.6124551296234131, "optimizer_steps": 20, "n_parameters": 60417}
{"fold_index": 17, "n_folds": 77, "split": "leave_one_allele_out", "fold": "HLA-A*24:03", "representation": "baseline_plus_conditional_all", "loss": "ranking", "seconds": 0.17449066694825888, "last_batch_loss": 0.6251158118247986, "optimizer_steps": 20, "n_parameters": 60417}
{"fold_index": 18, "n_folds": 77, "split": "leave_one_allele_out", "fold": "HLA-A*24:07", "representation": "baseline_plus_conditional_all", "loss": "ranking", "seconds": 0.17399100004695356, "last_batch_loss": 0.6334091424942017, "optimizer_steps": 20, "n_parameters": 60417}
{"fold_index": 19, "n_folds": 77, "split": "leave_one_allele_out", "fold": "HLA-A*24:19", "representation": "baseline_plus_conditional_all", "loss": "ranking", "seconds": 0.17714170808903873, "last_batch_loss": 0.6220362782478333, "optimizer_steps": 20, "n_parameters": 60417}
{"fold_index": 20, "n_folds": 77, "split": "leave_one_allele_out", "fold": "HLA-A*25:01", "representation": "baseline_plus_conditional_all", "loss": "ranking", "seconds": 0.17168029095046222, "last_batch_loss": 0.6325345635414124, "optimizer_steps": 20, "n_parameters": 60417}
{"fold_index": 21, "n_folds": 77, "split": "leave_one_allele_out", "fold": "HLA-A*26:01", "representation": "baseline_plus_conditional_all", "loss": "ranking", "seconds": 0.21578258299268782, "last_batch_loss": 0.6267897486686707, "optimizer_steps": 20, "n_parameters": 60417}
{"fold_index": 22, "n_folds": 77, "split": "leave_one_allele_out", "fold": "HLA-A*26:02", "representation": "baseline_plus_conditional_all", "loss": "ranking", "seconds": 0.169354832964018, "last_batch_loss": 0.6253413558006287, "optimizer_steps": 20, "n_parameters": 60417}
{"fold_index": 23, "n_folds": 77, "split": "leave_one_allele_out", "fold": "HLA-A*26:03", "representation": "baseline_plus_conditional_all", "loss": "ranking", "seconds": 0.17404441605322063, "last_batch_loss": 0.6294519305229187, "optimizer_steps": 20, "n_parameters": 60417}
{"fold_index": 24, "n_folds": 77, "split": "leave_one_allele_out", "fold": "HLA-A*29:02", "representation": "baseline_plus_conditional_all", "loss": "ranking", "seconds": 0.1750924999359995, "last_batch_loss": 0.6337195038795471, "optimizer_steps": 20, "n_parameters": 60417}
{"fold_index": 25, "n_folds": 77, "split": "leave_one_allele_out", "fold": "HLA-A*30:01", "representation": "baseline_plus_conditional_all", "loss": "ranking", "seconds": 0.17380166589282453, "last_batch_loss": 0.6339489817619324, "optimizer_steps": 20, "n_parameters": 60417}
{"fold_index": 26, "n_folds": 77, "split": "leave_one_allele_out", "fold": "HLA-A*30:02", "representation": "baseline_plus_conditional_all", "loss": "ranking", "seconds": 0.1648641659412533, "last_batch_loss": 0.6383188366889954, "optimizer_steps": 20, "n_parameters": 60417}
{"fold_index": 27, "n_folds": 77, "split": "leave_one_allele_out", "fold": "HLA-A*31:01", "representation": "baseline_plus_conditional_all", "loss": "ranking", "seconds": 0.19082524999976158, "last_batch_loss": 0.621087908744812, "optimizer_steps": 20, "n_parameters": 60417}
{"fold_index": 28, "n_folds": 77, "split": "leave_one_allele_out", "fold": "HLA-A*32:01", "representation": "baseline_plus_conditional_all", "loss": "ranking", "seconds": 0.22555708303116262, "last_batch_loss": 0.6278944611549377, "optimizer_steps": 20, "n_parameters": 60417}
{"fold_index": 29, "n_folds": 77, "split": "leave_one_allele_out", "fold": "HLA-A*32:07", "representation": "baseline_plus_conditional_all", "loss": "ranking", "seconds": 0.19953829189762473, "last_batch_loss": 0.6381270289421082, "optimizer_steps": 20, "n_parameters": 60417}
{"fold_index": 30, "n_folds": 77, "split": "leave_one_allele_out", "fold": "HLA-A*33:03", "representation": "baseline_plus_conditional_all", "loss": "ranking", "seconds": 0.16626395797356963, "last_batch_loss": 0.6285621523857117, "optimizer_steps": 20, "n_parameters": 60417}
{"fold_index": 31, "n_folds": 77, "split": "leave_one_allele_out", "fold": "HLA-A*43:01", "representation": "baseline_plus_conditional_all", "loss": "ranking", "seconds": 0.24103029095567763, "last_batch_loss": 0.617910623550415, "optimizer_steps": 20, "n_parameters": 60417}
{"fold_index": 32, "n_folds": 77, "split": "leave_one_allele_out", "fold": "HLA-A*66:01", "representation": "baseline_plus_conditional_all", "loss": "ranking", "seconds": 0.2681952079292387, "last_batch_loss": 0.6170938611030579, "optimizer_steps": 20, "n_parameters": 60417}
{"fold_index": 33, "n_folds": 77, "split": "leave_one_allele_out", "fold": "HLA-A*68:01", "representation": "baseline_plus_conditional_all", "loss": "ranking", "seconds": 0.200108541874215, "last_batch_loss": 0.6187242865562439, "optimizer_steps": 20, "n_parameters": 60417}
{"fold_index": 34, "n_folds": 77, "split": "leave_one_allele_out", "fold": "HLA-A*68:02", "representation": "baseline_plus_conditional_all", "loss": "ranking", "seconds": 0.14341591694392264, "last_batch_loss": 0.6330075263977051, "optimizer_steps": 20, "n_parameters": 60417}
{"fold_index": 35, "n_folds": 77, "split": "leave_one_allele_out", "fold": "HLA-A*68:23", "representation": "baseline_plus_conditional_all", "loss": "ranking", "seconds": 0.14727349998429418, "last_batch_loss": 0.6289263963699341, "optimizer_steps": 20, "n_parameters": 60417}
{"fold_index": 36, "n_folds": 77, "split": "leave_one_allele_out", "fold": "HLA-A*69:01", "representation": "baseline_plus_conditional_all", "loss": "ranking", "seconds": 0.15081095905043185, "last_batch_loss": 0.6292027831077576, "optimizer_steps": 20, "n_parameters": 60417}
{"fold_index": 37, "n_folds": 77, "split": "leave_one_allele_out", "fold": "HLA-A*74:01", "representation": "baseline_plus_conditional_all", "loss": "ranking", "seconds": 0.14881983282975852, "last_batch_loss": 0.6400690674781799, "optimizer_steps": 20, "n_parameters": 60417}
{"fold_index": 38, "n_folds": 77, "split": "leave_one_allele_out", "fold": "HLA-A*80:01", "representation": "baseline_plus_conditional_all", "loss": "ranking", "seconds": 0.1502772921230644, "last_batch_loss": 0.6220225095748901, "optimizer_steps": 20, "n_parameters": 60417}
{"fold_index": 39, "n_folds": 77, "split": "leave_one_allele_out", "fold": "HLA-B*07:02", "representation": "baseline_plus_conditional_all", "loss": "ranking", "seconds": 0.14794475003145635, "last_batch_loss": 0.6226518750190735, "optimizer_steps": 20, "n_parameters": 60417}
{"fold_index": 40, "n_folds": 77, "split": "leave_one_allele_out", "fold": "HLA-B*08:01", "representation": "baseline_plus_conditional_all", "loss": "ranking", "seconds": 0.15068187494762242, "last_batch_loss": 0.6389049291610718, "optimizer_steps": 20, "n_parameters": 60417}
{"fold_index": 41, "n_folds": 77, "split": "leave_one_allele_out", "fold": "HLA-B*08:03", "representation": "baseline_plus_conditional_all", "loss": "ranking", "seconds": 0.1662045419216156, "last_batch_loss": 0.6147016286849976, "optimizer_steps": 20, "n_parameters": 60417}
{"fold_index": 42, "n_folds": 77, "split": "leave_one_allele_out", "fold": "HLA-B*13:02", "representation": "baseline_plus_conditional_all", "loss": "ranking", "seconds": 0.18283016700297594, "last_batch_loss": 0.6170862913131714, "optimizer_steps": 20, "n_parameters": 60417}
{"fold_index": 43, "n_folds": 77, "split": "leave_one_allele_out", "fold": "HLA-B*14:01(C67S)", "representation": "baseline_plus_conditional_all", "loss": "ranking", "seconds": 0.16588737489655614, "last_batch_loss": 0.6322833895683289, "optimizer_steps": 20, "n_parameters": 60417}
{"fold_index": 44, "n_folds": 77, "split": "leave_one_allele_out", "fold": "HLA-B*14:02(C67S)", "representation": "baseline_plus_conditional_all", "loss": "ranking", "seconds": 0.21399004198610783, "last_batch_loss": 0.6233021020889282, "optimizer_steps": 20, "n_parameters": 60417}
{"fold_index": 45, "n_folds": 77, "split": "leave_one_allele_out", "fold": "HLA-B*15:01", "representation": "baseline_plus_conditional_all", "loss": "ranking", "seconds": 0.19312316714785993, "last_batch_loss": 0.6325720548629761, "optimizer_steps": 20, "n_parameters": 60417}
{"fold_index": 46, "n_folds": 77, "split": "leave_one_allele_out", "fold": "HLA-B*15:02", "representation": "baseline_plus_conditional_all", "loss": "ranking", "seconds": 0.16081229108385742, "last_batch_loss": 0.622420608997345, "optimizer_steps": 20, "n_parameters": 60417}
{"fold_index": 47, "n_folds": 77, "split": "leave_one_allele_out", "fold": "HLA-B*15:10", "representation": "baseline_plus_conditional_all", "loss": "ranking", "seconds": 0.16066295909695327, "last_batch_loss": 0.6072422862052917, "optimizer_steps": 20, "n_parameters": 60417}
{"fold_index": 48, "n_folds": 77, "split": "leave_one_allele_out", "fold": "HLA-B*15:17", "representation": "baseline_plus_conditional_all", "loss": "ranking", "seconds": 0.16081191692501307, "last_batch_loss": 0.6363558769226074, "optimizer_steps": 20, "n_parameters": 60417}
{"fold_index": 49, "n_folds": 77, "split": "leave_one_allele_out", "fold": "HLA-B*18:01", "representation": "baseline_plus_conditional_all", "loss": "ranking", "seconds": 0.16005041706375778, "last_batch_loss": 0.6327330470085144, "optimizer_steps": 20, "n_parameters": 60417}
{"fold_index": 50, "n_folds": 77, "split": "leave_one_allele_out", "fold": "HLA-B*27:02", "representation": "baseline_plus_conditional_all", "loss": "ranking", "seconds": 0.14696004195138812, "last_batch_loss": 0.6174284815788269, "optimizer_steps": 20, "n_parameters": 60417}
{"fold_index": 51, "n_folds": 77, "split": "leave_one_allele_out", "fold": "HLA-B*27:03", "representation": "baseline_plus_conditional_all", "loss": "ranking", "seconds": 0.1511427911464125, "last_batch_loss": 0.6289205551147461, "optimizer_steps": 20, "n_parameters": 60417}
{"fold_index": 52, "n_folds": 77, "split": "leave_one_allele_out", "fold": "HLA-B*27:05", "representation": "baseline_plus_conditional_all", "loss": "ranking", "seconds": 0.14553520898334682, "last_batch_loss": 0.6360312700271606, "optimizer_steps": 20, "n_parameters": 60417}
{"fold_index": 53, "n_folds": 77, "split": "leave_one_allele_out", "fold": "HLA-B*27:20", "representation": "baseline_plus_conditional_all", "loss": "ranking", "seconds": 0.15047104214318097, "last_batch_loss": 0.6295368671417236, "optimizer_steps": 20, "n_parameters": 60417}
{"fold_index": 54, "n_folds": 77, "split": "leave_one_allele_out", "fold": "HLA-B*35:01", "representation": "baseline_plus_conditional_all", "loss": "ranking", "seconds": 0.14565195911563933, "last_batch_loss": 0.6309252381324768, "optimizer_steps": 20, "n_parameters": 60417}
{"fold_index": 55, "n_folds": 77, "split": "leave_one_allele_out", "fold": "HLA-B*35:03", "representation": "baseline_plus_conditional_all", "loss": "ranking", "seconds": 0.1367045841179788, "last_batch_loss": 0.6264203786849976, "optimizer_steps": 20, "n_parameters": 60417}
{"fold_index": 56, "n_folds": 77, "split": "leave_one_allele_out", "fold": "HLA-B*35:08", "representation": "baseline_plus_conditional_all", "loss": "ranking", "seconds": 0.13314129202626646, "last_batch_loss": 0.6308903098106384, "optimizer_steps": 20, "n_parameters": 60417}
{"fold_index": 57, "n_folds": 77, "split": "leave_one_allele_out", "fold": "HLA-B*39:01", "representation": "baseline_plus_conditional_all", "loss": "ranking", "seconds": 0.1332707500550896, "last_batch_loss": 0.6303392648696899, "optimizer_steps": 20, "n_parameters": 60417}
{"fold_index": 58, "n_folds": 77, "split": "leave_one_allele_out", "fold": "HLA-B*39:02", "representation": "baseline_plus_conditional_all", "loss": "ranking", "seconds": 0.13711741683073342, "last_batch_loss": 0.6306483745574951, "optimizer_steps": 20, "n_parameters": 60417}
{"fold_index": 59, "n_folds": 77, "split": "leave_one_allele_out", "fold": "HLA-B*39:06(C67S)", "representation": "baseline_plus_conditional_all", "loss": "ranking", "seconds": 0.15318258409388363, "last_batch_loss": 0.6319078207015991, "optimizer_steps": 20, "n_parameters": 60417}
{"fold_index": 60, "n_folds": 77, "split": "leave_one_allele_out", "fold": "HLA-B*39:10", "representation": "baseline_plus_conditional_all", "loss": "ranking", "seconds": 0.15771766705438495, "last_batch_loss": 0.6314137578010559, "optimizer_steps": 20, "n_parameters": 60417}
{"fold_index": 61, "n_folds": 77, "split": "leave_one_allele_out", "fold": "HLA-B*40:01", "representation": "baseline_plus_conditional_all", "loss": "ranking", "seconds": 0.13993875007145107, "last_batch_loss": 0.6215329766273499, "optimizer_steps": 20, "n_parameters": 60417}
{"fold_index": 62, "n_folds": 77, "split": "leave_one_allele_out", "fold": "HLA-B*40:02", "representation": "baseline_plus_conditional_all", "loss": "ranking", "seconds": 0.14399833395145833, "last_batch_loss": 0.6391192674636841, "optimizer_steps": 20, "n_parameters": 60417}
{"fold_index": 63, "n_folds": 77, "split": "leave_one_allele_out", "fold": "HLA-B*41:01", "representation": "baseline_plus_conditional_all", "loss": "ranking", "seconds": 0.14309762511402369, "last_batch_loss": 0.6396082043647766, "optimizer_steps": 20, "n_parameters": 60417}
{"fold_index": 64, "n_folds": 77, "split": "leave_one_allele_out", "fold": "HLA-B*42:01", "representation": "baseline_plus_conditional_all", "loss": "ranking", "seconds": 0.14067012490704656, "last_batch_loss": 0.6271896362304688, "optimizer_steps": 20, "n_parameters": 60417}
{"fold_index": 65, "n_folds": 77, "split": "leave_one_allele_out", "fold": "HLA-B*42:02", "representation": "baseline_plus_conditional_all", "loss": "ranking", "seconds": 0.14687416702508926, "last_batch_loss": 0.6211029291152954, "optimizer_steps": 20, "n_parameters": 60417}
{"fold_index": 66, "n_folds": 77, "split": "leave_one_allele_out", "fold": "HLA-B*44:05", "representation": "baseline_plus_conditional_all", "loss": "ranking", "seconds": 0.1493651659693569, "last_batch_loss": 0.6189992427825928, "optimizer_steps": 20, "n_parameters": 60417}
{"fold_index": 67, "n_folds": 77, "split": "leave_one_allele_out", "fold": "HLA-B*45:01", "representation": "baseline_plus_conditional_all", "loss": "ranking", "seconds": 0.14614724996499717, "last_batch_loss": 0.6272808909416199, "optimizer_steps": 20, "n_parameters": 60417}
{"fold_index": 68, "n_folds": 77, "split": "leave_one_allele_out", "fold": "HLA-B*46:01", "representation": "baseline_plus_conditional_all", "loss": "ranking", "seconds": 0.15654262504540384, "last_batch_loss": 0.6247285008430481, "optimizer_steps": 20, "n_parameters": 60417}
{"fold_index": 69, "n_folds": 77, "split": "leave_one_allele_out", "fold": "HLA-B*51:01", "representation": "baseline_plus_conditional_all", "loss": "ranking", "seconds": 0.1853805419523269, "last_batch_loss": 0.6244331002235413, "optimizer_steps": 20, "n_parameters": 60417}
{"fold_index": 70, "n_folds": 77, "split": "leave_one_allele_out", "fold": "HLA-B*54:01", "representation": "baseline_plus_conditional_all", "loss": "ranking", "seconds": 0.14381066686473787, "last_batch_loss": 0.6344023942947388, "optimizer_steps": 20, "n_parameters": 60417}
{"fold_index": 71, "n_folds": 77, "split": "leave_one_allele_out", "fold": "HLA-B*55:01", "representation": "baseline_plus_conditional_all", "loss": "ranking", "seconds": 0.13526679202914238, "last_batch_loss": 0.6186360120773315, "optimizer_steps": 20, "n_parameters": 60417}
{"fold_index": 72, "n_folds": 77, "split": "leave_one_allele_out", "fold": "HLA-B*56:01", "representation": "baseline_plus_conditional_all", "loss": "ranking", "seconds": 0.13526370818726718, "last_batch_loss": 0.62473064661026, "optimizer_steps": 20, "n_parameters": 60417}
{"fold_index": 73, "n_folds": 77, "split": "leave_one_allele_out", "fold": "HLA-B*57:01", "representation": "baseline_plus_conditional_all", "loss": "ranking", "seconds": 0.12932537496089935, "last_batch_loss": 0.6278192400932312, "optimizer_steps": 20, "n_parameters": 60417}
{"fold_index": 74, "n_folds": 77, "split": "leave_one_allele_out", "fold": "HLA-B*57:02", "representation": "baseline_plus_conditional_all", "loss": "ranking", "seconds": 0.13701087492518127, "last_batch_loss": 0.6295790672302246, "optimizer_steps": 20, "n_parameters": 60417}
{"fold_index": 75, "n_folds": 77, "split": "leave_one_allele_out", "fold": "HLA-B*57:03", "representation": "baseline_plus_conditional_all", "loss": "ranking", "seconds": 0.1306095418985933, "last_batch_loss": 0.6309003829956055, "optimizer_steps": 20, "n_parameters": 60417}
{"fold_index": 76, "n_folds": 77, "split": "leave_one_allele_out", "fold": "HLA-B*58:01", "representation": "baseline_plus_conditional_all", "loss": "ranking", "seconds": 0.13310429197736084, "last_batch_loss": 0.6229066252708435, "optimizer_steps": 20, "n_parameters": 60417}
{"fold_index": 77, "n_folds": 77, "split": "leave_one_allele_out", "fold": "HLA-B*81:01", "representation": "baseline_plus_conditional_all", "loss": "ranking", "seconds": 0.13250691699795425, "last_batch_loss": 0.6198446750640869, "optimizer_steps": 20, "n_parameters": 60417}
Completed pilot: 1395 prediction rows saved to outputs/baselines/pilot_conditional_ranking/predictions.csv.gz
