{"fold_index": 1, "n_folds": 77, "split": "random", "fold": "holdout", "representation": "baseline_plus_unconditional_all", "loss": "ranking", "seconds": 0.2701467080041766, "last_batch_loss": 0.6267467737197876, "optimizer_steps": 20, "n_parameters": 60417}
{"fold_index": 2, "n_folds": 77, "split": "peptide_disjoint", "fold": "holdout", "representation": "baseline_plus_unconditional_all", "loss": "ranking", "seconds": 0.1924034170806408, "last_batch_loss": 0.6247648000717163, "optimizer_steps": 20, "n_parameters": 60417}
{"fold_index": 3, "n_folds": 77, "split": "leave_one_allele_out", "fold": "HLA-A*01:01", "representation": "baseline_plus_unconditional_all", "loss": "ranking", "seconds": 0.1764696252066642, "last_batch_loss": 0.6366422176361084, "optimizer_steps": 20, "n_parameters": 60417}
{"fold_index": 4, "n_folds": 77, "split": "leave_one_allele_out", "fold": "HLA-A*02:01", "representation": "baseline_plus_unconditional_all", "loss": "ranking", "seconds": 0.18214949988760054, "last_batch_loss": 0.6373121738433838, "optimizer_steps": 20, "n_parameters": 60417}
{"fold_index": 5, "n_folds": 77, "split": "leave_one_allele_out", "fold": "HLA-A*02:03", "representation": "baseline_plus_unconditional_all", "loss": "ranking", "seconds": 0.17532666609622538, "last_batch_loss": 0.641891360282898, "optimizer_steps": 20, "n_parameters": 60417}
{"fold_index": 6, "n_folds": 77, "split": "leave_one_allele_out", "fold": "HLA-A*02:05", "representation": "baseline_plus_unconditional_all", "loss": "ranking", "seconds": 0.2631148330401629, "last_batch_loss": 0.6319637894630432, "optimizer_steps": 20, "n_parameters": 60417}
{"fold_index": 7, "n_folds": 77, "split": "leave_one_allele_out", "fold": "HLA-A*02:10", "representation": "baseline_plus_unconditional_all", "loss": "ranking", "seconds": 0.31597237498499453, "last_batch_loss": 0.6173428893089294, "optimizer_steps": 20, "n_parameters": 60417}
{"fold_index": 8, "n_folds": 77, "split": "leave_one_allele_out", "fold": "HLA-A*02:11", "representation": "baseline_plus_unconditional_all", "loss": "ranking", "seconds": 0.17643133294768631, "last_batch_loss": 0.6289141178131104, "optimizer_steps": 20, "n_parameters": 60417}
{"fold_index": 9, "n_folds": 77, "split": "leave_one_allele_out", "fold": "HLA-A*02:12", "representation": "baseline_plus_unconditional_all", "loss": "ranking", "seconds": 0.18446491588838398, "last_batch_loss": 0.6310175657272339, "optimizer_steps": 20, "n_parameters": 60417}
{"fold_index": 10, "n_folds": 77, "split": "leave_one_allele_out", "fold": "HLA-A*02:16", "representation": "baseline_plus_unconditional_all", "loss": "ranking", "seconds": 0.17760191694833338, "last_batch_loss": 0.629413366317749, "optimizer_steps": 20, "n_parameters": 60417}
{"fold_index": 11, "n_folds": 77, "split": "leave_one_allele_out", "fold": "HLA-A*02:19", "representation": "baseline_plus_unconditional_all", "loss": "ranking", "seconds": 0.19028716580942273, "last_batch_loss": 0.638688862323761, "optimizer_steps": 20, "n_parameters": 60417}
{"fold_index": 12, "n_folds": 77, "split": "leave_one_allele_out", "fold": "HLA-A*02:50", "representation": "baseline_plus_unconditional_all", "loss": "ranking", "seconds": 0.1765832498203963, "last_batch_loss": 0.6313405632972717, "optimizer_steps": 20, "n_parameters": 60417}
{"fold_index": 13, "n_folds": 77, "split": "leave_one_allele_out", "fold": "HLA-A*03:01", "representation": "baseline_plus_unconditional_all", "loss": "ranking", "seconds": 0.15602333308197558, "last_batch_loss": 0.619515597820282, "optimizer_steps": 20, "n_parameters": 60417}
{"fold_index": 14, "n_folds": 77, "split": "leave_one_allele_out", "fold": "HLA-A*11:01", "representation": "baseline_plus_unconditional_all", "loss": "ranking", "seconds": 0.17954116710461676, "last_batch_loss": 0.6182265877723694, "optimizer_steps": 20, "n_parameters": 60417}
{"fold_index": 15, "n_folds": 77, "split": "leave_one_allele_out", "fold": "HLA-A*23:01", "representation": "baseline_plus_unconditional_all", "loss": "ranking", "seconds": 0.18213820783421397, "last_batch_loss": 0.6232963800430298, "optimizer_steps": 20, "n_parameters": 60417}
{"fold_index": 16, "n_folds": 77, "split": "leave_one_allele_out", "fold": "HLA-A*24:02", "representation": "baseline_plus_unconditional_all", "loss": "ranking", "seconds": 0.20217183302156627, "last_batch_loss": 0.635522186756134, "optimizer_steps": 20, "n_parameters": 60417}
{"fold_index": 17, "n_folds": 77, "split": "leave_one_allele_out", "fold": "HLA-A*24:03", "representation": "baseline_plus_unconditional_all", "loss": "ranking", "seconds": 0.2425738328602165, "last_batch_loss": 0.6239162683486938, "optimizer_steps": 20, "n_parameters": 60417}
{"fold_index": 18, "n_folds": 77, "split": "leave_one_allele_out", "fold": "HLA-A*24:07", "representation": "baseline_plus_unconditional_all", "loss": "ranking", "seconds": 0.18425091612152755, "last_batch_loss": 0.62586510181427, "optimizer_steps": 20, "n_parameters": 60417}
{"fold_index": 19, "n_folds": 77, "split": "leave_one_allele_out", "fold": "HLA-A*24:19", "representation": "baseline_plus_unconditional_all", "loss": "ranking", "seconds": 0.18319845804944634, "last_batch_loss": 0.6324245929718018, "optimizer_steps": 20, "n_parameters": 60417}
{"fold_index": 20, "n_folds": 77, "split": "leave_one_allele_out", "fold": "HLA-A*25:01", "representation": "baseline_plus_unconditional_all", "loss": "ranking", "seconds": 0.19046337506733835, "last_batch_loss": 0.6318657994270325, "optimizer_steps": 20, "n_parameters": 60417}
{"fold_index": 21, "n_folds": 77, "split": "leave_one_allele_out", "fold": "HLA-A*26:01", "representation": "baseline_plus_unconditional_all", "loss": "ranking", "seconds": 0.17785120895132422, "last_batch_loss": 0.6278011202812195, "optimizer_steps": 20, "n_parameters": 60417}
{"fold_index": 22, "n_folds": 77, "split": "leave_one_allele_out", "fold": "HLA-A*26:02", "representation": "baseline_plus_unconditional_all", "loss": "ranking", "seconds": 0.17623854195699096, "last_batch_loss": 0.6278162598609924, "optimizer_steps": 20, "n_parameters": 60417}
{"fold_index": 23, "n_folds": 77, "split": "leave_one_allele_out", "fold": "HLA-A*26:03", "representation": "baseline_plus_unconditional_all", "loss": "ranking", "seconds": 0.1667141248472035, "last_batch_loss": 0.6388397216796875, "optimizer_steps": 20, "n_parameters": 60417}
{"fold_index": 24, "n_folds": 77, "split": "leave_one_allele_out", "fold": "HLA-A*29:02", "representation": "baseline_plus_unconditional_all", "loss": "ranking", "seconds": 0.16853237501345575, "last_batch_loss": 0.6355572938919067, "optimizer_steps": 20, "n_parameters": 60417}
{"fold_index": 25, "n_folds": 77, "split": "leave_one_allele_out", "fold": "HLA-A*30:01", "representation": "baseline_plus_unconditional_all", "loss": "ranking", "seconds": 0.1659782910719514, "last_batch_loss": 0.6349920630455017, "optimizer_steps": 20, "n_parameters": 60417}
{"fold_index": 26, "n_folds": 77, "split": "leave_one_allele_out", "fold": "HLA-A*30:02", "representation": "baseline_plus_unconditional_all", "loss": "ranking", "seconds": 0.20875200000591576, "last_batch_loss": 0.6312801837921143, "optimizer_steps": 20, "n_parameters": 60417}
{"fold_index": 27, "n_folds": 77, "split": "leave_one_allele_out", "fold": "HLA-A*31:01", "representation": "baseline_plus_unconditional_all", "loss": "ranking", "seconds": 0.17455829097889364, "last_batch_loss": 0.6300401091575623, "optimizer_steps": 20, "n_parameters": 60417}
{"fold_index": 28, "n_folds": 77, "split": "leave_one_allele_out", "fold": "HLA-A*32:01", "representation": "baseline_plus_unconditional_all", "loss": "ranking", "seconds": 0.16464545810595155, "last_batch_loss": 0.6302084922790527, "optimizer_steps": 20, "n_parameters": 60417}
{"fold_index": 29, "n_folds": 77, "split": "leave_one_allele_out", "fold": "HLA-A*32:07", "representation": "baseline_plus_unconditional_all", "loss": "ranking", "seconds": 0.16369987512007356, "last_batch_loss": 0.6312479972839355, "optimizer_steps": 20, "n_parameters": 60417}
{"fold_index": 30, "n_folds": 77, "split": "leave_one_allele_out", "fold": "HLA-A*33:03", "representation": "baseline_plus_unconditional_all", "loss": "ranking", "seconds": 0.16838529193773866, "last_batch_loss": 0.6328104734420776, "optimizer_steps": 20, "n_parameters": 60417}
{"fold_index": 31, "n_folds": 77, "split": "leave_one_allele_out", "fold": "HLA-A*43:01", "representation": "baseline_plus_unconditional_all", "loss": "ranking", "seconds": 0.1747577921487391, "last_batch_loss": 0.6208968758583069, "optimizer_steps": 20, "n_parameters": 60417}
{"fold_index": 32, "n_folds": 77, "split": "leave_one_allele_out", "fold": "HLA-A*66:01", "representation": "baseline_plus_unconditional_all", "loss": "ranking", "seconds": 0.19129791599698365, "last_batch_loss": 0.644058108329773, "optimizer_steps": 20, "n_parameters": 60417}
{"fold_index": 33, "n_folds": 77, "split": "leave_one_allele_out", "fold": "HLA-A*68:01", "representation": "baseline_plus_unconditional_all", "loss": "ranking", "seconds": 0.17938858293928206, "last_batch_loss": 0.6266277432441711, "optimizer_steps": 20, "n_parameters": 60417}
{"fold_index": 34, "n_folds": 77, "split": "leave_one_allele_out", "fold": "HLA-A*68:02", "representation": "baseline_plus_unconditional_all", "loss": "ranking", "seconds": 0.16927374992519617, "last_batch_loss": 0.633476734161377, "optimizer_steps": 20, "n_parameters": 60417}
{"fold_index": 35, "n_folds": 77, "split": "leave_one_allele_out", "fold": "HLA-A*68:23", "representation": "baseline_plus_unconditional_all", "loss": "ranking", "seconds": 0.18967683287337422, "last_batch_loss": 0.622522234916687, "optimizer_steps": 20, "n_parameters": 60417}
{"fold_index": 36, "n_folds": 77, "split": "leave_one_allele_out", "fold": "HLA-A*69:01", "representation": "baseline_plus_unconditional_all", "loss": "ranking", "seconds": 0.17969845817424357, "last_batch_loss": 0.6115134954452515, "optimizer_steps": 20, "n_parameters": 60417}
{"fold_index": 37, "n_folds": 77, "split": "leave_one_allele_out", "fold": "HLA-A*74:01", "representation": "baseline_plus_unconditional_all", "loss": "ranking", "seconds": 0.17484370898455381, "last_batch_loss": 0.6399363875389099, "optimizer_steps": 20, "n_parameters": 60417}
{"fold_index": 38, "n_folds": 77, "split": "leave_one_allele_out", "fold": "HLA-A*80:01", "representation": "baseline_plus_unconditional_all", "loss": "ranking", "seconds": 0.1740324581041932, "last_batch_loss": 0.6359597444534302, "optimizer_steps": 20, "n_parameters": 60417}
{"fold_index": 39, "n_folds": 77, "split": "leave_one_allele_out", "fold": "HLA-B*07:02", "representation": "baseline_plus_unconditional_all", "loss": "ranking", "seconds": 0.17712604184634984, "last_batch_loss": 0.642207682132721, "optimizer_steps": 20, "n_parameters": 60417}
{"fold_index": 40, "n_folds": 77, "split": "leave_one_allele_out", "fold": "HLA-B*08:01", "representation": "baseline_plus_unconditional_all", "loss": "ranking", "seconds": 0.22128766612149775, "last_batch_loss": 0.6282320618629456, "optimizer_steps": 20, "n_parameters": 60417}
{"fold_index": 41, "n_folds": 77, "split": "leave_one_allele_out", "fold": "HLA-B*08:03", "representation": "baseline_plus_unconditional_all", "loss": "ranking", "seconds": 0.17046925006434321, "last_batch_loss": 0.6263673901557922, "optimizer_steps": 20, "n_parameters": 60417}
{"fold_index": 42, "n_folds": 77, "split": "leave_one_allele_out", "fold": "HLA-B*13:02", "representation": "baseline_plus_unconditional_all", "loss": "ranking", "seconds": 0.1748433329630643, "last_batch_loss": 0.6250016093254089, "optimizer_steps": 20, "n_parameters": 60417}
{"fold_index": 43, "n_folds": 77, "split": "leave_one_allele_out", "fold": "HLA-B*14:01(C67S)", "representation": "baseline_plus_unconditional_all", "loss": "ranking", "seconds": 0.17657545791007578, "last_batch_loss": 0.6393285393714905, "optimizer_steps": 20, "n_parameters": 60417}
{"fold_index": 44, "n_folds": 77, "split": "leave_one_allele_out", "fold": "HLA-B*14:02(C67S)", "representation": "baseline_plus_unconditional_all", "loss": "ranking", "seconds": 0.16457566688768566, "last_batch_loss": 0.6324357986450195, "optimizer_steps": 20, "n_parameters": 60417}
{"fold_index": 45, "n_folds": 77, "split": "leave_one_allele_out", "fold": "HLA-B*15:01", "representation": "baseline_plus_unconditional_all", "loss": "ranking", "seconds": 0.16929091699421406, "last_batch_loss": 0.6241254210472107, "optimizer_steps": 20, "n_parameters": 60417}
{"fold_index": 46, "n_folds": 77, "split": "leave_one_allele_out", "fold": "HLA-B*15:02", "representation": "baseline_plus_unconditional_all", "loss": "ranking", "seconds": 0.19752479204908013, "last_batch_loss": 0.6470655202865601, "optimizer_steps": 20, "n_parameters": 60417}
{"fold_index": 47, "n_folds": 77, "split": "leave_one_allele_out", "fold": "HLA-B*15:10", "representation": "baseline_plus_unconditional_all", "loss": "ranking", "seconds": 0.22434254200197756, "last_batch_loss": 0.6145625114440918, "optimizer_steps": 20, "n_parameters": 60417}
{"fold_index": 48, "n_folds": 77, "split": "leave_one_allele_out", "fold": "HLA-B*15:17", "representation": "baseline_plus_unconditional_all", "loss": "ranking", "seconds": 0.18537037493661046, "last_batch_loss": 0.6173277497291565, "optimizer_steps": 20, "n_parameters": 60417}
{"fold_index": 49, "n_folds": 77, "split": "leave_one_allele_out", "fold": "HLA-B*18:01", "representation": "baseline_plus_unconditional_all", "loss": "ranking", "seconds": 0.17641449999064207, "last_batch_loss": 0.6251633167266846, "optimizer_steps": 20, "n_parameters": 60417}
{"fold_index": 50, "n_folds": 77, "split": "leave_one_allele_out", "fold": "HLA-B*27:02", "representation": "baseline_plus_unconditional_all", "loss": "ranking", "seconds": 0.2433037080336362, "last_batch_loss": 0.6357255578041077, "optimizer_steps": 20, "n_parameters": 60417}
{"fold_index": 51, "n_folds": 77, "split": "leave_one_allele_out", "fold": "HLA-B*27:03", "representation": "baseline_plus_unconditional_all", "loss": "ranking", "seconds": 0.22085141716524959, "last_batch_loss": 0.6183905601501465, "optimizer_steps": 20, "n_parameters": 60417}
{"fold_index": 52, "n_folds": 77, "split": "leave_one_allele_out", "fold": "HLA-B*27:05", "representation": "baseline_plus_unconditional_all", "loss": "ranking", "seconds": 0.19889229210093617, "last_batch_loss": 0.6360923051834106, "optimizer_steps": 20, "n_parameters": 60417}
{"fold_index": 53, "n_folds": 77, "split": "leave_one_allele_out", "fold": "HLA-B*27:20", "representation": "baseline_plus_unconditional_all", "loss": "ranking", "seconds": 0.14750075014308095, "last_batch_loss": 0.6272106766700745, "optimizer_steps": 20, "n_parameters": 60417}
{"fold_index": 54, "n_folds": 77, "split": "leave_one_allele_out", "fold": "HLA-B*35:01", "representation": "baseline_plus_unconditional_all", "loss": "ranking", "seconds": 0.14972216612659395, "last_batch_loss": 0.6373377442359924, "optimizer_steps": 20, "n_parameters": 60417}
{"fold_index": 55, "n_folds": 77, "split": "leave_one_allele_out", "fold": "HLA-B*35:03", "representation": "baseline_plus_unconditional_all", "loss": "ranking", "seconds": 0.15043974993750453, "last_batch_loss": 0.6282838582992554, "optimizer_steps": 20, "n_parameters": 60417}
{"fold_index": 56, "n_folds": 77, "split": "leave_one_allele_out", "fold": "HLA-B*35:08", "representation": "baseline_plus_unconditional_all", "loss": "ranking", "seconds": 0.15290304203517735, "last_batch_loss": 0.6410039663314819, "optimizer_steps": 20, "n_parameters": 60417}
{"fold_index": 57, "n_folds": 77, "split": "leave_one_allele_out", "fold": "HLA-B*39:01", "representation": "baseline_plus_unconditional_all", "loss": "ranking", "seconds": 0.14788850001059473, "last_batch_loss": 0.6346163749694824, "optimizer_steps": 20, "n_parameters": 60417}
{"fold_index": 58, "n_folds": 77, "split": "leave_one_allele_out", "fold": "HLA-B*39:02", "representation": "baseline_plus_unconditional_all", "loss": "ranking", "seconds": 0.15154549991711974, "last_batch_loss": 0.6305184364318848, "optimizer_steps": 20, "n_parameters": 60417}
{"fold_index": 59, "n_folds": 77, "split": "leave_one_allele_out", "fold": "HLA-B*39:06(C67S)", "representation": "baseline_plus_unconditional_all", "loss": "ranking", "seconds": 0.1529170419089496, "last_batch_loss": 0.6360347270965576, "optimizer_steps": 20, "n_parameters": 60417}
{"fold_index": 60, "n_folds": 77, "split": "leave_one_allele_out", "fold": "HLA-B*39:10", "representation": "baseline_plus_unconditional_all", "loss": "ranking", "seconds": 0.17897383403033018, "last_batch_loss": 0.6243758201599121, "optimizer_steps": 20, "n_parameters": 60417}
{"fold_index": 61, "n_folds": 77, "split": "leave_one_allele_out", "fold": "HLA-B*40:01", "representation": "baseline_plus_unconditional_all", "loss": "ranking", "seconds": 0.18376437504775822, "last_batch_loss": 0.6168309450149536, "optimizer_steps": 20, "n_parameters": 60417}
{"fold_index": 62, "n_folds": 77, "split": "leave_one_allele_out", "fold": "HLA-B*40:02", "representation": "baseline_plus_unconditional_all", "loss": "ranking", "seconds": 0.17950291698798537, "last_batch_loss": 0.6262726187705994, "optimizer_steps": 20, "n_parameters": 60417}
{"fold_index": 63, "n_folds": 77, "split": "leave_one_allele_out", "fold": "HLA-B*41:01", "representation": "baseline_plus_unconditional_all", "loss": "ranking", "seconds": 0.26750541594810784, "last_batch_loss": 0.632202684879303, "optimizer_steps": 20, "n_parameters": 60417}
{"fold_index": 64, "n_folds": 77, "split": "leave_one_allele_out", "fold": "HLA-B*42:01", "representation": "baseline_plus_unconditional_all", "loss": "ranking", "seconds": 0.18077612482011318, "last_batch_loss": 0.6429502367973328, "optimizer_steps": 20, "n_parameters": 60417}
{"fold_index": 65, "n_folds": 77, "split": "leave_one_allele_out", "fold": "HLA-B*42:02", "representation": "baseline_plus_unconditional_all", "loss": "ranking", "seconds": 0.15193595900200307, "last_batch_loss": 0.6423494219779968, "optimizer_steps": 20, "n_parameters": 60417}
{"fold_index": 66, "n_folds": 77, "split": "leave_one_allele_out", "fold": "HLA-B*44:05", "representation": "baseline_plus_unconditional_all", "loss": "ranking", "seconds": 0.16025791596621275, "last_batch_loss": 0.6408027410507202, "optimizer_steps": 20, "n_parameters": 60417}
{"fold_index": 67, "n_folds": 77, "split": "leave_one_allele_out", "fold": "HLA-B*45:01", "representation": "baseline_plus_unconditional_all", "loss": "ranking", "seconds": 0.16734099993482232, "last_batch_loss": 0.634088933467865, "optimizer_steps": 20, "n_parameters": 60417}
{"fold_index": 68, "n_folds": 77, "split": "leave_one_allele_out", "fold": "HLA-B*46:01", "representation": "baseline_plus_unconditional_all", "loss": "ranking", "seconds": 0.15221550012938678, "last_batch_loss": 0.6318332552909851, "optimizer_steps": 20, "n_parameters": 60417}
{"fold_index": 69, "n_folds": 77, "split": "leave_one_allele_out", "fold": "HLA-B*51:01", "representation": "baseline_plus_unconditional_all", "loss": "ranking", "seconds": 0.1676091249100864, "last_batch_loss": 0.6285088658332825, "optimizer_steps": 20, "n_parameters": 60417}
{"fold_index": 70, "n_folds": 77, "split": "leave_one_allele_out", "fold": "HLA-B*54:01", "representation": "baseline_plus_unconditional_all", "loss": "ranking", "seconds": 0.14977470901794732, "last_batch_loss": 0.6305333375930786, "optimizer_steps": 20, "n_parameters": 60417}
{"fold_index": 71, "n_folds": 77, "split": "leave_one_allele_out", "fold": "HLA-B*55:01", "representation": "baseline_plus_unconditional_all", "loss": "ranking", "seconds": 0.15082591702230275, "last_batch_loss": 0.6377842426300049, "optimizer_steps": 20, "n_parameters": 60417}
{"fold_index": 72, "n_folds": 77, "split": "leave_one_allele_out", "fold": "HLA-B*56:01", "representation": "baseline_plus_unconditional_all", "loss": "ranking", "seconds": 0.1563592089805752, "last_batch_loss": 0.6269891262054443, "optimizer_steps": 20, "n_parameters": 60417}
{"fold_index": 73, "n_folds": 77, "split": "leave_one_allele_out", "fold": "HLA-B*57:01", "representation": "baseline_plus_unconditional_all", "loss": "ranking", "seconds": 0.1419562918599695, "last_batch_loss": 0.6290452480316162, "optimizer_steps": 20, "n_parameters": 60417}
{"fold_index": 74, "n_folds": 77, "split": "leave_one_allele_out", "fold": "HLA-B*57:02", "representation": "baseline_plus_unconditional_all", "loss": "ranking", "seconds": 0.1316487907897681, "last_batch_loss": 0.6363090872764587, "optimizer_steps": 20, "n_parameters": 60417}
{"fold_index": 75, "n_folds": 77, "split": "leave_one_allele_out", "fold": "HLA-B*57:03", "representation": "baseline_plus_unconditional_all", "loss": "ranking", "seconds": 0.1391805000603199, "last_batch_loss": 0.6462714672088623, "optimizer_steps": 20, "n_parameters": 60417}
{"fold_index": 76, "n_folds": 77, "split": "leave_one_allele_out", "fold": "HLA-B*58:01", "representation": "baseline_plus_unconditional_all", "loss": "ranking", "seconds": 0.14006579108536243, "last_batch_loss": 0.6294582486152649, "optimizer_steps": 20, "n_parameters": 60417}
{"fold_index": 77, "n_folds": 77, "split": "leave_one_allele_out", "fold": "HLA-B*81:01", "representation": "baseline_plus_unconditional_all", "loss": "ranking", "seconds": 0.1387951250653714, "last_batch_loss": 0.634634256362915, "optimizer_steps": 20, "n_parameters": 60417}
Completed pilot: 1395 prediction rows saved to outputs/baselines/pilot_unconditional_ranking/predictions.csv.gz
