{"fold_index": 1, "n_folds": 77, "split": "random", "fold": "holdout", "representation": "baseline_plus_unconditional_all", "loss": "ranking", "seconds": 3.037919166032225, "last_batch_loss": 0.4375852048397064, "optimizer_steps": 440, "n_parameters": 60417}
{"fold_index": 2, "n_folds": 77, "split": "peptide_disjoint", "fold": "holdout", "representation": "baseline_plus_unconditional_all", "loss": "ranking", "seconds": 2.8694983329623938, "last_batch_loss": 0.3954450488090515, "optimizer_steps": 440, "n_parameters": 60417}
{"fold_index": 3, "n_folds": 77, "split": "leave_one_allele_out", "fold": "HLA-A*01:01", "representation": "baseline_plus_unconditional_all", "loss": "ranking", "seconds": 3.8181259168777615, "last_batch_loss": 0.3664996325969696, "optimizer_steps": 560, "n_parameters": 60417}
{"fold_index": 4, "n_folds": 77, "split": "leave_one_allele_out", "fold": "HLA-A*02:01", "representation": "baseline_plus_unconditional_all", "loss": "ranking", "seconds": 3.5165127909276634, "last_batch_loss": 0.42596641182899475, "optimizer_steps": 540, "n_parameters": 60417}
{"fold_index": 5, "n_folds": 77, "split": "leave_one_allele_out", "fold": "HLA-A*02:03", "representation": "baseline_plus_unconditional_all", "loss": "ranking", "seconds": 3.691976249916479, "last_batch_loss": 0.6110422611236572, "optimizer_steps": 560, "n_parameters": 60417}
{"fold_index": 6, "n_folds": 77, "split": "leave_one_allele_out", "fold": "HLA-A*02:05", "representation": "baseline_plus_unconditional_all", "loss": "ranking", "seconds": 4.21386041585356, "last_batch_loss": 0.406622976064682, "optimizer_steps": 560, "n_parameters": 60417}
{"fold_index": 7, "n_folds": 77, "split": "leave_one_allele_out", "fold": "HLA-A*02:10", "representation": "baseline_plus_unconditional_all", "loss": "ranking", "seconds": 4.1862616669386625, "last_batch_loss": 0.4192638695240021, "optimizer_steps": 560, "n_parameters": 60417}
{"fold_index": 8, "n_folds": 77, "split": "leave_one_allele_out", "fold": "HLA-A*02:11", "representation": "baseline_plus_unconditional_all", "loss": "ranking", "seconds": 3.93836854188703, "last_batch_loss": 0.5064095854759216, "optimizer_steps": 560, "n_parameters": 60417}
{"fold_index": 9, "n_folds": 77, "split": "leave_one_allele_out", "fold": "HLA-A*02:12", "representation": "baseline_plus_unconditional_all", "loss": "ranking", "seconds": 4.06396891688928, "last_batch_loss": 0.3823586702346802, "optimizer_steps": 560, "n_parameters": 60417}
{"fold_index": 10, "n_folds": 77, "split": "leave_one_allele_out", "fold": "HLA-A*02:16", "representation": "baseline_plus_unconditional_all", "loss": "ranking", "seconds": 4.009321833960712, "last_batch_loss": 0.46144938468933105, "optimizer_steps": 560, "n_parameters": 60417}
{"fold_index": 11, "n_folds": 77, "split": "leave_one_allele_out", "fold": "HLA-A*02:19", "representation": "baseline_plus_unconditional_all", "loss": "ranking", "seconds": 4.05865062517114, "last_batch_loss": 0.358622282743454, "optimizer_steps": 560, "n_parameters": 60417}
{"fold_index": 12, "n_folds": 77, "split": "leave_one_allele_out", "fold": "HLA-A*02:50", "representation": "baseline_plus_unconditional_all", "loss": "ranking", "seconds": 3.9097259589470923, "last_batch_loss": 0.3287593722343445, "optimizer_steps": 560, "n_parameters": 60417}
{"fold_index": 13, "n_folds": 77, "split": "leave_one_allele_out", "fold": "HLA-A*03:01", "representation": "baseline_plus_unconditional_all", "loss": "ranking", "seconds": 3.8714390420354903, "last_batch_loss": 0.39871832728385925, "optimizer_steps": 540, "n_parameters": 60417}
{"fold_index": 14, "n_folds": 77, "split": "leave_one_allele_out", "fold": "HLA-A*11:01", "representation": "baseline_plus_unconditional_all", "loss": "ranking", "seconds": 3.533724666805938, "last_batch_loss": 0.3866240084171295, "optimizer_steps": 540, "n_parameters": 60417}
{"fold_index": 15, "n_folds": 77, "split": "leave_one_allele_out", "fold": "HLA-A*23:01", "representation": "baseline_plus_unconditional_all", "loss": "ranking", "seconds": 3.791543792001903, "last_batch_loss": 0.3649940490722656, "optimizer_steps": 560, "n_parameters": 60417}
{"fold_index": 16, "n_folds": 77, "split": "leave_one_allele_out", "fold": "HLA-A*24:02", "representation": "baseline_plus_unconditional_all", "loss": "ranking", "seconds": 3.7933898330666125, "last_batch_loss": 0.41716116666793823, "optimizer_steps": 540, "n_parameters": 60417}
{"fold_index": 17, "n_folds": 77, "split": "leave_one_allele_out", "fold": "HLA-A*24:03", "representation": "baseline_plus_unconditional_all", "loss": "ranking", "seconds": 3.553175708046183, "last_batch_loss": 0.4320726692676544, "optimizer_steps": 542, "n_parameters": 60417}
{"fold_index": 18, "n_folds": 77, "split": "leave_one_allele_out", "fold": "HLA-A*24:07", "representation": "baseline_plus_unconditional_all", "loss": "ranking", "seconds": 3.8484718329273164, "last_batch_loss": 0.34187236428260803, "optimizer_steps": 560, "n_parameters": 60417}
{"fold_index": 19, "n_folds": 77, "split": "leave_one_allele_out", "fold": "HLA-A*24:19", "representation": "baseline_plus_unconditional_all", "loss": "ranking", "seconds": 5.100323874969035, "last_batch_loss": 0.4723782241344452, "optimizer_steps": 560, "n_parameters": 60417}
{"fold_index": 20, "n_folds": 77, "split": "leave_one_allele_out", "fold": "HLA-A*25:01", "representation": "baseline_plus_unconditional_all", "loss": "ranking", "seconds": 6.004731124965474, "last_batch_loss": 0.4078819453716278, "optimizer_steps": 560, "n_parameters": 60417}
{"fold_index": 21, "n_folds": 77, "split": "leave_one_allele_out", "fold": "HLA-A*26:01", "representation": "baseline_plus_unconditional_all", "loss": "ranking", "seconds": 3.9859217500779778, "last_batch_loss": 0.3953060507774353, "optimizer_steps": 560, "n_parameters": 60417}
{"fold_index": 22, "n_folds": 77, "split": "leave_one_allele_out", "fold": "HLA-A*26:02", "representation": "baseline_plus_unconditional_all", "loss": "ranking", "seconds": 3.9671136250253767, "last_batch_loss": 0.43063074350357056, "optimizer_steps": 560, "n_parameters": 60417}
{"fold_index": 23, "n_folds": 77, "split": "leave_one_allele_out", "fold": "HLA-A*26:03", "representation": "baseline_plus_unconditional_all", "loss": "ranking", "seconds": 3.618704291060567, "last_batch_loss": 0.3307572901248932, "optimizer_steps": 560, "n_parameters": 60417}
{"fold_index": 24, "n_folds": 77, "split": "leave_one_allele_out", "fold": "HLA-A*29:02", "representation": "baseline_plus_unconditional_all", "loss": "ranking", "seconds": 4.009203209076077, "last_batch_loss": 0.43915122747421265, "optimizer_steps": 560, "n_parameters": 60417}
{"fold_index": 25, "n_folds": 77, "split": "leave_one_allele_out", "fold": "HLA-A*30:01", "representation": "baseline_plus_unconditional_all", "loss": "ranking", "seconds": 3.6175059168599546, "last_batch_loss": 0.46837812662124634, "optimizer_steps": 560, "n_parameters": 60417}
{"fold_index": 26, "n_folds": 77, "split": "leave_one_allele_out", "fold": "HLA-A*30:02", "representation": "baseline_plus_unconditional_all", "loss": "ranking", "seconds": 3.6911525828763843, "last_batch_loss": 0.3830210268497467, "optimizer_steps": 560, "n_parameters": 60417}
{"fold_index": 27, "n_folds": 77, "split": "leave_one_allele_out", "fold": "HLA-A*31:01", "representation": "baseline_plus_unconditional_all", "loss": "ranking", "seconds": 3.893376916879788, "last_batch_loss": 0.49403393268585205, "optimizer_steps": 560, "n_parameters": 60417}
{"fold_index": 28, "n_folds": 77, "split": "leave_one_allele_out", "fold": "HLA-A*32:01", "representation": "baseline_plus_unconditional_all", "loss": "ranking", "seconds": 3.68197620799765, "last_batch_loss": 0.3950025141239166, "optimizer_steps": 560, "n_parameters": 60417}
{"fold_index": 29, "n_folds": 77, "split": "leave_one_allele_out", "fold": "HLA-A*32:07", "representation": "baseline_plus_unconditional_all", "loss": "ranking", "seconds": 3.940452167065814, "last_batch_loss": 0.3846707046031952, "optimizer_steps": 560, "n_parameters": 60417}
{"fold_index": 30, "n_folds": 77, "split": "leave_one_allele_out", "fold": "HLA-A*33:03", "representation": "baseline_plus_unconditional_all", "loss": "ranking", "seconds": 3.6025059169624, "last_batch_loss": 0.4369724988937378, "optimizer_steps": 560, "n_parameters": 60417}
{"fold_index": 31, "n_folds": 77, "split": "leave_one_allele_out", "fold": "HLA-A*43:01", "representation": "baseline_plus_unconditional_all", "loss": "ranking", "seconds": 3.8161366670392454, "last_batch_loss": 0.4858930706977844, "optimizer_steps": 560, "n_parameters": 60417}
{"fold_index": 32, "n_folds": 77, "split": "leave_one_allele_out", "fold": "HLA-A*66:01", "representation": "baseline_plus_unconditional_all", "loss": "ranking", "seconds": 3.533910125028342, "last_batch_loss": 0.42563438415527344, "optimizer_steps": 560, "n_parameters": 60417}
{"fold_index": 33, "n_folds": 77, "split": "leave_one_allele_out", "fold": "HLA-A*68:01", "representation": "baseline_plus_unconditional_all", "loss": "ranking", "seconds": 3.7425227500498295, "last_batch_loss": 0.43996763229370117, "optimizer_steps": 560, "n_parameters": 60417}
{"fold_index": 34, "n_folds": 77, "split": "leave_one_allele_out", "fold": "HLA-A*68:02", "representation": "baseline_plus_unconditional_all", "loss": "ranking", "seconds": 3.943720875075087, "last_batch_loss": 0.43463507294654846, "optimizer_steps": 560, "n_parameters": 60417}
{"fold_index": 35, "n_folds": 77, "split": "leave_one_allele_out", "fold": "HLA-A*68:23", "representation": "baseline_plus_unconditional_all", "loss": "ranking", "seconds": 4.177378583000973, "last_batch_loss": 0.39083871245384216, "optimizer_steps": 560, "n_parameters": 60417}
{"fold_index": 36, "n_folds": 77, "split": "leave_one_allele_out", "fold": "HLA-A*69:01", "representation": "baseline_plus_unconditional_all", "loss": "ranking", "seconds": 3.8356221669819206, "last_batch_loss": 0.3477146625518799, "optimizer_steps": 560, "n_parameters": 60417}
{"fold_index": 37, "n_folds": 77, "split": "leave_one_allele_out", "fold": "HLA-A*74:01", "representation": "baseline_plus_unconditional_all", "loss": "ranking", "seconds": 3.6361269580665976, "last_batch_loss": 0.3910118341445923, "optimizer_steps": 560, "n_parameters": 60417}
{"fold_index": 38, "n_folds": 77, "split": "leave_one_allele_out", "fold": "HLA-A*80:01", "representation": "baseline_plus_unconditional_all", "loss": "ranking", "seconds": 3.7431582079734653, "last_batch_loss": 0.35753920674324036, "optimizer_steps": 560, "n_parameters": 60417}
{"fold_index": 39, "n_folds": 77, "split": "leave_one_allele_out", "fold": "HLA-B*07:02", "representation": "baseline_plus_unconditional_all", "loss": "ranking", "seconds": 3.524943082826212, "last_batch_loss": 0.4249016046524048, "optimizer_steps": 540, "n_parameters": 60417}
{"fold_index": 40, "n_folds": 77, "split": "leave_one_allele_out", "fold": "HLA-B*08:01", "representation": "baseline_plus_unconditional_all", "loss": "ranking", "seconds": 3.7702325410209596, "last_batch_loss": 1.0227975845336914, "optimizer_steps": 560, "n_parameters": 60417}
{"fold_index": 41, "n_folds": 77, "split": "leave_one_allele_out", "fold": "HLA-B*08:03", "representation": "baseline_plus_unconditional_all", "loss": "ranking", "seconds": 3.5819330841768533, "last_batch_loss": 0.42574062943458557, "optimizer_steps": 560, "n_parameters": 60417}
{"fold_index": 42, "n_folds": 77, "split": "leave_one_allele_out", "fold": "HLA-B*13:02", "representation": "baseline_plus_unconditional_all", "loss": "ranking", "seconds": 3.775185416918248, "last_batch_loss": 0.41457417607307434, "optimizer_steps": 560, "n_parameters": 60417}
{"fold_index": 43, "n_folds": 77, "split": "leave_one_allele_out", "fold": "HLA-B*14:01(C67S)", "representation": "baseline_plus_unconditional_all", "loss": "ranking", "seconds": 3.645826583961025, "last_batch_loss": 0.4881332516670227, "optimizer_steps": 560, "n_parameters": 60417}
{"fold_index": 44, "n_folds": 77, "split": "leave_one_allele_out", "fold": "HLA-B*14:02(C67S)", "representation": "baseline_plus_unconditional_all", "loss": "ranking", "seconds": 3.579874375136569, "last_batch_loss": 0.38846513628959656, "optimizer_steps": 560, "n_parameters": 60417}
{"fold_index": 45, "n_folds": 77, "split": "leave_one_allele_out", "fold": "HLA-B*15:01", "representation": "baseline_plus_unconditional_all", "loss": "ranking", "seconds": 3.5867521250620484, "last_batch_loss": 0.3833480775356293, "optimizer_steps": 540, "n_parameters": 60417}
{"fold_index": 46, "n_folds": 77, "split": "leave_one_allele_out", "fold": "HLA-B*15:02", "representation": "baseline_plus_unconditional_all", "loss": "ranking", "seconds": 3.3795170839875937, "last_batch_loss": 0.37338563799858093, "optimizer_steps": 560, "n_parameters": 60417}
{"fold_index": 47, "n_folds": 77, "split": "leave_one_allele_out", "fold": "HLA-B*15:10", "representation": "baseline_plus_unconditional_all", "loss": "ranking", "seconds": 3.270753415999934, "last_batch_loss": 0.37001070380210876, "optimizer_steps": 560, "n_parameters": 60417}
{"fold_index": 48, "n_folds": 77, "split": "leave_one_allele_out", "fold": "HLA-B*15:17", "representation": "baseline_plus_unconditional_all", "loss": "ranking", "seconds": 3.1551857499871403, "last_batch_loss": 0.46055448055267334, "optimizer_steps": 560, "n_parameters": 60417}
{"fold_index": 49, "n_folds": 77, "split": "leave_one_allele_out", "fold": "HLA-B*18:01", "representation": "baseline_plus_unconditional_all", "loss": "ranking", "seconds": 3.1380525841377676, "last_batch_loss": 0.39058777689933777, "optimizer_steps": 560, "n_parameters": 60417}
{"fold_index": 50, "n_folds": 77, "split": "leave_one_allele_out", "fold": "HLA-B*27:02", "representation": "baseline_plus_unconditional_all", "loss": "ranking", "seconds": 2.9261949160136282, "last_batch_loss": 0.4640943706035614, "optimizer_steps": 560, "n_parameters": 60417}
{"fold_index": 51, "n_folds": 77, "split": "leave_one_allele_out", "fold": "HLA-B*27:03", "representation": "baseline_plus_unconditional_all", "loss": "ranking", "seconds": 3.5361165839713067, "last_batch_loss": 0.44599294662475586, "optimizer_steps": 560, "n_parameters": 60417}
{"fold_index": 52, "n_folds": 77, "split": "leave_one_allele_out", "fold": "HLA-B*27:05", "representation": "baseline_plus_unconditional_all", "loss": "ranking", "seconds": 3.138108457904309, "last_batch_loss": 0.3097650110721588, "optimizer_steps": 560, "n_parameters": 60417}
{"fold_index": 53, "n_folds": 77, "split": "leave_one_allele_out", "fold": "HLA-B*27:20", "representation": "baseline_plus_unconditional_all", "loss": "ranking", "seconds": 2.9197905408218503, "last_batch_loss": 0.4371967315673828, "optimizer_steps": 560, "n_parameters": 60417}
{"fold_index": 54, "n_folds": 77, "split": "leave_one_allele_out", "fold": "HLA-B*35:01", "representation": "baseline_plus_unconditional_all", "loss": "ranking", "seconds": 2.9308332498185337, "last_batch_loss": 0.40367597341537476, "optimizer_steps": 540, "n_parameters": 60417}
{"fold_index": 55, "n_folds": 77, "split": "leave_one_allele_out", "fold": "HLA-B*35:03", "representation": "baseline_plus_unconditional_all", "loss": "ranking", "seconds": 2.90329849999398, "last_batch_loss": 0.40215542912483215, "optimizer_steps": 560, "n_parameters": 60417}
{"fold_index": 56, "n_folds": 77, "split": "leave_one_allele_out", "fold": "HLA-B*35:08", "representation": "baseline_plus_unconditional_all", "loss": "ranking", "seconds": 3.018006917089224, "last_batch_loss": 0.4145634174346924, "optimizer_steps": 560, "n_parameters": 60417}
{"fold_index": 57, "n_folds": 77, "split": "leave_one_allele_out", "fold": "HLA-B*39:01", "representation": "baseline_plus_unconditional_all", "loss": "ranking", "seconds": 3.0675419999752194, "last_batch_loss": 0.40536898374557495, "optimizer_steps": 540, "n_parameters": 60417}
{"fold_index": 58, "n_folds": 77, "split": "leave_one_allele_out", "fold": "HLA-B*39:02", "representation": "baseline_plus_unconditional_all", "loss": "ranking", "seconds": 3.1759897919837385, "last_batch_loss": 0.45283278822898865, "optimizer_steps": 560, "n_parameters": 60417}
{"fold_index": 59, "n_folds": 77, "split": "leave_one_allele_out", "fold": "HLA-B*39:06(C67S)", "representation": "baseline_plus_unconditional_all", "loss": "ranking", "seconds": 3.208258624887094, "last_batch_loss": 0.43825265765190125, "optimizer_steps": 560, "n_parameters": 60417}
{"fold_index": 60, "n_folds": 77, "split": "leave_one_allele_out", "fold": "HLA-B*39:10", "representation": "baseline_plus_unconditional_all", "loss": "ranking", "seconds": 3.2058389999438077, "last_batch_loss": 0.3187893033027649, "optimizer_steps": 560, "n_parameters": 60417}
{"fold_index": 61, "n_folds": 77, "split": "leave_one_allele_out", "fold": "HLA-B*40:01", "representation": "baseline_plus_unconditional_all", "loss": "ranking", "seconds": 3.2121917919721454, "last_batch_loss": 0.347848117351532, "optimizer_steps": 560, "n_parameters": 60417}
{"fold_index": 62, "n_folds": 77, "split": "leave_one_allele_out", "fold": "HLA-B*40:02", "representation": "baseline_plus_unconditional_all", "loss": "ranking", "seconds": 3.0239320839755237, "last_batch_loss": 0.4463861584663391, "optimizer_steps": 560, "n_parameters": 60417}
{"fold_index": 63, "n_folds": 77, "split": "leave_one_allele_out", "fold": "HLA-B*41:01", "representation": "baseline_plus_unconditional_all", "loss": "ranking", "seconds": 2.962609708076343, "last_batch_loss": 0.379315584897995, "optimizer_steps": 560, "n_parameters": 60417}
{"fold_index": 64, "n_folds": 77, "split": "leave_one_allele_out", "fold": "HLA-B*42:01", "representation": "baseline_plus_unconditional_all", "loss": "ranking", "seconds": 2.9237699578516185, "last_batch_loss": 0.4128429591655731, "optimizer_steps": 560, "n_parameters": 60417}
{"fold_index": 65, "n_folds": 77, "split": "leave_one_allele_out", "fold": "HLA-B*42:02", "representation": "baseline_plus_unconditional_all", "loss": "ranking", "seconds": 3.0782211672049016, "last_batch_loss": 0.43821805715560913, "optimizer_steps": 560, "n_parameters": 60417}
{"fold_index": 66, "n_folds": 77, "split": "leave_one_allele_out", "fold": "HLA-B*44:05", "representation": "baseline_plus_unconditional_all", "loss": "ranking", "seconds": 3.0952435829676688, "last_batch_loss": 0.35272589325904846, "optimizer_steps": 560, "n_parameters": 60417}
{"fold_index": 67, "n_folds": 77, "split": "leave_one_allele_out", "fold": "HLA-B*45:01", "representation": "baseline_plus_unconditional_all", "loss": "ranking", "seconds": 2.9902021668385714, "last_batch_loss": 0.4804910719394684, "optimizer_steps": 560, "n_parameters": 60417}
{"fold_index": 68, "n_folds": 77, "split": "leave_one_allele_out", "fold": "HLA-B*46:01", "representation": "baseline_plus_unconditional_all", "loss": "ranking", "seconds": 2.9284139999654144, "last_batch_loss": 0.3859213888645172, "optimizer_steps": 560, "n_parameters": 60417}
{"fold_index": 69, "n_folds": 77, "split": "leave_one_allele_out", "fold": "HLA-B*51:01", "representation": "baseline_plus_unconditional_all", "loss": "ranking", "seconds": 2.9721029999200255, "last_batch_loss": 0.3181118071079254, "optimizer_steps": 560, "n_parameters": 60417}
{"fold_index": 70, "n_folds": 77, "split": "leave_one_allele_out", "fold": "HLA-B*54:01", "representation": "baseline_plus_unconditional_all", "loss": "ranking", "seconds": 2.966775333043188, "last_batch_loss": 0.44838422536849976, "optimizer_steps": 560, "n_parameters": 60417}
{"fold_index": 71, "n_folds": 77, "split": "leave_one_allele_out", "fold": "HLA-B*55:01", "representation": "baseline_plus_unconditional_all", "loss": "ranking", "seconds": 2.9186792918480933, "last_batch_loss": 0.3765121400356293, "optimizer_steps": 560, "n_parameters": 60417}
{"fold_index": 72, "n_folds": 77, "split": "leave_one_allele_out", "fold": "HLA-B*56:01", "representation": "baseline_plus_unconditional_all", "loss": "ranking", "seconds": 3.172311333939433, "last_batch_loss": 0.45243173837661743, "optimizer_steps": 560, "n_parameters": 60417}
{"fold_index": 73, "n_folds": 77, "split": "leave_one_allele_out", "fold": "HLA-B*57:01", "representation": "baseline_plus_unconditional_all", "loss": "ranking", "seconds": 3.0593068751040846, "last_batch_loss": 0.36611229181289673, "optimizer_steps": 560, "n_parameters": 60417}
{"fold_index": 74, "n_folds": 77, "split": "leave_one_allele_out", "fold": "HLA-B*57:02", "representation": "baseline_plus_unconditional_all", "loss": "ranking", "seconds": 2.9797623329795897, "last_batch_loss": 0.2901169955730438, "optimizer_steps": 560, "n_parameters": 60417}
{"fold_index": 75, "n_folds": 77, "split": "leave_one_allele_out", "fold": "HLA-B*57:03", "representation": "baseline_plus_unconditional_all", "loss": "ranking", "seconds": 2.9215113748796284, "last_batch_loss": 0.4907362163066864, "optimizer_steps": 560, "n_parameters": 60417}
{"fold_index": 76, "n_folds": 77, "split": "leave_one_allele_out", "fold": "HLA-B*58:01", "representation": "baseline_plus_unconditional_all", "loss": "ranking", "seconds": 2.937691624974832, "last_batch_loss": 0.46931731700897217, "optimizer_steps": 560, "n_parameters": 60417}
{"fold_index": 77, "n_folds": 77, "split": "leave_one_allele_out", "fold": "HLA-B*81:01", "representation": "baseline_plus_unconditional_all", "loss": "ranking", "seconds": 3.0948911670129746, "last_batch_loss": 0.3609108030796051, "optimizer_steps": 560, "n_parameters": 60417}
Completed full: 39470 prediction rows saved to outputs/baselines/full_unconditional_ranking/predictions.csv.gz
