{"fold_index": 1, "n_folds": 77, "split": "random", "fold": "holdout", "representation": "baseline_plus_conditional_all", "loss": "ranking", "seconds": 3.245774708222598, "last_batch_loss": 0.4187745749950409, "optimizer_steps": 442, "n_parameters": 60417}
{"fold_index": 2, "n_folds": 77, "split": "peptide_disjoint", "fold": "holdout", "representation": "baseline_plus_conditional_all", "loss": "ranking", "seconds": 3.2424778749700636, "last_batch_loss": 0.4103384017944336, "optimizer_steps": 440, "n_parameters": 60417}
{"fold_index": 3, "n_folds": 77, "split": "leave_one_allele_out", "fold": "HLA-A*01:01", "representation": "baseline_plus_conditional_all", "loss": "ranking", "seconds": 3.9749806670006365, "last_batch_loss": 0.3380342721939087, "optimizer_steps": 560, "n_parameters": 60417}
{"fold_index": 4, "n_folds": 77, "split": "leave_one_allele_out", "fold": "HLA-A*02:01", "representation": "baseline_plus_conditional_all", "loss": "ranking", "seconds": 3.6305749169550836, "last_batch_loss": 0.427194744348526, "optimizer_steps": 540, "n_parameters": 60417}
{"fold_index": 5, "n_folds": 77, "split": "leave_one_allele_out", "fold": "HLA-A*02:03", "representation": "baseline_plus_conditional_all", "loss": "ranking", "seconds": 3.765483417082578, "last_batch_loss": 0.45952659845352173, "optimizer_steps": 560, "n_parameters": 60417}
{"fold_index": 6, "n_folds": 77, "split": "leave_one_allele_out", "fold": "HLA-A*02:05", "representation": "baseline_plus_conditional_all", "loss": "ranking", "seconds": 3.762278083944693, "last_batch_loss": 0.373721182346344, "optimizer_steps": 560, "n_parameters": 60417}
{"fold_index": 7, "n_folds": 77, "split": "leave_one_allele_out", "fold": "HLA-A*02:10", "representation": "baseline_plus_conditional_all", "loss": "ranking", "seconds": 3.7823500419035554, "last_batch_loss": 0.3449572026729584, "optimizer_steps": 560, "n_parameters": 60417}
{"fold_index": 8, "n_folds": 77, "split": "leave_one_allele_out", "fold": "HLA-A*02:11", "representation": "baseline_plus_conditional_all", "loss": "ranking", "seconds": 3.7093460839241743, "last_batch_loss": 0.384478360414505, "optimizer_steps": 560, "n_parameters": 60417}
{"fold_index": 9, "n_folds": 77, "split": "leave_one_allele_out", "fold": "HLA-A*02:12", "representation": "baseline_plus_conditional_all", "loss": "ranking", "seconds": 4.000250665936619, "last_batch_loss": 0.45214933156967163, "optimizer_steps": 560, "n_parameters": 60417}
{"fold_index": 10, "n_folds": 77, "split": "leave_one_allele_out", "fold": "HLA-A*02:16", "representation": "baseline_plus_conditional_all", "loss": "ranking", "seconds": 3.8752863330300897, "last_batch_loss": 0.49574917554855347, "optimizer_steps": 560, "n_parameters": 60417}
{"fold_index": 11, "n_folds": 77, "split": "leave_one_allele_out", "fold": "HLA-A*02:19", "representation": "baseline_plus_conditional_all", "loss": "ranking", "seconds": 3.840608875034377, "last_batch_loss": 0.367511510848999, "optimizer_steps": 560, "n_parameters": 60417}
{"fold_index": 12, "n_folds": 77, "split": "leave_one_allele_out", "fold": "HLA-A*02:50", "representation": "baseline_plus_conditional_all", "loss": "ranking", "seconds": 3.7793947919271886, "last_batch_loss": 0.49926140904426575, "optimizer_steps": 560, "n_parameters": 60417}
{"fold_index": 13, "n_folds": 77, "split": "leave_one_allele_out", "fold": "HLA-A*03:01", "representation": "baseline_plus_conditional_all", "loss": "ranking", "seconds": 3.792256083106622, "last_batch_loss": 0.38165226578712463, "optimizer_steps": 540, "n_parameters": 60417}
{"fold_index": 14, "n_folds": 77, "split": "leave_one_allele_out", "fold": "HLA-A*11:01", "representation": "baseline_plus_conditional_all", "loss": "ranking", "seconds": 3.9874542080797255, "last_batch_loss": 0.3618922829627991, "optimizer_steps": 540, "n_parameters": 60417}
{"fold_index": 15, "n_folds": 77, "split": "leave_one_allele_out", "fold": "HLA-A*23:01", "representation": "baseline_plus_conditional_all", "loss": "ranking", "seconds": 3.80633999989368, "last_batch_loss": 0.41084763407707214, "optimizer_steps": 560, "n_parameters": 60417}
{"fold_index": 16, "n_folds": 77, "split": "leave_one_allele_out", "fold": "HLA-A*24:02", "representation": "baseline_plus_conditional_all", "loss": "ranking", "seconds": 3.885378750041127, "last_batch_loss": 0.40815508365631104, "optimizer_steps": 540, "n_parameters": 60417}
{"fold_index": 17, "n_folds": 77, "split": "leave_one_allele_out", "fold": "HLA-A*24:03", "representation": "baseline_plus_conditional_all", "loss": "ranking", "seconds": 3.7477192089427263, "last_batch_loss": 0.4415319859981537, "optimizer_steps": 545, "n_parameters": 60417}
{"fold_index": 18, "n_folds": 77, "split": "leave_one_allele_out", "fold": "HLA-A*24:07", "representation": "baseline_plus_conditional_all", "loss": "ranking", "seconds": 3.7410794999450445, "last_batch_loss": 0.30403465032577515, "optimizer_steps": 560, "n_parameters": 60417}
{"fold_index": 19, "n_folds": 77, "split": "leave_one_allele_out", "fold": "HLA-A*24:19", "representation": "baseline_plus_conditional_all", "loss": "ranking", "seconds": 3.827551290858537, "last_batch_loss": 0.4299653172492981, "optimizer_steps": 560, "n_parameters": 60417}
{"fold_index": 20, "n_folds": 77, "split": "leave_one_allele_out", "fold": "HLA-A*25:01", "representation": "baseline_plus_conditional_all", "loss": "ranking", "seconds": 3.7153229999821633, "last_batch_loss": 0.3908032476902008, "optimizer_steps": 560, "n_parameters": 60417}
{"fold_index": 21, "n_folds": 77, "split": "leave_one_allele_out", "fold": "HLA-A*26:01", "representation": "baseline_plus_conditional_all", "loss": "ranking", "seconds": 3.863263125065714, "last_batch_loss": 0.339205265045166, "optimizer_steps": 560, "n_parameters": 60417}
{"fold_index": 22, "n_folds": 77, "split": "leave_one_allele_out", "fold": "HLA-A*26:02", "representation": "baseline_plus_conditional_all", "loss": "ranking", "seconds": 3.8806112080346793, "last_batch_loss": 0.274209201335907, "optimizer_steps": 560, "n_parameters": 60417}
{"fold_index": 23, "n_folds": 77, "split": "leave_one_allele_out", "fold": "HLA-A*26:03", "representation": "baseline_plus_conditional_all", "loss": "ranking", "seconds": 3.7849130840040743, "last_batch_loss": 0.39727893471717834, "optimizer_steps": 560, "n_parameters": 60417}
{"fold_index": 24, "n_folds": 77, "split": "leave_one_allele_out", "fold": "HLA-A*29:02", "representation": "baseline_plus_conditional_all", "loss": "ranking", "seconds": 3.954806959023699, "last_batch_loss": 0.40930452942848206, "optimizer_steps": 560, "n_parameters": 60417}
{"fold_index": 25, "n_folds": 77, "split": "leave_one_allele_out", "fold": "HLA-A*30:01", "representation": "baseline_plus_conditional_all", "loss": "ranking", "seconds": 3.779923415975645, "last_batch_loss": 0.5039106607437134, "optimizer_steps": 560, "n_parameters": 60417}
{"fold_index": 26, "n_folds": 77, "split": "leave_one_allele_out", "fold": "HLA-A*30:02", "representation": "baseline_plus_conditional_all", "loss": "ranking", "seconds": 3.8247217501048, "last_batch_loss": 0.5390896797180176, "optimizer_steps": 560, "n_parameters": 60417}
{"fold_index": 27, "n_folds": 77, "split": "leave_one_allele_out", "fold": "HLA-A*31:01", "representation": "baseline_plus_conditional_all", "loss": "ranking", "seconds": 3.9716617499943823, "last_batch_loss": 0.2650400698184967, "optimizer_steps": 560, "n_parameters": 60417}
{"fold_index": 28, "n_folds": 77, "split": "leave_one_allele_out", "fold": "HLA-A*32:01", "representation": "baseline_plus_conditional_all", "loss": "ranking", "seconds": 4.169124332955107, "last_batch_loss": 0.4106488525867462, "optimizer_steps": 560, "n_parameters": 60417}
{"fold_index": 29, "n_folds": 77, "split": "leave_one_allele_out", "fold": "HLA-A*32:07", "representation": "baseline_plus_conditional_all", "loss": "ranking", "seconds": 3.9550070411060005, "last_batch_loss": 0.41999170184135437, "optimizer_steps": 560, "n_parameters": 60417}
{"fold_index": 30, "n_folds": 77, "split": "leave_one_allele_out", "fold": "HLA-A*33:03", "representation": "baseline_plus_conditional_all", "loss": "ranking", "seconds": 3.938546958146617, "last_batch_loss": 0.5445761680603027, "optimizer_steps": 560, "n_parameters": 60417}
{"fold_index": 31, "n_folds": 77, "split": "leave_one_allele_out", "fold": "HLA-A*43:01", "representation": "baseline_plus_conditional_all", "loss": "ranking", "seconds": 3.792627374874428, "last_batch_loss": 0.3964710831642151, "optimizer_steps": 560, "n_parameters": 60417}
{"fold_index": 32, "n_folds": 77, "split": "leave_one_allele_out", "fold": "HLA-A*66:01", "representation": "baseline_plus_conditional_all", "loss": "ranking", "seconds": 4.054221041034907, "last_batch_loss": 0.36050188541412354, "optimizer_steps": 560, "n_parameters": 60417}
{"fold_index": 33, "n_folds": 77, "split": "leave_one_allele_out", "fold": "HLA-A*68:01", "representation": "baseline_plus_conditional_all", "loss": "ranking", "seconds": 3.8659126251004636, "last_batch_loss": 0.49783840775489807, "optimizer_steps": 560, "n_parameters": 60417}
{"fold_index": 34, "n_folds": 77, "split": "leave_one_allele_out", "fold": "HLA-A*68:02", "representation": "baseline_plus_conditional_all", "loss": "ranking", "seconds": 3.8450968330726027, "last_batch_loss": 0.38039910793304443, "optimizer_steps": 560, "n_parameters": 60417}
{"fold_index": 35, "n_folds": 77, "split": "leave_one_allele_out", "fold": "HLA-A*68:23", "representation": "baseline_plus_conditional_all", "loss": "ranking", "seconds": 3.84989683306776, "last_batch_loss": 0.4523751139640808, "optimizer_steps": 560, "n_parameters": 60417}
{"fold_index": 36, "n_folds": 77, "split": "leave_one_allele_out", "fold": "HLA-A*69:01", "representation": "baseline_plus_conditional_all", "loss": "ranking", "seconds": 3.9693622088525444, "last_batch_loss": 0.4500214457511902, "optimizer_steps": 560, "n_parameters": 60417}
{"fold_index": 37, "n_folds": 77, "split": "leave_one_allele_out", "fold": "HLA-A*74:01", "representation": "baseline_plus_conditional_all", "loss": "ranking", "seconds": 3.9579582908190787, "last_batch_loss": 0.47772061824798584, "optimizer_steps": 560, "n_parameters": 60417}
{"fold_index": 38, "n_folds": 77, "split": "leave_one_allele_out", "fold": "HLA-A*80:01", "representation": "baseline_plus_conditional_all", "loss": "ranking", "seconds": 3.773200208088383, "last_batch_loss": 0.3953603208065033, "optimizer_steps": 560, "n_parameters": 60417}
{"fold_index": 39, "n_folds": 77, "split": "leave_one_allele_out", "fold": "HLA-B*07:02", "representation": "baseline_plus_conditional_all", "loss": "ranking", "seconds": 2.860632332973182, "last_batch_loss": 0.35652926564216614, "optimizer_steps": 540, "n_parameters": 60417}
{"fold_index": 40, "n_folds": 77, "split": "leave_one_allele_out", "fold": "HLA-B*08:01", "representation": "baseline_plus_conditional_all", "loss": "ranking", "seconds": 2.96876366622746, "last_batch_loss": 0.43294137716293335, "optimizer_steps": 560, "n_parameters": 60417}
{"fold_index": 41, "n_folds": 77, "split": "leave_one_allele_out", "fold": "HLA-B*08:03", "representation": "baseline_plus_conditional_all", "loss": "ranking", "seconds": 3.213571208063513, "last_batch_loss": 0.33479636907577515, "optimizer_steps": 560, "n_parameters": 60417}
{"fold_index": 42, "n_folds": 77, "split": "leave_one_allele_out", "fold": "HLA-B*13:02", "representation": "baseline_plus_conditional_all", "loss": "ranking", "seconds": 3.085008957888931, "last_batch_loss": 0.3852059245109558, "optimizer_steps": 560, "n_parameters": 60417}
{"fold_index": 43, "n_folds": 77, "split": "leave_one_allele_out", "fold": "HLA-B*14:01(C67S)", "representation": "baseline_plus_conditional_all", "loss": "ranking", "seconds": 3.044213832821697, "last_batch_loss": 0.43010351061820984, "optimizer_steps": 560, "n_parameters": 60417}
{"fold_index": 44, "n_folds": 77, "split": "leave_one_allele_out", "fold": "HLA-B*14:02(C67S)", "representation": "baseline_plus_conditional_all", "loss": "ranking", "seconds": 3.072741499869153, "last_batch_loss": 0.5012694001197815, "optimizer_steps": 560, "n_parameters": 60417}
{"fold_index": 45, "n_folds": 77, "split": "leave_one_allele_out", "fold": "HLA-B*15:01", "representation": "baseline_plus_conditional_all", "loss": "ranking", "seconds": 3.0834946250543, "last_batch_loss": 0.3768133223056793, "optimizer_steps": 540, "n_parameters": 60417}
{"fold_index": 46, "n_folds": 77, "split": "leave_one_allele_out", "fold": "HLA-B*15:02", "representation": "baseline_plus_conditional_all", "loss": "ranking", "seconds": 3.1451106248423457, "last_batch_loss": 0.3246009945869446, "optimizer_steps": 560, "n_parameters": 60417}
{"fold_index": 47, "n_folds": 77, "split": "leave_one_allele_out", "fold": "HLA-B*15:10", "representation": "baseline_plus_conditional_all", "loss": "ranking", "seconds": 3.180458291899413, "last_batch_loss": 0.44348829984664917, "optimizer_steps": 560, "n_parameters": 60417}
{"fold_index": 48, "n_folds": 77, "split": "leave_one_allele_out", "fold": "HLA-B*15:17", "representation": "baseline_plus_conditional_all", "loss": "ranking", "seconds": 3.1592242079786956, "last_batch_loss": 0.41581833362579346, "optimizer_steps": 560, "n_parameters": 60417}
{"fold_index": 49, "n_folds": 77, "split": "leave_one_allele_out", "fold": "HLA-B*18:01", "representation": "baseline_plus_conditional_all", "loss": "ranking", "seconds": 3.1458635001908988, "last_batch_loss": 0.42596113681793213, "optimizer_steps": 560, "n_parameters": 60417}
{"fold_index": 50, "n_folds": 77, "split": "leave_one_allele_out", "fold": "HLA-B*27:02", "representation": "baseline_plus_conditional_all", "loss": "ranking", "seconds": 3.167365500004962, "last_batch_loss": 0.3881528377532959, "optimizer_steps": 560, "n_parameters": 60417}
{"fold_index": 51, "n_folds": 77, "split": "leave_one_allele_out", "fold": "HLA-B*27:03", "representation": "baseline_plus_conditional_all", "loss": "ranking", "seconds": 3.094088374869898, "last_batch_loss": 0.3277631402015686, "optimizer_steps": 560, "n_parameters": 60417}
{"fold_index": 52, "n_folds": 77, "split": "leave_one_allele_out", "fold": "HLA-B*27:05", "representation": "baseline_plus_conditional_all", "loss": "ranking", "seconds": 3.1308981250040233, "last_batch_loss": 0.3947606086730957, "optimizer_steps": 560, "n_parameters": 60417}
{"fold_index": 53, "n_folds": 77, "split": "leave_one_allele_out", "fold": "HLA-B*27:20", "representation": "baseline_plus_conditional_all", "loss": "ranking", "seconds": 2.9911172920838, "last_batch_loss": 0.6116101145744324, "optimizer_steps": 560, "n_parameters": 60417}
{"fold_index": 54, "n_folds": 77, "split": "leave_one_allele_out", "fold": "HLA-B*35:01", "representation": "baseline_plus_conditional_all", "loss": "ranking", "seconds": 2.89739775005728, "last_batch_loss": 0.3953765332698822, "optimizer_steps": 540, "n_parameters": 60417}
{"fold_index": 55, "n_folds": 77, "split": "leave_one_allele_out", "fold": "HLA-B*35:03", "representation": "baseline_plus_conditional_all", "loss": "ranking", "seconds": 3.035861667012796, "last_batch_loss": 0.41002002358436584, "optimizer_steps": 560, "n_parameters": 60417}
{"fold_index": 56, "n_folds": 77, "split": "leave_one_allele_out", "fold": "HLA-B*35:08", "representation": "baseline_plus_conditional_all", "loss": "ranking", "seconds": 3.0037906249053776, "last_batch_loss": 0.3947409987449646, "optimizer_steps": 560, "n_parameters": 60417}
{"fold_index": 57, "n_folds": 77, "split": "leave_one_allele_out", "fold": "HLA-B*39:01", "representation": "baseline_plus_conditional_all", "loss": "ranking", "seconds": 2.9291173750534654, "last_batch_loss": 0.37154698371887207, "optimizer_steps": 540, "n_parameters": 60417}
{"fold_index": 58, "n_folds": 77, "split": "leave_one_allele_out", "fold": "HLA-B*39:02", "representation": "baseline_plus_conditional_all", "loss": "ranking", "seconds": 2.9690330419689417, "last_batch_loss": 0.3816210925579071, "optimizer_steps": 560, "n_parameters": 60417}
{"fold_index": 59, "n_folds": 77, "split": "leave_one_allele_out", "fold": "HLA-B*39:06(C67S)", "representation": "baseline_plus_conditional_all", "loss": "ranking", "seconds": 3.0207126250024885, "last_batch_loss": 0.5573587417602539, "optimizer_steps": 560, "n_parameters": 60417}
{"fold_index": 60, "n_folds": 77, "split": "leave_one_allele_out", "fold": "HLA-B*39:10", "representation": "baseline_plus_conditional_all", "loss": "ranking", "seconds": 3.112473415909335, "last_batch_loss": 0.42384669184684753, "optimizer_steps": 560, "n_parameters": 60417}
{"fold_index": 61, "n_folds": 77, "split": "leave_one_allele_out", "fold": "HLA-B*40:01", "representation": "baseline_plus_conditional_all", "loss": "ranking", "seconds": 2.9900974589399993, "last_batch_loss": 0.3217270076274872, "optimizer_steps": 560, "n_parameters": 60417}
{"fold_index": 62, "n_folds": 77, "split": "leave_one_allele_out", "fold": "HLA-B*40:02", "representation": "baseline_plus_conditional_all", "loss": "ranking", "seconds": 2.9748494159430265, "last_batch_loss": 0.4140300154685974, "optimizer_steps": 560, "n_parameters": 60417}
{"fold_index": 63, "n_folds": 77, "split": "leave_one_allele_out", "fold": "HLA-B*41:01", "representation": "baseline_plus_conditional_all", "loss": "ranking", "seconds": 3.0014682919718325, "last_batch_loss": 0.525044858455658, "optimizer_steps": 560, "n_parameters": 60417}
{"fold_index": 64, "n_folds": 77, "split": "leave_one_allele_out", "fold": "HLA-B*42:01", "representation": "baseline_plus_conditional_all", "loss": "ranking", "seconds": 3.016551708104089, "last_batch_loss": 0.3994194567203522, "optimizer_steps": 560, "n_parameters": 60417}
{"fold_index": 65, "n_folds": 77, "split": "leave_one_allele_out", "fold": "HLA-B*42:02", "representation": "baseline_plus_conditional_all", "loss": "ranking", "seconds": 3.048001540824771, "last_batch_loss": 0.3906966745853424, "optimizer_steps": 560, "n_parameters": 60417}
{"fold_index": 66, "n_folds": 77, "split": "leave_one_allele_out", "fold": "HLA-B*44:05", "representation": "baseline_plus_conditional_all", "loss": "ranking", "seconds": 2.9801889997906983, "last_batch_loss": 0.34352418780326843, "optimizer_steps": 560, "n_parameters": 60417}
{"fold_index": 67, "n_folds": 77, "split": "leave_one_allele_out", "fold": "HLA-B*45:01", "representation": "baseline_plus_conditional_all", "loss": "ranking", "seconds": 2.977547459071502, "last_batch_loss": 0.3175976276397705, "optimizer_steps": 560, "n_parameters": 60417}
{"fold_index": 68, "n_folds": 77, "split": "leave_one_allele_out", "fold": "HLA-B*46:01", "representation": "baseline_plus_conditional_all", "loss": "ranking", "seconds": 2.9051832500845194, "last_batch_loss": 0.5594162940979004, "optimizer_steps": 560, "n_parameters": 60417}
{"fold_index": 69, "n_folds": 77, "split": "leave_one_allele_out", "fold": "HLA-B*51:01", "representation": "baseline_plus_conditional_all", "loss": "ranking", "seconds": 3.6640203748829663, "last_batch_loss": 0.564193069934845, "optimizer_steps": 560, "n_parameters": 60417}
{"fold_index": 70, "n_folds": 77, "split": "leave_one_allele_out", "fold": "HLA-B*54:01", "representation": "baseline_plus_conditional_all", "loss": "ranking", "seconds": 2.977845000103116, "last_batch_loss": 0.49312442541122437, "optimizer_steps": 560, "n_parameters": 60417}
{"fold_index": 71, "n_folds": 77, "split": "leave_one_allele_out", "fold": "HLA-B*55:01", "representation": "baseline_plus_conditional_all", "loss": "ranking", "seconds": 3.123230375116691, "last_batch_loss": 0.44312232732772827, "optimizer_steps": 560, "n_parameters": 60417}
{"fold_index": 72, "n_folds": 77, "split": "leave_one_allele_out", "fold": "HLA-B*56:01", "representation": "baseline_plus_conditional_all", "loss": "ranking", "seconds": 3.4754670409020036, "last_batch_loss": 0.37222209572792053, "optimizer_steps": 560, "n_parameters": 60417}
{"fold_index": 73, "n_folds": 77, "split": "leave_one_allele_out", "fold": "HLA-B*57:01", "representation": "baseline_plus_conditional_all", "loss": "ranking", "seconds": 3.0029821661300957, "last_batch_loss": 0.40014612674713135, "optimizer_steps": 560, "n_parameters": 60417}
{"fold_index": 74, "n_folds": 77, "split": "leave_one_allele_out", "fold": "HLA-B*57:02", "representation": "baseline_plus_conditional_all", "loss": "ranking", "seconds": 3.1835413749795407, "last_batch_loss": 0.3284621238708496, "optimizer_steps": 560, "n_parameters": 60417}
{"fold_index": 75, "n_folds": 77, "split": "leave_one_allele_out", "fold": "HLA-B*57:03", "representation": "baseline_plus_conditional_all", "loss": "ranking", "seconds": 3.0061681249644607, "last_batch_loss": 0.4505641460418701, "optimizer_steps": 560, "n_parameters": 60417}
{"fold_index": 76, "n_folds": 77, "split": "leave_one_allele_out", "fold": "HLA-B*58:01", "representation": "baseline_plus_conditional_all", "loss": "ranking", "seconds": 2.9851041671354324, "last_batch_loss": 0.412919282913208, "optimizer_steps": 560, "n_parameters": 60417}
{"fold_index": 77, "n_folds": 77, "split": "leave_one_allele_out", "fold": "HLA-B*81:01", "representation": "baseline_plus_conditional_all", "loss": "ranking", "seconds": 3.0344818339217454, "last_batch_loss": 0.4534411132335663, "optimizer_steps": 560, "n_parameters": 60417}
Completed full: 39470 prediction rows saved to outputs/baselines/full_conditional_ranking/predictions.csv.gz
