{"fold_index": 1, "n_folds": 77, "split": "random", "fold": "holdout", "representation": "baseline_plus_conditional_mean_logp", "loss": "mse", "seconds": 0.07948850002139807, "last_batch_loss": 3.1141767501831055, "optimizer_steps": 20, "n_parameters": 57281}
{"fold_index": 1, "n_folds": 77, "split": "random", "fold": "holdout", "representation": "baseline_plus_conditional_logp_per_position", "loss": "mse", "seconds": 0.05765550001524389, "last_batch_loss": 3.2884182929992676, "optimizer_steps": 20, "n_parameters": 57793}
{"fold_index": 1, "n_folds": 77, "split": "random", "fold": "holdout", "representation": "baseline_plus_conditional_anchor_softmax", "loss": "mse", "seconds": 0.06008720793761313, "last_batch_loss": 3.0256452560424805, "optimizer_steps": 20, "n_parameters": 59777}
{"fold_index": 1, "n_folds": 77, "split": "random", "fold": "holdout", "representation": "baseline_plus_conditional_all", "loss": "mse", "seconds": 0.061105458065867424, "last_batch_loss": 2.892420768737793, "optimizer_steps": 20, "n_parameters": 60417}
{"fold_index": 2, "n_folds": 77, "split": "peptide_disjoint", "fold": "holdout", "representation": "baseline_plus_conditional_mean_logp", "loss": "mse", "seconds": 0.05706508387811482, "last_batch_loss": 3.429586172103882, "optimizer_steps": 20, "n_parameters": 57281}
{"fold_index": 2, "n_folds": 77, "split": "peptide_disjoint", "fold": "holdout", "representation": "baseline_plus_conditional_logp_per_position", "loss": "mse", "seconds": 0.05744133400730789, "last_batch_loss": 3.5326969623565674, "optimizer_steps": 20, "n_parameters": 57793}
{"fold_index": 2, "n_folds": 77, "split": "peptide_disjoint", "fold": "holdout", "representation": "baseline_plus_conditional_anchor_softmax", "loss": "mse", "seconds": 0.05893791583366692, "last_batch_loss": 3.124603271484375, "optimizer_steps": 20, "n_parameters": 59777}
{"fold_index": 2, "n_folds": 77, "split": "peptide_disjoint", "fold": "holdout", "representation": "baseline_plus_conditional_all", "loss": "mse", "seconds": 0.05800454202108085, "last_batch_loss": 3.1404788494110107, "optimizer_steps": 20, "n_parameters": 60417}
{"fold_index": 3, "n_folds": 77, "split": "leave_one_allele_out", "fold": "HLA-A*01:01", "representation": "baseline_plus_conditional_mean_logp", "loss": "mse", "seconds": 0.16339529189281166, "last_batch_loss": 3.4365456104278564, "optimizer_steps": 20, "n_parameters": 57281}
{"fold_index": 3, "n_folds": 77, "split": "leave_one_allele_out", "fold": "HLA-A*01:01", "representation": "baseline_plus_conditional_logp_per_position", "loss": "mse", "seconds": 0.1018912501167506, "last_batch_loss": 3.2974019050598145, "optimizer_steps": 20, "n_parameters": 57793}
{"fold_index": 3, "n_folds": 77, "split": "leave_one_allele_out", "fold": "HLA-A*01:01", "representation": "baseline_plus_conditional_anchor_softmax", "loss": "mse", "seconds": 0.10244591603986919, "last_batch_loss": 3.0550177097320557, "optimizer_steps": 20, "n_parameters": 59777}
{"fold_index": 3, "n_folds": 77, "split": "leave_one_allele_out", "fold": "HLA-A*01:01", "representation": "baseline_plus_conditional_all", "loss": "mse", "seconds": 0.09624904207885265, "last_batch_loss": 3.073404550552368, "optimizer_steps": 20, "n_parameters": 60417}
{"fold_index": 4, "n_folds": 77, "split": "leave_one_allele_out", "fold": "HLA-A*02:01", "representation": "baseline_plus_conditional_mean_logp", "loss": "mse", "seconds": 0.07923037512227893, "last_batch_loss": 3.3044230937957764, "optimizer_steps": 20, "n_parameters": 57281}
{"fold_index": 4, "n_folds": 77, "split": "leave_one_allele_out", "fold": "HLA-A*02:01", "representation": "baseline_plus_conditional_logp_per_position", "loss": "mse", "seconds": 0.08361612516455352, "last_batch_loss": 3.4122185707092285, "optimizer_steps": 20, "n_parameters": 57793}
{"fold_index": 4, "n_folds": 77, "split": "leave_one_allele_out", "fold": "HLA-A*02:01", "representation": "baseline_plus_conditional_anchor_softmax", "loss": "mse", "seconds": 0.10250191600061953, "last_batch_loss": 3.038992166519165, "optimizer_steps": 20, "n_parameters": 59777}
{"fold_index": 4, "n_folds": 77, "split": "leave_one_allele_out", "fold": "HLA-A*02:01", "representation": "baseline_plus_conditional_all", "loss": "mse", "seconds": 0.09200450009666383, "last_batch_loss": 3.1428134441375732, "optimizer_steps": 20, "n_parameters": 60417}
{"fold_index": 5, "n_folds": 77, "split": "leave_one_allele_out", "fold": "HLA-A*02:03", "representation": "baseline_plus_conditional_mean_logp", "loss": "mse", "seconds": 0.09793370799161494, "last_batch_loss": 3.2044827938079834, "optimizer_steps": 20, "n_parameters": 57281}
{"fold_index": 5, "n_folds": 77, "split": "leave_one_allele_out", "fold": "HLA-A*02:03", "representation": "baseline_plus_conditional_logp_per_position", "loss": "mse", "seconds": 0.12461804202757776, "last_batch_loss": 3.299586772918701, "optimizer_steps": 20, "n_parameters": 57793}
{"fold_index": 5, "n_folds": 77, "split": "leave_one_allele_out", "fold": "HLA-A*02:03", "representation": "baseline_plus_conditional_anchor_softmax", "loss": "mse", "seconds": 0.08587295794859529, "last_batch_loss": 3.1626176834106445, "optimizer_steps": 20, "n_parameters": 59777}
{"fold_index": 5, "n_folds": 77, "split": "leave_one_allele_out", "fold": "HLA-A*02:03", "representation": "baseline_plus_conditional_all", "loss": "mse", "seconds": 0.07900495803914964, "last_batch_loss": 2.935030460357666, "optimizer_steps": 20, "n_parameters": 60417}
{"fold_index": 6, "n_folds": 77, "split": "leave_one_allele_out", "fold": "HLA-A*02:05", "representation": "baseline_plus_conditional_mean_logp", "loss": "mse", "seconds": 0.08693354204297066, "last_batch_loss": 3.2260663509368896, "optimizer_steps": 20, "n_parameters": 57281}
{"fold_index": 6, "n_folds": 77, "split": "leave_one_allele_out", "fold": "HLA-A*02:05", "representation": "baseline_plus_conditional_logp_per_position", "loss": "mse", "seconds": 0.075732208089903, "last_batch_loss": 3.3507776260375977, "optimizer_steps": 20, "n_parameters": 57793}
{"fold_index": 6, "n_folds": 77, "split": "leave_one_allele_out", "fold": "HLA-A*02:05", "representation": "baseline_plus_conditional_anchor_softmax", "loss": "mse", "seconds": 0.08016345812939107, "last_batch_loss": 3.2213950157165527, "optimizer_steps": 20, "n_parameters": 59777}
{"fold_index": 6, "n_folds": 77, "split": "leave_one_allele_out", "fold": "HLA-A*02:05", "representation": "baseline_plus_conditional_all", "loss": "mse", "seconds": 0.07751099998131394, "last_batch_loss": 3.1431944370269775, "optimizer_steps": 20, "n_parameters": 60417}
{"fold_index": 7, "n_folds": 77, "split": "leave_one_allele_out", "fold": "HLA-A*02:10", "representation": "baseline_plus_conditional_mean_logp", "loss": "mse", "seconds": 0.07982341712340713, "last_batch_loss": 3.361719846725464, "optimizer_steps": 20, "n_parameters": 57281}
{"fold_index": 7, "n_folds": 77, "split": "leave_one_allele_out", "fold": "HLA-A*02:10", "representation": "baseline_plus_conditional_logp_per_position", "loss": "mse", "seconds": 0.07112491712905467, "last_batch_loss": 3.3034865856170654, "optimizer_steps": 20, "n_parameters": 57793}
{"fold_index": 7, "n_folds": 77, "split": "leave_one_allele_out", "fold": "HLA-A*02:10", "representation": "baseline_plus_conditional_anchor_softmax", "loss": "mse", "seconds": 0.07346583297476172, "last_batch_loss": 3.2091639041900635, "optimizer_steps": 20, "n_parameters": 59777}
{"fold_index": 7, "n_folds": 77, "split": "leave_one_allele_out", "fold": "HLA-A*02:10", "representation": "baseline_plus_conditional_all", "loss": "mse", "seconds": 0.08002245798707008, "last_batch_loss": 3.0650761127471924, "optimizer_steps": 20, "n_parameters": 60417}
{"fold_index": 8, "n_folds": 77, "split": "leave_one_allele_out", "fold": "HLA-A*02:11", "representation": "baseline_plus_conditional_mean_logp", "loss": "mse", "seconds": 0.07231070892885327, "last_batch_loss": 3.2329466342926025, "optimizer_steps": 20, "n_parameters": 57281}
{"fold_index": 8, "n_folds": 77, "split": "leave_one_allele_out", "fold": "HLA-A*02:11", "representation": "baseline_plus_conditional_logp_per_position", "loss": "mse", "seconds": 0.08189649996347725, "last_batch_loss": 3.3612325191497803, "optimizer_steps": 20, "n_parameters": 57793}
{"fold_index": 8, "n_folds": 77, "split": "leave_one_allele_out", "fold": "HLA-A*02:11", "representation": "baseline_plus_conditional_anchor_softmax", "loss": "mse", "seconds": 0.08070375001989305, "last_batch_loss": 3.023979663848877, "optimizer_steps": 20, "n_parameters": 59777}
{"fold_index": 8, "n_folds": 77, "split": "leave_one_allele_out", "fold": "HLA-A*02:11", "representation": "baseline_plus_conditional_all", "loss": "mse", "seconds": 0.07656212500296533, "last_batch_loss": 3.1196229457855225, "optimizer_steps": 20, "n_parameters": 60417}
{"fold_index": 9, "n_folds": 77, "split": "leave_one_allele_out", "fold": "HLA-A*02:12", "representation": "baseline_plus_conditional_mean_logp", "loss": "mse", "seconds": 0.07453700015321374, "last_batch_loss": 3.216658115386963, "optimizer_steps": 20, "n_parameters": 57281}
{"fold_index": 9, "n_folds": 77, "split": "leave_one_allele_out", "fold": "HLA-A*02:12", "representation": "baseline_plus_conditional_logp_per_position", "loss": "mse", "seconds": 0.07838229206390679, "last_batch_loss": 3.52687931060791, "optimizer_steps": 20, "n_parameters": 57793}
{"fold_index": 9, "n_folds": 77, "split": "leave_one_allele_out", "fold": "HLA-A*02:12", "representation": "baseline_plus_conditional_anchor_softmax", "loss": "mse", "seconds": 0.08218316710554063, "last_batch_loss": 3.0839672088623047, "optimizer_steps": 20, "n_parameters": 59777}
{"fold_index": 9, "n_folds": 77, "split": "leave_one_allele_out", "fold": "HLA-A*02:12", "representation": "baseline_plus_conditional_all", "loss": "mse", "seconds": 0.0598904169164598, "last_batch_loss": 3.1648383140563965, "optimizer_steps": 20, "n_parameters": 60417}
{"fold_index": 10, "n_folds": 77, "split": "leave_one_allele_out", "fold": "HLA-A*02:16", "representation": "baseline_plus_conditional_mean_logp", "loss": "mse", "seconds": 0.06576725002378225, "last_batch_loss": 3.2797722816467285, "optimizer_steps": 20, "n_parameters": 57281}
{"fold_index": 10, "n_folds": 77, "split": "leave_one_allele_out", "fold": "HLA-A*02:16", "representation": "baseline_plus_conditional_logp_per_position", "loss": "mse", "seconds": 0.07860562507994473, "last_batch_loss": 3.3078835010528564, "optimizer_steps": 20, "n_parameters": 57793}
{"fold_index": 10, "n_folds": 77, "split": "leave_one_allele_out", "fold": "HLA-A*02:16", "representation": "baseline_plus_conditional_anchor_softmax", "loss": "mse", "seconds": 0.07809420814737678, "last_batch_loss": 3.077303647994995, "optimizer_steps": 20, "n_parameters": 59777}
{"fold_index": 10, "n_folds": 77, "split": "leave_one_allele_out", "fold": "HLA-A*02:16", "representation": "baseline_plus_conditional_all", "loss": "mse", "seconds": 0.07909650006331503, "last_batch_loss": 3.0348479747772217, "optimizer_steps": 20, "n_parameters": 60417}
{"fold_index": 11, "n_folds": 77, "split": "leave_one_allele_out", "fold": "HLA-A*02:19", "representation": "baseline_plus_conditional_mean_logp", "loss": "mse", "seconds": 0.07545558293350041, "last_batch_loss": 3.273489475250244, "optimizer_steps": 20, "n_parameters": 57281}
{"fold_index": 11, "n_folds": 77, "split": "leave_one_allele_out", "fold": "HLA-A*02:19", "representation": "baseline_plus_conditional_logp_per_position", "loss": "mse", "seconds": 0.08146754209883511, "last_batch_loss": 3.373831272125244, "optimizer_steps": 20, "n_parameters": 57793}
{"fold_index": 11, "n_folds": 77, "split": "leave_one_allele_out", "fold": "HLA-A*02:19", "representation": "baseline_plus_conditional_anchor_softmax", "loss": "mse", "seconds": 0.07856595795601606, "last_batch_loss": 3.1129984855651855, "optimizer_steps": 20, "n_parameters": 59777}
{"fold_index": 11, "n_folds": 77, "split": "leave_one_allele_out", "fold": "HLA-A*02:19", "representation": "baseline_plus_conditional_all", "loss": "mse", "seconds": 0.07588716689497232, "last_batch_loss": 3.0010790824890137, "optimizer_steps": 20, "n_parameters": 60417}
{"fold_index": 12, "n_folds": 77, "split": "leave_one_allele_out", "fold": "HLA-A*02:50", "representation": "baseline_plus_conditional_mean_logp", "loss": "mse", "seconds": 0.08074124995619059, "last_batch_loss": 3.415884494781494, "optimizer_steps": 20, "n_parameters": 57281}
{"fold_index": 12, "n_folds": 77, "split": "leave_one_allele_out", "fold": "HLA-A*02:50", "representation": "baseline_plus_conditional_logp_per_position", "loss": "mse", "seconds": 0.07477112510241568, "last_batch_loss": 3.2928993701934814, "optimizer_steps": 20, "n_parameters": 57793}
{"fold_index": 12, "n_folds": 77, "split": "leave_one_allele_out", "fold": "HLA-A*02:50", "representation": "baseline_plus_conditional_anchor_softmax", "loss": "mse", "seconds": 0.07505229208618402, "last_batch_loss": 3.2707021236419678, "optimizer_steps": 20, "n_parameters": 59777}
{"fold_index": 12, "n_folds": 77, "split": "leave_one_allele_out", "fold": "HLA-A*02:50", "representation": "baseline_plus_conditional_all", "loss": "mse", "seconds": 0.07568612485192716, "last_batch_loss": 2.9931626319885254, "optimizer_steps": 20, "n_parameters": 60417}
{"fold_index": 13, "n_folds": 77, "split": "leave_one_allele_out", "fold": "HLA-A*03:01", "representation": "baseline_plus_conditional_mean_logp", "loss": "mse", "seconds": 0.07808820903301239, "last_batch_loss": 3.3628334999084473, "optimizer_steps": 20, "n_parameters": 57281}
{"fold_index": 13, "n_folds": 77, "split": "leave_one_allele_out", "fold": "HLA-A*03:01", "representation": "baseline_plus_conditional_logp_per_position", "loss": "mse", "seconds": 0.07549641700461507, "last_batch_loss": 3.208333730697632, "optimizer_steps": 20, "n_parameters": 57793}
{"fold_index": 13, "n_folds": 77, "split": "leave_one_allele_out", "fold": "HLA-A*03:01", "representation": "baseline_plus_conditional_anchor_softmax", "loss": "mse", "seconds": 0.07634224998764694, "last_batch_loss": 3.1720948219299316, "optimizer_steps": 20, "n_parameters": 59777}
{"fold_index": 13, "n_folds": 77, "split": "leave_one_allele_out", "fold": "HLA-A*03:01", "representation": "baseline_plus_conditional_all", "loss": "mse", "seconds": 0.0748480421025306, "last_batch_loss": 3.0943427085876465, "optimizer_steps": 20, "n_parameters": 60417}
{"fold_index": 14, "n_folds": 77, "split": "leave_one_allele_out", "fold": "HLA-A*11:01", "representation": "baseline_plus_conditional_mean_logp", "loss": "mse", "seconds": 0.08236237498931587, "last_batch_loss": 3.3454232215881348, "optimizer_steps": 20, "n_parameters": 57281}
{"fold_index": 14, "n_folds": 77, "split": "leave_one_allele_out", "fold": "HLA-A*11:01", "representation": "baseline_plus_conditional_logp_per_position", "loss": "mse", "seconds": 0.08397170808166265, "last_batch_loss": 3.246018171310425, "optimizer_steps": 20, "n_parameters": 57793}
{"fold_index": 14, "n_folds": 77, "split": "leave_one_allele_out", "fold": "HLA-A*11:01", "representation": "baseline_plus_conditional_anchor_softmax", "loss": "mse", "seconds": 0.0749115829821676, "last_batch_loss": 3.0279107093811035, "optimizer_steps": 20, "n_parameters": 59777}
{"fold_index": 14, "n_folds": 77, "split": "leave_one_allele_out", "fold": "HLA-A*11:01", "representation": "baseline_plus_conditional_all", "loss": "mse", "seconds": 0.07869308395311236, "last_batch_loss": 2.943425178527832, "optimizer_steps": 20, "n_parameters": 60417}
{"fold_index": 15, "n_folds": 77, "split": "leave_one_allele_out", "fold": "HLA-A*23:01", "representation": "baseline_plus_conditional_mean_logp", "loss": "mse", "seconds": 0.07382800010964274, "last_batch_loss": 3.388042449951172, "optimizer_steps": 20, "n_parameters": 57281}
{"fold_index": 15, "n_folds": 77, "split": "leave_one_allele_out", "fold": "HLA-A*23:01", "representation": "baseline_plus_conditional_logp_per_position", "loss": "mse", "seconds": 0.07823116681538522, "last_batch_loss": 3.1323986053466797, "optimizer_steps": 20, "n_parameters": 57793}
{"fold_index": 15, "n_folds": 77, "split": "leave_one_allele_out", "fold": "HLA-A*23:01", "representation": "baseline_plus_conditional_anchor_softmax", "loss": "mse", "seconds": 0.07837216602638364, "last_batch_loss": 3.1336867809295654, "optimizer_steps": 20, "n_parameters": 59777}
{"fold_index": 15, "n_folds": 77, "split": "leave_one_allele_out", "fold": "HLA-A*23:01", "representation": "baseline_plus_conditional_all", "loss": "mse", "seconds": 0.07522712484933436, "last_batch_loss": 3.117922782897949, "optimizer_steps": 20, "n_parameters": 60417}
{"fold_index": 16, "n_folds": 77, "split": "leave_one_allele_out", "fold": "HLA-A*24:02", "representation": "baseline_plus_conditional_mean_logp", "loss": "mse", "seconds": 0.07635220908559859, "last_batch_loss": 3.427490234375, "optimizer_steps": 20, "n_parameters": 57281}
{"fold_index": 16, "n_folds": 77, "split": "leave_one_allele_out", "fold": "HLA-A*24:02", "representation": "baseline_plus_conditional_logp_per_position", "loss": "mse", "seconds": 0.07570595783181489, "last_batch_loss": 3.365819215774536, "optimizer_steps": 20, "n_parameters": 57793}
{"fold_index": 16, "n_folds": 77, "split": "leave_one_allele_out", "fold": "HLA-A*24:02", "representation": "baseline_plus_conditional_anchor_softmax", "loss": "mse", "seconds": 0.07775408285669982, "last_batch_loss": 3.166825771331787, "optimizer_steps": 20, "n_parameters": 59777}
{"fold_index": 16, "n_folds": 77, "split": "leave_one_allele_out", "fold": "HLA-A*24:02", "representation": "baseline_plus_conditional_all", "loss": "mse", "seconds": 0.09556741709820926, "last_batch_loss": 2.9504406452178955, "optimizer_steps": 20, "n_parameters": 60417}
{"fold_index": 17, "n_folds": 77, "split": "leave_one_allele_out", "fold": "HLA-A*24:03", "representation": "baseline_plus_conditional_mean_logp", "loss": "mse", "seconds": 0.07654241705313325, "last_batch_loss": 3.3139805793762207, "optimizer_steps": 20, "n_parameters": 57281}
{"fold_index": 17, "n_folds": 77, "split": "leave_one_allele_out", "fold": "HLA-A*24:03", "representation": "baseline_plus_conditional_logp_per_position", "loss": "mse", "seconds": 0.07894558412954211, "last_batch_loss": 3.3517298698425293, "optimizer_steps": 20, "n_parameters": 57793}
{"fold_index": 17, "n_folds": 77, "split": "leave_one_allele_out", "fold": "HLA-A*24:03", "representation": "baseline_plus_conditional_anchor_softmax", "loss": "mse", "seconds": 0.08243187493644655, "last_batch_loss": 3.19089674949646, "optimizer_steps": 20, "n_parameters": 59777}
{"fold_index": 17, "n_folds": 77, "split": "leave_one_allele_out", "fold": "HLA-A*24:03", "representation": "baseline_plus_conditional_all", "loss": "mse", "seconds": 0.08708545891568065, "last_batch_loss": 3.0355732440948486, "optimizer_steps": 20, "n_parameters": 60417}
{"fold_index": 18, "n_folds": 77, "split": "leave_one_allele_out", "fold": "HLA-A*24:07", "representation": "baseline_plus_conditional_mean_logp", "loss": "mse", "seconds": 0.09638208290562034, "last_batch_loss": 3.265758752822876, "optimizer_steps": 20, "n_parameters": 57281}
{"fold_index": 18, "n_folds": 77, "split": "leave_one_allele_out", "fold": "HLA-A*24:07", "representation": "baseline_plus_conditional_logp_per_position", "loss": "mse", "seconds": 0.07404750003479421, "last_batch_loss": 3.240333318710327, "optimizer_steps": 20, "n_parameters": 57793}
{"fold_index": 18, "n_folds": 77, "split": "leave_one_allele_out", "fold": "HLA-A*24:07", "representation": "baseline_plus_conditional_anchor_softmax", "loss": "mse", "seconds": 0.07566870888695121, "last_batch_loss": 3.182443618774414, "optimizer_steps": 20, "n_parameters": 59777}
{"fold_index": 18, "n_folds": 77, "split": "leave_one_allele_out", "fold": "HLA-A*24:07", "representation": "baseline_plus_conditional_all", "loss": "mse", "seconds": 0.06814379105344415, "last_batch_loss": 3.1084342002868652, "optimizer_steps": 20, "n_parameters": 60417}
{"fold_index": 19, "n_folds": 77, "split": "leave_one_allele_out", "fold": "HLA-A*24:19", "representation": "baseline_plus_conditional_mean_logp", "loss": "mse", "seconds": 0.06917045917361975, "last_batch_loss": 3.294727325439453, "optimizer_steps": 20, "n_parameters": 57281}
{"fold_index": 19, "n_folds": 77, "split": "leave_one_allele_out", "fold": "HLA-A*24:19", "representation": "baseline_plus_conditional_logp_per_position", "loss": "mse", "seconds": 0.06623979192227125, "last_batch_loss": 3.237027168273926, "optimizer_steps": 20, "n_parameters": 57793}
{"fold_index": 19, "n_folds": 77, "split": "leave_one_allele_out", "fold": "HLA-A*24:19", "representation": "baseline_plus_conditional_anchor_softmax", "loss": "mse", "seconds": 0.11341045796871185, "last_batch_loss": 3.1432440280914307, "optimizer_steps": 20, "n_parameters": 59777}
{"fold_index": 19, "n_folds": 77, "split": "leave_one_allele_out", "fold": "HLA-A*24:19", "representation": "baseline_plus_conditional_all", "loss": "mse", "seconds": 0.07487383298575878, "last_batch_loss": 2.960815191268921, "optimizer_steps": 20, "n_parameters": 60417}
{"fold_index": 20, "n_folds": 77, "split": "leave_one_allele_out", "fold": "HLA-A*25:01", "representation": "baseline_plus_conditional_mean_logp", "loss": "mse", "seconds": 0.0673875838983804, "last_batch_loss": 3.261073589324951, "optimizer_steps": 20, "n_parameters": 57281}
{"fold_index": 20, "n_folds": 77, "split": "leave_one_allele_out", "fold": "HLA-A*25:01", "representation": "baseline_plus_conditional_logp_per_position", "loss": "mse", "seconds": 0.07346187508665025, "last_batch_loss": 3.291348695755005, "optimizer_steps": 20, "n_parameters": 57793}
{"fold_index": 20, "n_folds": 77, "split": "leave_one_allele_out", "fold": "HLA-A*25:01", "representation": "baseline_plus_conditional_anchor_softmax", "loss": "mse", "seconds": 0.07149470807053149, "last_batch_loss": 3.109239339828491, "optimizer_steps": 20, "n_parameters": 59777}
{"fold_index": 20, "n_folds": 77, "split": "leave_one_allele_out", "fold": "HLA-A*25:01", "representation": "baseline_plus_conditional_all", "loss": "mse", "seconds": 0.07181712496094406, "last_batch_loss": 3.1974565982818604, "optimizer_steps": 20, "n_parameters": 60417}
{"fold_index": 21, "n_folds": 77, "split": "leave_one_allele_out", "fold": "HLA-A*26:01", "representation": "baseline_plus_conditional_mean_logp", "loss": "mse", "seconds": 0.06509629194624722, "last_batch_loss": 3.3805553913116455, "optimizer_steps": 20, "n_parameters": 57281}
{"fold_index": 21, "n_folds": 77, "split": "leave_one_allele_out", "fold": "HLA-A*26:01", "representation": "baseline_plus_conditional_logp_per_position", "loss": "mse", "seconds": 0.07303312490694225, "last_batch_loss": 3.3020896911621094, "optimizer_steps": 20, "n_parameters": 57793}
{"fold_index": 21, "n_folds": 77, "split": "leave_one_allele_out", "fold": "HLA-A*26:01", "representation": "baseline_plus_conditional_anchor_softmax", "loss": "mse", "seconds": 0.075291832908988, "last_batch_loss": 3.0568511486053467, "optimizer_steps": 20, "n_parameters": 59777}
{"fold_index": 21, "n_folds": 77, "split": "leave_one_allele_out", "fold": "HLA-A*26:01", "representation": "baseline_plus_conditional_all", "loss": "mse", "seconds": 0.07557350001297891, "last_batch_loss": 3.0366151332855225, "optimizer_steps": 20, "n_parameters": 60417}
{"fold_index": 22, "n_folds": 77, "split": "leave_one_allele_out", "fold": "HLA-A*26:02", "representation": "baseline_plus_conditional_mean_logp", "loss": "mse", "seconds": 0.07026874995790422, "last_batch_loss": 3.3798272609710693, "optimizer_steps": 20, "n_parameters": 57281}
{"fold_index": 22, "n_folds": 77, "split": "leave_one_allele_out", "fold": "HLA-A*26:02", "representation": "baseline_plus_conditional_logp_per_position", "loss": "mse", "seconds": 0.07319312496110797, "last_batch_loss": 3.2901675701141357, "optimizer_steps": 20, "n_parameters": 57793}
{"fold_index": 22, "n_folds": 77, "split": "leave_one_allele_out", "fold": "HLA-A*26:02", "representation": "baseline_plus_conditional_anchor_softmax", "loss": "mse", "seconds": 0.07307958300225437, "last_batch_loss": 3.1371986865997314, "optimizer_steps": 20, "n_parameters": 59777}
{"fold_index": 22, "n_folds": 77, "split": "leave_one_allele_out", "fold": "HLA-A*26:02", "representation": "baseline_plus_conditional_all", "loss": "mse", "seconds": 0.07526070903986692, "last_batch_loss": 2.998328447341919, "optimizer_steps": 20, "n_parameters": 60417}
{"fold_index": 23, "n_folds": 77, "split": "leave_one_allele_out", "fold": "HLA-A*26:03", "representation": "baseline_plus_conditional_mean_logp", "loss": "mse", "seconds": 0.07793874992057681, "last_batch_loss": 3.399426221847534, "optimizer_steps": 20, "n_parameters": 57281}
{"fold_index": 23, "n_folds": 77, "split": "leave_one_allele_out", "fold": "HLA-A*26:03", "representation": "baseline_plus_conditional_logp_per_position", "loss": "mse", "seconds": 0.0741738339420408, "last_batch_loss": 3.306041955947876, "optimizer_steps": 20, "n_parameters": 57793}
{"fold_index": 23, "n_folds": 77, "split": "leave_one_allele_out", "fold": "HLA-A*26:03", "representation": "baseline_plus_conditional_anchor_softmax", "loss": "mse", "seconds": 0.07634020806290209, "last_batch_loss": 3.028944492340088, "optimizer_steps": 20, "n_parameters": 59777}
{"fold_index": 23, "n_folds": 77, "split": "leave_one_allele_out", "fold": "HLA-A*26:03", "representation": "baseline_plus_conditional_all", "loss": "mse", "seconds": 0.0738280420191586, "last_batch_loss": 3.0574164390563965, "optimizer_steps": 20, "n_parameters": 60417}
{"fold_index": 24, "n_folds": 77, "split": "leave_one_allele_out", "fold": "HLA-A*29:02", "representation": "baseline_plus_conditional_mean_logp", "loss": "mse", "seconds": 0.06964170793071389, "last_batch_loss": 3.29701566696167, "optimizer_steps": 20, "n_parameters": 57281}
{"fold_index": 24, "n_folds": 77, "split": "leave_one_allele_out", "fold": "HLA-A*29:02", "representation": "baseline_plus_conditional_logp_per_position", "loss": "mse", "seconds": 0.07437295792624354, "last_batch_loss": 3.271145820617676, "optimizer_steps": 20, "n_parameters": 57793}
{"fold_index": 24, "n_folds": 77, "split": "leave_one_allele_out", "fold": "HLA-A*29:02", "representation": "baseline_plus_conditional_anchor_softmax", "loss": "mse", "seconds": 0.07452720799483359, "last_batch_loss": 3.0885517597198486, "optimizer_steps": 20, "n_parameters": 59777}
{"fold_index": 24, "n_folds": 77, "split": "leave_one_allele_out", "fold": "HLA-A*29:02", "representation": "baseline_plus_conditional_all", "loss": "mse", "seconds": 0.07267033285461366, "last_batch_loss": 3.094878673553467, "optimizer_steps": 20, "n_parameters": 60417}
{"fold_index": 25, "n_folds": 77, "split": "leave_one_allele_out", "fold": "HLA-A*30:01", "representation": "baseline_plus_conditional_mean_logp", "loss": "mse", "seconds": 0.07429887517355382, "last_batch_loss": 3.419968366622925, "optimizer_steps": 20, "n_parameters": 57281}
{"fold_index": 25, "n_folds": 77, "split": "leave_one_allele_out", "fold": "HLA-A*30:01", "representation": "baseline_plus_conditional_logp_per_position", "loss": "mse", "seconds": 0.07864029193297029, "last_batch_loss": 3.3056247234344482, "optimizer_steps": 20, "n_parameters": 57793}
{"fold_index": 25, "n_folds": 77, "split": "leave_one_allele_out", "fold": "HLA-A*30:01", "representation": "baseline_plus_conditional_anchor_softmax", "loss": "mse", "seconds": 0.07404895802028477, "last_batch_loss": 3.125333786010742, "optimizer_steps": 20, "n_parameters": 59777}
{"fold_index": 25, "n_folds": 77, "split": "leave_one_allele_out", "fold": "HLA-A*30:01", "representation": "baseline_plus_conditional_all", "loss": "mse", "seconds": 0.07236704113893211, "last_batch_loss": 3.094541311264038, "optimizer_steps": 20, "n_parameters": 60417}
{"fold_index": 26, "n_folds": 77, "split": "leave_one_allele_out", "fold": "HLA-A*30:02", "representation": "baseline_plus_conditional_mean_logp", "loss": "mse", "seconds": 0.0820948330219835, "last_batch_loss": 3.3285038471221924, "optimizer_steps": 20, "n_parameters": 57281}
{"fold_index": 26, "n_folds": 77, "split": "leave_one_allele_out", "fold": "HLA-A*30:02", "representation": "baseline_plus_conditional_logp_per_position", "loss": "mse", "seconds": 0.07735945913009346, "last_batch_loss": 3.358250379562378, "optimizer_steps": 20, "n_parameters": 57793}
{"fold_index": 26, "n_folds": 77, "split": "leave_one_allele_out", "fold": "HLA-A*30:02", "representation": "baseline_plus_conditional_anchor_softmax", "loss": "mse", "seconds": 0.07606645789928734, "last_batch_loss": 3.0030083656311035, "optimizer_steps": 20, "n_parameters": 59777}
{"fold_index": 26, "n_folds": 77, "split": "leave_one_allele_out", "fold": "HLA-A*30:02", "representation": "baseline_plus_conditional_all", "loss": "mse", "seconds": 0.07267670799046755, "last_batch_loss": 3.2071635723114014, "optimizer_steps": 20, "n_parameters": 60417}
{"fold_index": 27, "n_folds": 77, "split": "leave_one_allele_out", "fold": "HLA-A*31:01", "representation": "baseline_plus_conditional_mean_logp", "loss": "mse", "seconds": 0.06982279103249311, "last_batch_loss": 3.2800254821777344, "optimizer_steps": 20, "n_parameters": 57281}
{"fold_index": 27, "n_folds": 77, "split": "leave_one_allele_out", "fold": "HLA-A*31:01", "representation": "baseline_plus_conditional_logp_per_position", "loss": "mse", "seconds": 0.05970829213038087, "last_batch_loss": 3.345987558364868, "optimizer_steps": 20, "n_parameters": 57793}
{"fold_index": 27, "n_folds": 77, "split": "leave_one_allele_out", "fold": "HLA-A*31:01", "representation": "baseline_plus_conditional_anchor_softmax", "loss": "mse", "seconds": 0.07217537495307624, "last_batch_loss": 3.2210628986358643, "optimizer_steps": 20, "n_parameters": 59777}
{"fold_index": 27, "n_folds": 77, "split": "leave_one_allele_out", "fold": "HLA-A*31:01", "representation": "baseline_plus_conditional_all", "loss": "mse", "seconds": 0.07639274979010224, "last_batch_loss": 3.1231231689453125, "optimizer_steps": 20, "n_parameters": 60417}
{"fold_index": 28, "n_folds": 77, "split": "leave_one_allele_out", "fold": "HLA-A*32:01", "representation": "baseline_plus_conditional_mean_logp", "loss": "mse", "seconds": 0.07423862488940358, "last_batch_loss": 3.334669351577759, "optimizer_steps": 20, "n_parameters": 57281}
{"fold_index": 28, "n_folds": 77, "split": "leave_one_allele_out", "fold": "HLA-A*32:01", "representation": "baseline_plus_conditional_logp_per_position", "loss": "mse", "seconds": 0.0703522078692913, "last_batch_loss": 3.3978614807128906, "optimizer_steps": 20, "n_parameters": 57793}
{"fold_index": 28, "n_folds": 77, "split": "leave_one_allele_out", "fold": "HLA-A*32:01", "representation": "baseline_plus_conditional_anchor_softmax", "loss": "mse", "seconds": 0.07097233412787318, "last_batch_loss": 3.1239397525787354, "optimizer_steps": 20, "n_parameters": 59777}
{"fold_index": 28, "n_folds": 77, "split": "leave_one_allele_out", "fold": "HLA-A*32:01", "representation": "baseline_plus_conditional_all", "loss": "mse", "seconds": 0.08051462494768202, "last_batch_loss": 3.044757843017578, "optimizer_steps": 20, "n_parameters": 60417}
{"fold_index": 29, "n_folds": 77, "split": "leave_one_allele_out", "fold": "HLA-A*32:07", "representation": "baseline_plus_conditional_mean_logp", "loss": "mse", "seconds": 0.06718312483280897, "last_batch_loss": 3.4850425720214844, "optimizer_steps": 20, "n_parameters": 57281}
{"fold_index": 29, "n_folds": 77, "split": "leave_one_allele_out", "fold": "HLA-A*32:07", "representation": "baseline_plus_conditional_logp_per_position", "loss": "mse", "seconds": 0.07157154195010662, "last_batch_loss": 3.3159470558166504, "optimizer_steps": 20, "n_parameters": 57793}
{"fold_index": 29, "n_folds": 77, "split": "leave_one_allele_out", "fold": "HLA-A*32:07", "representation": "baseline_plus_conditional_anchor_softmax", "loss": "mse", "seconds": 0.07943170797079802, "last_batch_loss": 3.1591696739196777, "optimizer_steps": 20, "n_parameters": 59777}
{"fold_index": 29, "n_folds": 77, "split": "leave_one_allele_out", "fold": "HLA-A*32:07", "representation": "baseline_plus_conditional_all", "loss": "mse", "seconds": 0.06791962496936321, "last_batch_loss": 3.2015328407287598, "optimizer_steps": 20, "n_parameters": 60417}
{"fold_index": 30, "n_folds": 77, "split": "leave_one_allele_out", "fold": "HLA-A*33:03", "representation": "baseline_plus_conditional_mean_logp", "loss": "mse", "seconds": 0.06366849993355572, "last_batch_loss": 3.2363622188568115, "optimizer_steps": 20, "n_parameters": 57281}
{"fold_index": 30, "n_folds": 77, "split": "leave_one_allele_out", "fold": "HLA-A*33:03", "representation": "baseline_plus_conditional_logp_per_position", "loss": "mse", "seconds": 0.06944025005213916, "last_batch_loss": 3.105823278427124, "optimizer_steps": 20, "n_parameters": 57793}
{"fold_index": 30, "n_folds": 77, "split": "leave_one_allele_out", "fold": "HLA-A*33:03", "representation": "baseline_plus_conditional_anchor_softmax", "loss": "mse", "seconds": 0.07547425013035536, "last_batch_loss": 3.013072967529297, "optimizer_steps": 20, "n_parameters": 59777}
{"fold_index": 30, "n_folds": 77, "split": "leave_one_allele_out", "fold": "HLA-A*33:03", "representation": "baseline_plus_conditional_all", "loss": "mse", "seconds": 0.0737668750807643, "last_batch_loss": 3.011019706726074, "optimizer_steps": 20, "n_parameters": 60417}
{"fold_index": 31, "n_folds": 77, "split": "leave_one_allele_out", "fold": "HLA-A*43:01", "representation": "baseline_plus_conditional_mean_logp", "loss": "mse", "seconds": 0.07234087493270636, "last_batch_loss": 3.2622392177581787, "optimizer_steps": 20, "n_parameters": 57281}
{"fold_index": 31, "n_folds": 77, "split": "leave_one_allele_out", "fold": "HLA-A*43:01", "representation": "baseline_plus_conditional_logp_per_position", "loss": "mse", "seconds": 0.07104695797897875, "last_batch_loss": 3.3452913761138916, "optimizer_steps": 20, "n_parameters": 57793}
{"fold_index": 31, "n_folds": 77, "split": "leave_one_allele_out", "fold": "HLA-A*43:01", "representation": "baseline_plus_conditional_anchor_softmax", "loss": "mse", "seconds": 0.06393516692332923, "last_batch_loss": 3.1800975799560547, "optimizer_steps": 20, "n_parameters": 59777}
{"fold_index": 31, "n_folds": 77, "split": "leave_one_allele_out", "fold": "HLA-A*43:01", "representation": "baseline_plus_conditional_all", "loss": "mse", "seconds": 0.06725079193711281, "last_batch_loss": 3.1124982833862305, "optimizer_steps": 20, "n_parameters": 60417}
{"fold_index": 32, "n_folds": 77, "split": "leave_one_allele_out", "fold": "HLA-A*66:01", "representation": "baseline_plus_conditional_mean_logp", "loss": "mse", "seconds": 0.060641958145424724, "last_batch_loss": 3.620102882385254, "optimizer_steps": 20, "n_parameters": 57281}
{"fold_index": 32, "n_folds": 77, "split": "leave_one_allele_out", "fold": "HLA-A*66:01", "representation": "baseline_plus_conditional_logp_per_position", "loss": "mse", "seconds": 0.05472683301195502, "last_batch_loss": 3.3321213722229004, "optimizer_steps": 20, "n_parameters": 57793}
{"fold_index": 32, "n_folds": 77, "split": "leave_one_allele_out", "fold": "HLA-A*66:01", "representation": "baseline_plus_conditional_anchor_softmax", "loss": "mse", "seconds": 0.08368237502872944, "last_batch_loss": 3.095792293548584, "optimizer_steps": 20, "n_parameters": 59777}
{"fold_index": 32, "n_folds": 77, "split": "leave_one_allele_out", "fold": "HLA-A*66:01", "representation": "baseline_plus_conditional_all", "loss": "mse", "seconds": 0.07787787518464029, "last_batch_loss": 3.119999408721924, "optimizer_steps": 20, "n_parameters": 60417}
{"fold_index": 33, "n_folds": 77, "split": "leave_one_allele_out", "fold": "HLA-A*68:01", "representation": "baseline_plus_conditional_mean_logp", "loss": "mse", "seconds": 0.0659895830322057, "last_batch_loss": 3.3389859199523926, "optimizer_steps": 20, "n_parameters": 57281}
{"fold_index": 33, "n_folds": 77, "split": "leave_one_allele_out", "fold": "HLA-A*68:01", "representation": "baseline_plus_conditional_logp_per_position", "loss": "mse", "seconds": 0.06715629203245044, "last_batch_loss": 3.3337535858154297, "optimizer_steps": 20, "n_parameters": 57793}
{"fold_index": 33, "n_folds": 77, "split": "leave_one_allele_out", "fold": "HLA-A*68:01", "representation": "baseline_plus_conditional_anchor_softmax", "loss": "mse", "seconds": 0.06494754203595221, "last_batch_loss": 3.068491220474243, "optimizer_steps": 20, "n_parameters": 59777}
{"fold_index": 33, "n_folds": 77, "split": "leave_one_allele_out", "fold": "HLA-A*68:01", "representation": "baseline_plus_conditional_all", "loss": "mse", "seconds": 0.0707820828538388, "last_batch_loss": 2.9866960048675537, "optimizer_steps": 20, "n_parameters": 60417}
{"fold_index": 34, "n_folds": 77, "split": "leave_one_allele_out", "fold": "HLA-A*68:02", "representation": "baseline_plus_conditional_mean_logp", "loss": "mse", "seconds": 0.06477212510071695, "last_batch_loss": 3.3239734172821045, "optimizer_steps": 20, "n_parameters": 57281}
{"fold_index": 34, "n_folds": 77, "split": "leave_one_allele_out", "fold": "HLA-A*68:02", "representation": "baseline_plus_conditional_logp_per_position", "loss": "mse", "seconds": 0.06858912506140769, "last_batch_loss": 3.455303907394409, "optimizer_steps": 20, "n_parameters": 57793}
{"fold_index": 34, "n_folds": 77, "split": "leave_one_allele_out", "fold": "HLA-A*68:02", "representation": "baseline_plus_conditional_anchor_softmax", "loss": "mse", "seconds": 0.06832029111683369, "last_batch_loss": 3.0720150470733643, "optimizer_steps": 20, "n_parameters": 59777}
{"fold_index": 34, "n_folds": 77, "split": "leave_one_allele_out", "fold": "HLA-A*68:02", "representation": "baseline_plus_conditional_all", "loss": "mse", "seconds": 0.05867866612970829, "last_batch_loss": 3.122628688812256, "optimizer_steps": 20, "n_parameters": 60417}
{"fold_index": 35, "n_folds": 77, "split": "leave_one_allele_out", "fold": "HLA-A*68:23", "representation": "baseline_plus_conditional_mean_logp", "loss": "mse", "seconds": 0.06706470809876919, "last_batch_loss": 3.3630824089050293, "optimizer_steps": 20, "n_parameters": 57281}
{"fold_index": 35, "n_folds": 77, "split": "leave_one_allele_out", "fold": "HLA-A*68:23", "representation": "baseline_plus_conditional_logp_per_position", "loss": "mse", "seconds": 0.06644658301956952, "last_batch_loss": 3.285335063934326, "optimizer_steps": 20, "n_parameters": 57793}
{"fold_index": 35, "n_folds": 77, "split": "leave_one_allele_out", "fold": "HLA-A*68:23", "representation": "baseline_plus_conditional_anchor_softmax", "loss": "mse", "seconds": 0.07934120809659362, "last_batch_loss": 3.192045211791992, "optimizer_steps": 20, "n_parameters": 59777}
{"fold_index": 35, "n_folds": 77, "split": "leave_one_allele_out", "fold": "HLA-A*68:23", "representation": "baseline_plus_conditional_all", "loss": "mse", "seconds": 0.06834766594693065, "last_batch_loss": 3.024834632873535, "optimizer_steps": 20, "n_parameters": 60417}
{"fold_index": 36, "n_folds": 77, "split": "leave_one_allele_out", "fold": "HLA-A*69:01", "representation": "baseline_plus_conditional_mean_logp", "loss": "mse", "seconds": 0.07205958291888237, "last_batch_loss": 3.352210521697998, "optimizer_steps": 20, "n_parameters": 57281}
{"fold_index": 36, "n_folds": 77, "split": "leave_one_allele_out", "fold": "HLA-A*69:01", "representation": "baseline_plus_conditional_logp_per_position", "loss": "mse", "seconds": 0.06192641705274582, "last_batch_loss": 3.253028392791748, "optimizer_steps": 20, "n_parameters": 57793}
{"fold_index": 36, "n_folds": 77, "split": "leave_one_allele_out", "fold": "HLA-A*69:01", "representation": "baseline_plus_conditional_anchor_softmax", "loss": "mse", "seconds": 0.07482033316046, "last_batch_loss": 3.1698389053344727, "optimizer_steps": 20, "n_parameters": 59777}
{"fold_index": 36, "n_folds": 77, "split": "leave_one_allele_out", "fold": "HLA-A*69:01", "representation": "baseline_plus_conditional_all", "loss": "mse", "seconds": 0.0663017078768462, "last_batch_loss": 3.0183889865875244, "optimizer_steps": 20, "n_parameters": 60417}
{"fold_index": 37, "n_folds": 77, "split": "leave_one_allele_out", "fold": "HLA-A*74:01", "representation": "baseline_plus_conditional_mean_logp", "loss": "mse", "seconds": 0.05906450003385544, "last_batch_loss": 3.321605682373047, "optimizer_steps": 20, "n_parameters": 57281}
{"fold_index": 37, "n_folds": 77, "split": "leave_one_allele_out", "fold": "HLA-A*74:01", "representation": "baseline_plus_conditional_logp_per_position", "loss": "mse", "seconds": 0.06579191703349352, "last_batch_loss": 3.46368408203125, "optimizer_steps": 20, "n_parameters": 57793}
{"fold_index": 37, "n_folds": 77, "split": "leave_one_allele_out", "fold": "HLA-A*74:01", "representation": "baseline_plus_conditional_anchor_softmax", "loss": "mse", "seconds": 0.140774582978338, "last_batch_loss": 3.213033437728882, "optimizer_steps": 20, "n_parameters": 59777}
{"fold_index": 37, "n_folds": 77, "split": "leave_one_allele_out", "fold": "HLA-A*74:01", "representation": "baseline_plus_conditional_all", "loss": "mse", "seconds": 0.08584183291532099, "last_batch_loss": 3.1941938400268555, "optimizer_steps": 20, "n_parameters": 60417}
{"fold_index": 38, "n_folds": 77, "split": "leave_one_allele_out", "fold": "HLA-A*80:01", "representation": "baseline_plus_conditional_mean_logp", "loss": "mse", "seconds": 0.07174416584894061, "last_batch_loss": 3.2946219444274902, "optimizer_steps": 20, "n_parameters": 57281}
{"fold_index": 38, "n_folds": 77, "split": "leave_one_allele_out", "fold": "HLA-A*80:01", "representation": "baseline_plus_conditional_logp_per_position", "loss": "mse", "seconds": 0.07124454202130437, "last_batch_loss": 3.3471131324768066, "optimizer_steps": 20, "n_parameters": 57793}
{"fold_index": 38, "n_folds": 77, "split": "leave_one_allele_out", "fold": "HLA-A*80:01", "representation": "baseline_plus_conditional_anchor_softmax", "loss": "mse", "seconds": 0.07888854201883078, "last_batch_loss": 3.1330206394195557, "optimizer_steps": 20, "n_parameters": 59777}
{"fold_index": 38, "n_folds": 77, "split": "leave_one_allele_out", "fold": "HLA-A*80:01", "representation": "baseline_plus_conditional_all", "loss": "mse", "seconds": 0.08137212484143674, "last_batch_loss": 3.0352492332458496, "optimizer_steps": 20, "n_parameters": 60417}
{"fold_index": 39, "n_folds": 77, "split": "leave_one_allele_out", "fold": "HLA-B*07:02", "representation": "baseline_plus_conditional_mean_logp", "loss": "mse", "seconds": 0.07705250009894371, "last_batch_loss": 3.3785343170166016, "optimizer_steps": 20, "n_parameters": 57281}
{"fold_index": 39, "n_folds": 77, "split": "leave_one_allele_out", "fold": "HLA-B*07:02", "representation": "baseline_plus_conditional_logp_per_position", "loss": "mse", "seconds": 0.07713450002484024, "last_batch_loss": 3.208649158477783, "optimizer_steps": 20, "n_parameters": 57793}
{"fold_index": 39, "n_folds": 77, "split": "leave_one_allele_out", "fold": "HLA-B*07:02", "representation": "baseline_plus_conditional_anchor_softmax", "loss": "mse", "seconds": 0.07933395798318088, "last_batch_loss": 3.0975069999694824, "optimizer_steps": 20, "n_parameters": 59777}
{"fold_index": 39, "n_folds": 77, "split": "leave_one_allele_out", "fold": "HLA-B*07:02", "representation": "baseline_plus_conditional_all", "loss": "mse", "seconds": 0.0756747501436621, "last_batch_loss": 3.16347336769104, "optimizer_steps": 20, "n_parameters": 60417}
{"fold_index": 40, "n_folds": 77, "split": "leave_one_allele_out", "fold": "HLA-B*08:01", "representation": "baseline_plus_conditional_mean_logp", "loss": "mse", "seconds": 0.07307029189541936, "last_batch_loss": 3.461510181427002, "optimizer_steps": 20, "n_parameters": 57281}
{"fold_index": 40, "n_folds": 77, "split": "leave_one_allele_out", "fold": "HLA-B*08:01", "representation": "baseline_plus_conditional_logp_per_position", "loss": "mse", "seconds": 0.0773655828088522, "last_batch_loss": 3.3154678344726562, "optimizer_steps": 20, "n_parameters": 57793}
{"fold_index": 40, "n_folds": 77, "split": "leave_one_allele_out", "fold": "HLA-B*08:01", "representation": "baseline_plus_conditional_anchor_softmax", "loss": "mse", "seconds": 0.07357949996367097, "last_batch_loss": 3.115370273590088, "optimizer_steps": 20, "n_parameters": 59777}
{"fold_index": 40, "n_folds": 77, "split": "leave_one_allele_out", "fold": "HLA-B*08:01", "representation": "baseline_plus_conditional_all", "loss": "mse", "seconds": 0.07985274982638657, "last_batch_loss": 3.0979981422424316, "optimizer_steps": 20, "n_parameters": 60417}
{"fold_index": 41, "n_folds": 77, "split": "leave_one_allele_out", "fold": "HLA-B*08:03", "representation": "baseline_plus_conditional_mean_logp", "loss": "mse", "seconds": 0.0746838750783354, "last_batch_loss": 3.3796298503875732, "optimizer_steps": 20, "n_parameters": 57281}
{"fold_index": 41, "n_folds": 77, "split": "leave_one_allele_out", "fold": "HLA-B*08:03", "representation": "baseline_plus_conditional_logp_per_position", "loss": "mse", "seconds": 0.07599429110996425, "last_batch_loss": 3.3744587898254395, "optimizer_steps": 20, "n_parameters": 57793}
{"fold_index": 41, "n_folds": 77, "split": "leave_one_allele_out", "fold": "HLA-B*08:03", "representation": "baseline_plus_conditional_anchor_softmax", "loss": "mse", "seconds": 0.07364891702309251, "last_batch_loss": 3.171074151992798, "optimizer_steps": 20, "n_parameters": 59777}
{"fold_index": 41, "n_folds": 77, "split": "leave_one_allele_out", "fold": "HLA-B*08:03", "representation": "baseline_plus_conditional_all", "loss": "mse", "seconds": 0.08083987515419722, "last_batch_loss": 3.046529769897461, "optimizer_steps": 20, "n_parameters": 60417}
{"fold_index": 42, "n_folds": 77, "split": "leave_one_allele_out", "fold": "HLA-B*13:02", "representation": "baseline_plus_conditional_mean_logp", "loss": "mse", "seconds": 0.07873050007037818, "last_batch_loss": 3.376084804534912, "optimizer_steps": 20, "n_parameters": 57281}
{"fold_index": 42, "n_folds": 77, "split": "leave_one_allele_out", "fold": "HLA-B*13:02", "representation": "baseline_plus_conditional_logp_per_position", "loss": "mse", "seconds": 0.07820758316665888, "last_batch_loss": 3.325300455093384, "optimizer_steps": 20, "n_parameters": 57793}
{"fold_index": 42, "n_folds": 77, "split": "leave_one_allele_out", "fold": "HLA-B*13:02", "representation": "baseline_plus_conditional_anchor_softmax", "loss": "mse", "seconds": 0.07814241712912917, "last_batch_loss": 3.1941590309143066, "optimizer_steps": 20, "n_parameters": 59777}
{"fold_index": 42, "n_folds": 77, "split": "leave_one_allele_out", "fold": "HLA-B*13:02", "representation": "baseline_plus_conditional_all", "loss": "mse", "seconds": 0.08724070806056261, "last_batch_loss": 2.945620536804199, "optimizer_steps": 20, "n_parameters": 60417}
{"fold_index": 43, "n_folds": 77, "split": "leave_one_allele_out", "fold": "HLA-B*14:01(C67S)", "representation": "baseline_plus_conditional_mean_logp", "loss": "mse", "seconds": 0.08044675015844405, "last_batch_loss": 3.2336549758911133, "optimizer_steps": 20, "n_parameters": 57281}
{"fold_index": 43, "n_folds": 77, "split": "leave_one_allele_out", "fold": "HLA-B*14:01(C67S)", "representation": "baseline_plus_conditional_logp_per_position", "loss": "mse", "seconds": 0.07547820801846683, "last_batch_loss": 3.2455544471740723, "optimizer_steps": 20, "n_parameters": 57793}
{"fold_index": 43, "n_folds": 77, "split": "leave_one_allele_out", "fold": "HLA-B*14:01(C67S)", "representation": "baseline_plus_conditional_anchor_softmax", "loss": "mse", "seconds": 0.07552833412773907, "last_batch_loss": 3.0495424270629883, "optimizer_steps": 20, "n_parameters": 59777}
{"fold_index": 43, "n_folds": 77, "split": "leave_one_allele_out", "fold": "HLA-B*14:01(C67S)", "representation": "baseline_plus_conditional_all", "loss": "mse", "seconds": 0.07528487499803305, "last_batch_loss": 3.0378258228302, "optimizer_steps": 20, "n_parameters": 60417}
{"fold_index": 44, "n_folds": 77, "split": "leave_one_allele_out", "fold": "HLA-B*14:02(C67S)", "representation": "baseline_plus_conditional_mean_logp", "loss": "mse", "seconds": 0.10289370804093778, "last_batch_loss": 3.236586332321167, "optimizer_steps": 20, "n_parameters": 57281}
{"fold_index": 44, "n_folds": 77, "split": "leave_one_allele_out", "fold": "HLA-B*14:02(C67S)", "representation": "baseline_plus_conditional_logp_per_position", "loss": "mse", "seconds": 0.08747191680595279, "last_batch_loss": 3.302994728088379, "optimizer_steps": 20, "n_parameters": 57793}
{"fold_index": 44, "n_folds": 77, "split": "leave_one_allele_out", "fold": "HLA-B*14:02(C67S)", "representation": "baseline_plus_conditional_anchor_softmax", "loss": "mse", "seconds": 0.08649245789274573, "last_batch_loss": 3.134629726409912, "optimizer_steps": 20, "n_parameters": 59777}
{"fold_index": 44, "n_folds": 77, "split": "leave_one_allele_out", "fold": "HLA-B*14:02(C67S)", "representation": "baseline_plus_conditional_all", "loss": "mse", "seconds": 0.08282529190182686, "last_batch_loss": 2.92916202545166, "optimizer_steps": 20, "n_parameters": 60417}
{"fold_index": 45, "n_folds": 77, "split": "leave_one_allele_out", "fold": "HLA-B*15:01", "representation": "baseline_plus_conditional_mean_logp", "loss": "mse", "seconds": 0.0733582500834018, "last_batch_loss": 3.3223206996917725, "optimizer_steps": 20, "n_parameters": 57281}
{"fold_index": 45, "n_folds": 77, "split": "leave_one_allele_out", "fold": "HLA-B*15:01", "representation": "baseline_plus_conditional_logp_per_position", "loss": "mse", "seconds": 0.07386304205283523, "last_batch_loss": 3.3667898178100586, "optimizer_steps": 20, "n_parameters": 57793}
{"fold_index": 45, "n_folds": 77, "split": "leave_one_allele_out", "fold": "HLA-B*15:01", "representation": "baseline_plus_conditional_anchor_softmax", "loss": "mse", "seconds": 0.07997474982403219, "last_batch_loss": 3.1359503269195557, "optimizer_steps": 20, "n_parameters": 59777}
{"fold_index": 45, "n_folds": 77, "split": "leave_one_allele_out", "fold": "HLA-B*15:01", "representation": "baseline_plus_conditional_all", "loss": "mse", "seconds": 0.07918387511745095, "last_batch_loss": 3.0444722175598145, "optimizer_steps": 20, "n_parameters": 60417}
{"fold_index": 46, "n_folds": 77, "split": "leave_one_allele_out", "fold": "HLA-B*15:02", "representation": "baseline_plus_conditional_mean_logp", "loss": "mse", "seconds": 0.07078162510879338, "last_batch_loss": 3.3363873958587646, "optimizer_steps": 20, "n_parameters": 57281}
{"fold_index": 46, "n_folds": 77, "split": "leave_one_allele_out", "fold": "HLA-B*15:02", "representation": "baseline_plus_conditional_logp_per_position", "loss": "mse", "seconds": 0.08306779200211167, "last_batch_loss": 3.179598569869995, "optimizer_steps": 20, "n_parameters": 57793}
{"fold_index": 46, "n_folds": 77, "split": "leave_one_allele_out", "fold": "HLA-B*15:02", "representation": "baseline_plus_conditional_anchor_softmax", "loss": "mse", "seconds": 0.07717387494631112, "last_batch_loss": 3.096465826034546, "optimizer_steps": 20, "n_parameters": 59777}
{"fold_index": 46, "n_folds": 77, "split": "leave_one_allele_out", "fold": "HLA-B*15:02", "representation": "baseline_plus_conditional_all", "loss": "mse", "seconds": 0.07826087507419288, "last_batch_loss": 3.0130786895751953, "optimizer_steps": 20, "n_parameters": 60417}
{"fold_index": 47, "n_folds": 77, "split": "leave_one_allele_out", "fold": "HLA-B*15:10", "representation": "baseline_plus_conditional_mean_logp", "loss": "mse", "seconds": 0.07165175001136959, "last_batch_loss": 3.274186611175537, "optimizer_steps": 20, "n_parameters": 57281}
{"fold_index": 47, "n_folds": 77, "split": "leave_one_allele_out", "fold": "HLA-B*15:10", "representation": "baseline_plus_conditional_logp_per_position", "loss": "mse", "seconds": 0.07547529204748571, "last_batch_loss": 3.2995424270629883, "optimizer_steps": 20, "n_parameters": 57793}
{"fold_index": 47, "n_folds": 77, "split": "leave_one_allele_out", "fold": "HLA-B*15:10", "representation": "baseline_plus_conditional_anchor_softmax", "loss": "mse", "seconds": 0.07990762498229742, "last_batch_loss": 3.25274395942688, "optimizer_steps": 20, "n_parameters": 59777}
{"fold_index": 47, "n_folds": 77, "split": "leave_one_allele_out", "fold": "HLA-B*15:10", "representation": "baseline_plus_conditional_all", "loss": "mse", "seconds": 0.07424966618418694, "last_batch_loss": 2.988201856613159, "optimizer_steps": 20, "n_parameters": 60417}
{"fold_index": 48, "n_folds": 77, "split": "leave_one_allele_out", "fold": "HLA-B*15:17", "representation": "baseline_plus_conditional_mean_logp", "loss": "mse", "seconds": 0.07174395909532905, "last_batch_loss": 3.34600567817688, "optimizer_steps": 20, "n_parameters": 57281}
{"fold_index": 48, "n_folds": 77, "split": "leave_one_allele_out", "fold": "HLA-B*15:17", "representation": "baseline_plus_conditional_logp_per_position", "loss": "mse", "seconds": 0.10881904209963977, "last_batch_loss": 3.3078927993774414, "optimizer_steps": 20, "n_parameters": 57793}
{"fold_index": 48, "n_folds": 77, "split": "leave_one_allele_out", "fold": "HLA-B*15:17", "representation": "baseline_plus_conditional_anchor_softmax", "loss": "mse", "seconds": 0.0880386249627918, "last_batch_loss": 3.1232750415802, "optimizer_steps": 20, "n_parameters": 59777}
{"fold_index": 48, "n_folds": 77, "split": "leave_one_allele_out", "fold": "HLA-B*15:17", "representation": "baseline_plus_conditional_all", "loss": "mse", "seconds": 0.0749320830218494, "last_batch_loss": 3.200181007385254, "optimizer_steps": 20, "n_parameters": 60417}
{"fold_index": 49, "n_folds": 77, "split": "leave_one_allele_out", "fold": "HLA-B*18:01", "representation": "baseline_plus_conditional_mean_logp", "loss": "mse", "seconds": 0.06687199999578297, "last_batch_loss": 3.3771822452545166, "optimizer_steps": 20, "n_parameters": 57281}
{"fold_index": 49, "n_folds": 77, "split": "leave_one_allele_out", "fold": "HLA-B*18:01", "representation": "baseline_plus_conditional_logp_per_position", "loss": "mse", "seconds": 0.0883907089009881, "last_batch_loss": 3.288677930831909, "optimizer_steps": 20, "n_parameters": 57793}
{"fold_index": 49, "n_folds": 77, "split": "leave_one_allele_out", "fold": "HLA-B*18:01", "representation": "baseline_plus_conditional_anchor_softmax", "loss": "mse", "seconds": 0.07742079114541411, "last_batch_loss": 3.2301626205444336, "optimizer_steps": 20, "n_parameters": 59777}
{"fold_index": 49, "n_folds": 77, "split": "leave_one_allele_out", "fold": "HLA-B*18:01", "representation": "baseline_plus_conditional_all", "loss": "mse", "seconds": 0.07557487487792969, "last_batch_loss": 3.168943405151367, "optimizer_steps": 20, "n_parameters": 60417}
{"fold_index": 50, "n_folds": 77, "split": "leave_one_allele_out", "fold": "HLA-B*27:02", "representation": "baseline_plus_conditional_mean_logp", "loss": "mse", "seconds": 0.07321204198524356, "last_batch_loss": 3.4047529697418213, "optimizer_steps": 20, "n_parameters": 57281}
{"fold_index": 50, "n_folds": 77, "split": "leave_one_allele_out", "fold": "HLA-B*27:02", "representation": "baseline_plus_conditional_logp_per_position", "loss": "mse", "seconds": 0.07663400005549192, "last_batch_loss": 3.4153051376342773, "optimizer_steps": 20, "n_parameters": 57793}
{"fold_index": 50, "n_folds": 77, "split": "leave_one_allele_out", "fold": "HLA-B*27:02", "representation": "baseline_plus_conditional_anchor_softmax", "loss": "mse", "seconds": 0.0736526248510927, "last_batch_loss": 3.125131130218506, "optimizer_steps": 20, "n_parameters": 59777}
{"fold_index": 50, "n_folds": 77, "split": "leave_one_allele_out", "fold": "HLA-B*27:02", "representation": "baseline_plus_conditional_all", "loss": "mse", "seconds": 0.07516620797105134, "last_batch_loss": 3.070058584213257, "optimizer_steps": 20, "n_parameters": 60417}
{"fold_index": 51, "n_folds": 77, "split": "leave_one_allele_out", "fold": "HLA-B*27:03", "representation": "baseline_plus_conditional_mean_logp", "loss": "mse", "seconds": 0.0722437088843435, "last_batch_loss": 3.4778592586517334, "optimizer_steps": 20, "n_parameters": 57281}
{"fold_index": 51, "n_folds": 77, "split": "leave_one_allele_out", "fold": "HLA-B*27:03", "representation": "baseline_plus_conditional_logp_per_position", "loss": "mse", "seconds": 0.08969337493181229, "last_batch_loss": 3.2096118927001953, "optimizer_steps": 20, "n_parameters": 57793}
{"fold_index": 51, "n_folds": 77, "split": "leave_one_allele_out", "fold": "HLA-B*27:03", "representation": "baseline_plus_conditional_anchor_softmax", "loss": "mse", "seconds": 0.0728966670576483, "last_batch_loss": 3.1995296478271484, "optimizer_steps": 20, "n_parameters": 59777}
{"fold_index": 51, "n_folds": 77, "split": "leave_one_allele_out", "fold": "HLA-B*27:03", "representation": "baseline_plus_conditional_all", "loss": "mse", "seconds": 0.07790150004439056, "last_batch_loss": 3.0589113235473633, "optimizer_steps": 20, "n_parameters": 60417}
{"fold_index": 52, "n_folds": 77, "split": "leave_one_allele_out", "fold": "HLA-B*27:05", "representation": "baseline_plus_conditional_mean_logp", "loss": "mse", "seconds": 0.07364516681991518, "last_batch_loss": 3.3484137058258057, "optimizer_steps": 20, "n_parameters": 57281}
{"fold_index": 52, "n_folds": 77, "split": "leave_one_allele_out", "fold": "HLA-B*27:05", "representation": "baseline_plus_conditional_logp_per_position", "loss": "mse", "seconds": 0.07548379199579358, "last_batch_loss": 3.1949596405029297, "optimizer_steps": 20, "n_parameters": 57793}
{"fold_index": 52, "n_folds": 77, "split": "leave_one_allele_out", "fold": "HLA-B*27:05", "representation": "baseline_plus_conditional_anchor_softmax", "loss": "mse", "seconds": 0.08183487504720688, "last_batch_loss": 3.1534016132354736, "optimizer_steps": 20, "n_parameters": 59777}
{"fold_index": 52, "n_folds": 77, "split": "leave_one_allele_out", "fold": "HLA-B*27:05", "representation": "baseline_plus_conditional_all", "loss": "mse", "seconds": 0.0688227079808712, "last_batch_loss": 3.1842458248138428, "optimizer_steps": 20, "n_parameters": 60417}
{"fold_index": 53, "n_folds": 77, "split": "leave_one_allele_out", "fold": "HLA-B*27:20", "representation": "baseline_plus_conditional_mean_logp", "loss": "mse", "seconds": 0.07369195809587836, "last_batch_loss": 3.2960407733917236, "optimizer_steps": 20, "n_parameters": 57281}
{"fold_index": 53, "n_folds": 77, "split": "leave_one_allele_out", "fold": "HLA-B*27:20", "representation": "baseline_plus_conditional_logp_per_position", "loss": "mse", "seconds": 0.08472154079936445, "last_batch_loss": 3.330233573913574, "optimizer_steps": 20, "n_parameters": 57793}
{"fold_index": 53, "n_folds": 77, "split": "leave_one_allele_out", "fold": "HLA-B*27:20", "representation": "baseline_plus_conditional_anchor_softmax", "loss": "mse", "seconds": 0.08006345806643367, "last_batch_loss": 3.1627278327941895, "optimizer_steps": 20, "n_parameters": 59777}
{"fold_index": 53, "n_folds": 77, "split": "leave_one_allele_out", "fold": "HLA-B*27:20", "representation": "baseline_plus_conditional_all", "loss": "mse", "seconds": 0.07068791682831943, "last_batch_loss": 3.118121385574341, "optimizer_steps": 20, "n_parameters": 60417}
{"fold_index": 54, "n_folds": 77, "split": "leave_one_allele_out", "fold": "HLA-B*35:01", "representation": "baseline_plus_conditional_mean_logp", "loss": "mse", "seconds": 0.0690170000307262, "last_batch_loss": 3.178356170654297, "optimizer_steps": 20, "n_parameters": 57281}
{"fold_index": 54, "n_folds": 77, "split": "leave_one_allele_out", "fold": "HLA-B*35:01", "representation": "baseline_plus_conditional_logp_per_position", "loss": "mse", "seconds": 0.07588354195468128, "last_batch_loss": 3.2393181324005127, "optimizer_steps": 20, "n_parameters": 57793}
{"fold_index": 54, "n_folds": 77, "split": "leave_one_allele_out", "fold": "HLA-B*35:01", "representation": "baseline_plus_conditional_anchor_softmax", "loss": "mse", "seconds": 0.07249737507663667, "last_batch_loss": 3.138291358947754, "optimizer_steps": 20, "n_parameters": 59777}
{"fold_index": 54, "n_folds": 77, "split": "leave_one_allele_out", "fold": "HLA-B*35:01", "representation": "baseline_plus_conditional_all", "loss": "mse", "seconds": 0.08508829190395772, "last_batch_loss": 3.1638379096984863, "optimizer_steps": 20, "n_parameters": 60417}
{"fold_index": 55, "n_folds": 77, "split": "leave_one_allele_out", "fold": "HLA-B*35:03", "representation": "baseline_plus_conditional_mean_logp", "loss": "mse", "seconds": 0.07206583302468061, "last_batch_loss": 3.419825792312622, "optimizer_steps": 20, "n_parameters": 57281}
{"fold_index": 55, "n_folds": 77, "split": "leave_one_allele_out", "fold": "HLA-B*35:03", "representation": "baseline_plus_conditional_logp_per_position", "loss": "mse", "seconds": 0.08420279202982783, "last_batch_loss": 3.4102628231048584, "optimizer_steps": 20, "n_parameters": 57793}
{"fold_index": 55, "n_folds": 77, "split": "leave_one_allele_out", "fold": "HLA-B*35:03", "representation": "baseline_plus_conditional_anchor_softmax", "loss": "mse", "seconds": 0.09644158300943673, "last_batch_loss": 3.1381995677948, "optimizer_steps": 20, "n_parameters": 59777}
{"fold_index": 55, "n_folds": 77, "split": "leave_one_allele_out", "fold": "HLA-B*35:03", "representation": "baseline_plus_conditional_all", "loss": "mse", "seconds": 0.09906095801852643, "last_batch_loss": 3.0929439067840576, "optimizer_steps": 20, "n_parameters": 60417}
{"fold_index": 56, "n_folds": 77, "split": "leave_one_allele_out", "fold": "HLA-B*35:08", "representation": "baseline_plus_conditional_mean_logp", "loss": "mse", "seconds": 0.07213666685856879, "last_batch_loss": 3.381115674972534, "optimizer_steps": 20, "n_parameters": 57281}
{"fold_index": 56, "n_folds": 77, "split": "leave_one_allele_out", "fold": "HLA-B*35:08", "representation": "baseline_plus_conditional_logp_per_position", "loss": "mse", "seconds": 0.06935924990102649, "last_batch_loss": 3.4388036727905273, "optimizer_steps": 20, "n_parameters": 57793}
{"fold_index": 56, "n_folds": 77, "split": "leave_one_allele_out", "fold": "HLA-B*35:08", "representation": "baseline_plus_conditional_anchor_softmax", "loss": "mse", "seconds": 0.07336354092694819, "last_batch_loss": 3.074364185333252, "optimizer_steps": 20, "n_parameters": 59777}
{"fold_index": 56, "n_folds": 77, "split": "leave_one_allele_out", "fold": "HLA-B*35:08", "representation": "baseline_plus_conditional_all", "loss": "mse", "seconds": 0.07555033406242728, "last_batch_loss": 2.995842456817627, "optimizer_steps": 20, "n_parameters": 60417}
{"fold_index": 57, "n_folds": 77, "split": "leave_one_allele_out", "fold": "HLA-B*39:01", "representation": "baseline_plus_conditional_mean_logp", "loss": "mse", "seconds": 0.07740491698496044, "last_batch_loss": 3.3657429218292236, "optimizer_steps": 20, "n_parameters": 57281}
{"fold_index": 57, "n_folds": 77, "split": "leave_one_allele_out", "fold": "HLA-B*39:01", "representation": "baseline_plus_conditional_logp_per_position", "loss": "mse", "seconds": 0.07582241599448025, "last_batch_loss": 3.31033992767334, "optimizer_steps": 20, "n_parameters": 57793}
{"fold_index": 57, "n_folds": 77, "split": "leave_one_allele_out", "fold": "HLA-B*39:01", "representation": "baseline_plus_conditional_anchor_softmax", "loss": "mse", "seconds": 0.07378670806065202, "last_batch_loss": 3.328296661376953, "optimizer_steps": 20, "n_parameters": 59777}
{"fold_index": 57, "n_folds": 77, "split": "leave_one_allele_out", "fold": "HLA-B*39:01", "representation": "baseline_plus_conditional_all", "loss": "mse", "seconds": 0.06745150010101497, "last_batch_loss": 3.108926296234131, "optimizer_steps": 20, "n_parameters": 60417}
{"fold_index": 58, "n_folds": 77, "split": "leave_one_allele_out", "fold": "HLA-B*39:02", "representation": "baseline_plus_conditional_mean_logp", "loss": "mse", "seconds": 0.06430674996227026, "last_batch_loss": 3.311690092086792, "optimizer_steps": 20, "n_parameters": 57281}
{"fold_index": 58, "n_folds": 77, "split": "leave_one_allele_out", "fold": "HLA-B*39:02", "representation": "baseline_plus_conditional_logp_per_position", "loss": "mse", "seconds": 0.05655862484127283, "last_batch_loss": 3.264040946960449, "optimizer_steps": 20, "n_parameters": 57793}
{"fold_index": 58, "n_folds": 77, "split": "leave_one_allele_out", "fold": "HLA-B*39:02", "representation": "baseline_plus_conditional_anchor_softmax", "loss": "mse", "seconds": 0.075570915825665, "last_batch_loss": 3.191413640975952, "optimizer_steps": 20, "n_parameters": 59777}
{"fold_index": 58, "n_folds": 77, "split": "leave_one_allele_out", "fold": "HLA-B*39:02", "representation": "baseline_plus_conditional_all", "loss": "mse", "seconds": 0.07718758308328688, "last_batch_loss": 3.074878692626953, "optimizer_steps": 20, "n_parameters": 60417}
{"fold_index": 59, "n_folds": 77, "split": "leave_one_allele_out", "fold": "HLA-B*39:06(C67S)", "representation": "baseline_plus_conditional_mean_logp", "loss": "mse", "seconds": 0.07579708308912814, "last_batch_loss": 3.2977099418640137, "optimizer_steps": 20, "n_parameters": 57281}
{"fold_index": 59, "n_folds": 77, "split": "leave_one_allele_out", "fold": "HLA-B*39:06(C67S)", "representation": "baseline_plus_conditional_logp_per_position", "loss": "mse", "seconds": 0.07456287508830428, "last_batch_loss": 3.3563876152038574, "optimizer_steps": 20, "n_parameters": 57793}
{"fold_index": 59, "n_folds": 77, "split": "leave_one_allele_out", "fold": "HLA-B*39:06(C67S)", "representation": "baseline_plus_conditional_anchor_softmax", "loss": "mse", "seconds": 0.07159804087132215, "last_batch_loss": 3.298781156539917, "optimizer_steps": 20, "n_parameters": 59777}
{"fold_index": 59, "n_folds": 77, "split": "leave_one_allele_out", "fold": "HLA-B*39:06(C67S)", "representation": "baseline_plus_conditional_all", "loss": "mse", "seconds": 0.07434741617180407, "last_batch_loss": 3.2185399532318115, "optimizer_steps": 20, "n_parameters": 60417}
{"fold_index": 60, "n_folds": 77, "split": "leave_one_allele_out", "fold": "HLA-B*39:10", "representation": "baseline_plus_conditional_mean_logp", "loss": "mse", "seconds": 0.07239699992351234, "last_batch_loss": 3.2831077575683594, "optimizer_steps": 20, "n_parameters": 57281}
{"fold_index": 60, "n_folds": 77, "split": "leave_one_allele_out", "fold": "HLA-B*39:10", "representation": "baseline_plus_conditional_logp_per_position", "loss": "mse", "seconds": 0.07184154191054404, "last_batch_loss": 3.1456499099731445, "optimizer_steps": 20, "n_parameters": 57793}
{"fold_index": 60, "n_folds": 77, "split": "leave_one_allele_out", "fold": "HLA-B*39:10", "representation": "baseline_plus_conditional_anchor_softmax", "loss": "mse", "seconds": 0.07500458392314613, "last_batch_loss": 3.1633431911468506, "optimizer_steps": 20, "n_parameters": 59777}
{"fold_index": 60, "n_folds": 77, "split": "leave_one_allele_out", "fold": "HLA-B*39:10", "representation": "baseline_plus_conditional_all", "loss": "mse", "seconds": 0.07189708412624896, "last_batch_loss": 3.1402664184570312, "optimizer_steps": 20, "n_parameters": 60417}
{"fold_index": 61, "n_folds": 77, "split": "leave_one_allele_out", "fold": "HLA-B*40:01", "representation": "baseline_plus_conditional_mean_logp", "loss": "mse", "seconds": 0.07330675004050136, "last_batch_loss": 3.4945614337921143, "optimizer_steps": 20, "n_parameters": 57281}
{"fold_index": 61, "n_folds": 77, "split": "leave_one_allele_out", "fold": "HLA-B*40:01", "representation": "baseline_plus_conditional_logp_per_position", "loss": "mse", "seconds": 0.0655252079013735, "last_batch_loss": 3.454254388809204, "optimizer_steps": 20, "n_parameters": 57793}
{"fold_index": 61, "n_folds": 77, "split": "leave_one_allele_out", "fold": "HLA-B*40:01", "representation": "baseline_plus_conditional_anchor_softmax", "loss": "mse", "seconds": 0.07680925005115569, "last_batch_loss": 3.2857916355133057, "optimizer_steps": 20, "n_parameters": 59777}
{"fold_index": 61, "n_folds": 77, "split": "leave_one_allele_out", "fold": "HLA-B*40:01", "representation": "baseline_plus_conditional_all", "loss": "mse", "seconds": 0.11128495796583593, "last_batch_loss": 3.006512403488159, "optimizer_steps": 20, "n_parameters": 60417}
{"fold_index": 62, "n_folds": 77, "split": "leave_one_allele_out", "fold": "HLA-B*40:02", "representation": "baseline_plus_conditional_mean_logp", "loss": "mse", "seconds": 0.06850804085843265, "last_batch_loss": 3.3669610023498535, "optimizer_steps": 20, "n_parameters": 57281}
{"fold_index": 62, "n_folds": 77, "split": "leave_one_allele_out", "fold": "HLA-B*40:02", "representation": "baseline_plus_conditional_logp_per_position", "loss": "mse", "seconds": 0.072018250124529, "last_batch_loss": 3.341123104095459, "optimizer_steps": 20, "n_parameters": 57793}
{"fold_index": 62, "n_folds": 77, "split": "leave_one_allele_out", "fold": "HLA-B*40:02", "representation": "baseline_plus_conditional_anchor_softmax", "loss": "mse", "seconds": 0.0764195411466062, "last_batch_loss": 3.2853872776031494, "optimizer_steps": 20, "n_parameters": 59777}
{"fold_index": 62, "n_folds": 77, "split": "leave_one_allele_out", "fold": "HLA-B*40:02", "representation": "baseline_plus_conditional_all", "loss": "mse", "seconds": 0.07676641596481204, "last_batch_loss": 3.2140636444091797, "optimizer_steps": 20, "n_parameters": 60417}
{"fold_index": 63, "n_folds": 77, "split": "leave_one_allele_out", "fold": "HLA-B*41:01", "representation": "baseline_plus_conditional_mean_logp", "loss": "mse", "seconds": 0.14350749994628131, "last_batch_loss": 3.3446555137634277, "optimizer_steps": 20, "n_parameters": 57281}
{"fold_index": 63, "n_folds": 77, "split": "leave_one_allele_out", "fold": "HLA-B*41:01", "representation": "baseline_plus_conditional_logp_per_position", "loss": "mse", "seconds": 0.0670315409079194, "last_batch_loss": 3.1774792671203613, "optimizer_steps": 20, "n_parameters": 57793}
{"fold_index": 63, "n_folds": 77, "split": "leave_one_allele_out", "fold": "HLA-B*41:01", "representation": "baseline_plus_conditional_anchor_softmax", "loss": "mse", "seconds": 0.06547124986536801, "last_batch_loss": 3.158914804458618, "optimizer_steps": 20, "n_parameters": 59777}
{"fold_index": 63, "n_folds": 77, "split": "leave_one_allele_out", "fold": "HLA-B*41:01", "representation": "baseline_plus_conditional_all", "loss": "mse", "seconds": 0.07160337502136827, "last_batch_loss": 3.22476863861084, "optimizer_steps": 20, "n_parameters": 60417}
{"fold_index": 64, "n_folds": 77, "split": "leave_one_allele_out", "fold": "HLA-B*42:01", "representation": "baseline_plus_conditional_mean_logp", "loss": "mse", "seconds": 0.07062545791268349, "last_batch_loss": 3.2982187271118164, "optimizer_steps": 20, "n_parameters": 57281}
{"fold_index": 64, "n_folds": 77, "split": "leave_one_allele_out", "fold": "HLA-B*42:01", "representation": "baseline_plus_conditional_logp_per_position", "loss": "mse", "seconds": 0.07722612516954541, "last_batch_loss": 3.2257022857666016, "optimizer_steps": 20, "n_parameters": 57793}
{"fold_index": 64, "n_folds": 77, "split": "leave_one_allele_out", "fold": "HLA-B*42:01", "representation": "baseline_plus_conditional_anchor_softmax", "loss": "mse", "seconds": 0.07194458297453821, "last_batch_loss": 3.078026533126831, "optimizer_steps": 20, "n_parameters": 59777}
{"fold_index": 64, "n_folds": 77, "split": "leave_one_allele_out", "fold": "HLA-B*42:01", "representation": "baseline_plus_conditional_all", "loss": "mse", "seconds": 0.0729126671794802, "last_batch_loss": 3.0265841484069824, "optimizer_steps": 20, "n_parameters": 60417}
{"fold_index": 65, "n_folds": 77, "split": "leave_one_allele_out", "fold": "HLA-B*42:02", "representation": "baseline_plus_conditional_mean_logp", "loss": "mse", "seconds": 0.07266449998132885, "last_batch_loss": 3.2698850631713867, "optimizer_steps": 20, "n_parameters": 57281}
{"fold_index": 65, "n_folds": 77, "split": "leave_one_allele_out", "fold": "HLA-B*42:02", "representation": "baseline_plus_conditional_logp_per_position", "loss": "mse", "seconds": 0.07356320903636515, "last_batch_loss": 3.2613580226898193, "optimizer_steps": 20, "n_parameters": 57793}
{"fold_index": 65, "n_folds": 77, "split": "leave_one_allele_out", "fold": "HLA-B*42:02", "representation": "baseline_plus_conditional_anchor_softmax", "loss": "mse", "seconds": 0.07363270781934261, "last_batch_loss": 3.073589324951172, "optimizer_steps": 20, "n_parameters": 59777}
{"fold_index": 65, "n_folds": 77, "split": "leave_one_allele_out", "fold": "HLA-B*42:02", "representation": "baseline_plus_conditional_all", "loss": "mse", "seconds": 0.07076066709123552, "last_batch_loss": 3.0228488445281982, "optimizer_steps": 20, "n_parameters": 60417}
{"fold_index": 66, "n_folds": 77, "split": "leave_one_allele_out", "fold": "HLA-B*44:05", "representation": "baseline_plus_conditional_mean_logp", "loss": "mse", "seconds": 0.08458145800977945, "last_batch_loss": 3.3409464359283447, "optimizer_steps": 20, "n_parameters": 57281}
{"fold_index": 66, "n_folds": 77, "split": "leave_one_allele_out", "fold": "HLA-B*44:05", "representation": "baseline_plus_conditional_logp_per_position", "loss": "mse", "seconds": 0.07382195792160928, "last_batch_loss": 3.3067309856414795, "optimizer_steps": 20, "n_parameters": 57793}
{"fold_index": 66, "n_folds": 77, "split": "leave_one_allele_out", "fold": "HLA-B*44:05", "representation": "baseline_plus_conditional_anchor_softmax", "loss": "mse", "seconds": 0.07231424981728196, "last_batch_loss": 3.2061030864715576, "optimizer_steps": 20, "n_parameters": 59777}
{"fold_index": 66, "n_folds": 77, "split": "leave_one_allele_out", "fold": "HLA-B*44:05", "representation": "baseline_plus_conditional_all", "loss": "mse", "seconds": 0.07015358400531113, "last_batch_loss": 2.994878053665161, "optimizer_steps": 20, "n_parameters": 60417}
{"fold_index": 67, "n_folds": 77, "split": "leave_one_allele_out", "fold": "HLA-B*45:01", "representation": "baseline_plus_conditional_mean_logp", "loss": "mse", "seconds": 0.0682019591331482, "last_batch_loss": 3.2806849479675293, "optimizer_steps": 20, "n_parameters": 57281}
{"fold_index": 67, "n_folds": 77, "split": "leave_one_allele_out", "fold": "HLA-B*45:01", "representation": "baseline_plus_conditional_logp_per_position", "loss": "mse", "seconds": 0.08558579115197062, "last_batch_loss": 3.2399260997772217, "optimizer_steps": 20, "n_parameters": 57793}
{"fold_index": 67, "n_folds": 77, "split": "leave_one_allele_out", "fold": "HLA-B*45:01", "representation": "baseline_plus_conditional_anchor_softmax", "loss": "mse", "seconds": 0.07597404206171632, "last_batch_loss": 3.067856788635254, "optimizer_steps": 20, "n_parameters": 59777}
{"fold_index": 67, "n_folds": 77, "split": "leave_one_allele_out", "fold": "HLA-B*45:01", "representation": "baseline_plus_conditional_all", "loss": "mse", "seconds": 0.0679438749793917, "last_batch_loss": 3.0526933670043945, "optimizer_steps": 20, "n_parameters": 60417}
{"fold_index": 68, "n_folds": 77, "split": "leave_one_allele_out", "fold": "HLA-B*46:01", "representation": "baseline_plus_conditional_mean_logp", "loss": "mse", "seconds": 0.06807466689497232, "last_batch_loss": 3.3539376258850098, "optimizer_steps": 20, "n_parameters": 57281}
{"fold_index": 68, "n_folds": 77, "split": "leave_one_allele_out", "fold": "HLA-B*46:01", "representation": "baseline_plus_conditional_logp_per_position", "loss": "mse", "seconds": 0.06825637491419911, "last_batch_loss": 3.302015542984009, "optimizer_steps": 20, "n_parameters": 57793}
{"fold_index": 68, "n_folds": 77, "split": "leave_one_allele_out", "fold": "HLA-B*46:01", "representation": "baseline_plus_conditional_anchor_softmax", "loss": "mse", "seconds": 0.07074820809066296, "last_batch_loss": 3.1965725421905518, "optimizer_steps": 20, "n_parameters": 59777}
{"fold_index": 68, "n_folds": 77, "split": "leave_one_allele_out", "fold": "HLA-B*46:01", "representation": "baseline_plus_conditional_all", "loss": "mse", "seconds": 0.06741616618819535, "last_batch_loss": 3.1901769638061523, "optimizer_steps": 20, "n_parameters": 60417}
{"fold_index": 69, "n_folds": 77, "split": "leave_one_allele_out", "fold": "HLA-B*51:01", "representation": "baseline_plus_conditional_mean_logp", "loss": "mse", "seconds": 0.06926145916804671, "last_batch_loss": 3.2516729831695557, "optimizer_steps": 20, "n_parameters": 57281}
{"fold_index": 69, "n_folds": 77, "split": "leave_one_allele_out", "fold": "HLA-B*51:01", "representation": "baseline_plus_conditional_logp_per_position", "loss": "mse", "seconds": 0.06775550008751452, "last_batch_loss": 3.2449045181274414, "optimizer_steps": 20, "n_parameters": 57793}
{"fold_index": 69, "n_folds": 77, "split": "leave_one_allele_out", "fold": "HLA-B*51:01", "representation": "baseline_plus_conditional_anchor_softmax", "loss": "mse", "seconds": 0.08161316602490842, "last_batch_loss": 2.9915883541107178, "optimizer_steps": 20, "n_parameters": 59777}
{"fold_index": 69, "n_folds": 77, "split": "leave_one_allele_out", "fold": "HLA-B*51:01", "representation": "baseline_plus_conditional_all", "loss": "mse", "seconds": 0.06161129102110863, "last_batch_loss": 2.9142322540283203, "optimizer_steps": 20, "n_parameters": 60417}
{"fold_index": 70, "n_folds": 77, "split": "leave_one_allele_out", "fold": "HLA-B*54:01", "representation": "baseline_plus_conditional_mean_logp", "loss": "mse", "seconds": 0.0662926658987999, "last_batch_loss": 3.3076720237731934, "optimizer_steps": 20, "n_parameters": 57281}
{"fold_index": 70, "n_folds": 77, "split": "leave_one_allele_out", "fold": "HLA-B*54:01", "representation": "baseline_plus_conditional_logp_per_position", "loss": "mse", "seconds": 0.06848091701976955, "last_batch_loss": 3.326070547103882, "optimizer_steps": 20, "n_parameters": 57793}
{"fold_index": 70, "n_folds": 77, "split": "leave_one_allele_out", "fold": "HLA-B*54:01", "representation": "baseline_plus_conditional_anchor_softmax", "loss": "mse", "seconds": 0.0673587080091238, "last_batch_loss": 3.1612486839294434, "optimizer_steps": 20, "n_parameters": 59777}
{"fold_index": 70, "n_folds": 77, "split": "leave_one_allele_out", "fold": "HLA-B*54:01", "representation": "baseline_plus_conditional_all", "loss": "mse", "seconds": 0.07408775016665459, "last_batch_loss": 3.1392343044281006, "optimizer_steps": 20, "n_parameters": 60417}
{"fold_index": 71, "n_folds": 77, "split": "leave_one_allele_out", "fold": "HLA-B*55:01", "representation": "baseline_plus_conditional_mean_logp", "loss": "mse", "seconds": 0.07628687494434416, "last_batch_loss": 3.405113935470581, "optimizer_steps": 20, "n_parameters": 57281}
{"fold_index": 71, "n_folds": 77, "split": "leave_one_allele_out", "fold": "HLA-B*55:01", "representation": "baseline_plus_conditional_logp_per_position", "loss": "mse", "seconds": 0.08740304107777774, "last_batch_loss": 3.301334857940674, "optimizer_steps": 20, "n_parameters": 57793}
{"fold_index": 71, "n_folds": 77, "split": "leave_one_allele_out", "fold": "HLA-B*55:01", "representation": "baseline_plus_conditional_anchor_softmax", "loss": "mse", "seconds": 0.09891725005581975, "last_batch_loss": 3.058135986328125, "optimizer_steps": 20, "n_parameters": 59777}
{"fold_index": 71, "n_folds": 77, "split": "leave_one_allele_out", "fold": "HLA-B*55:01", "representation": "baseline_plus_conditional_all", "loss": "mse", "seconds": 0.09758062497712672, "last_batch_loss": 3.0380399227142334, "optimizer_steps": 20, "n_parameters": 60417}
{"fold_index": 72, "n_folds": 77, "split": "leave_one_allele_out", "fold": "HLA-B*56:01", "representation": "baseline_plus_conditional_mean_logp", "loss": "mse", "seconds": 0.10940499999560416, "last_batch_loss": 3.4395837783813477, "optimizer_steps": 20, "n_parameters": 57281}
{"fold_index": 72, "n_folds": 77, "split": "leave_one_allele_out", "fold": "HLA-B*56:01", "representation": "baseline_plus_conditional_logp_per_position", "loss": "mse", "seconds": 0.08329074992798269, "last_batch_loss": 3.279651641845703, "optimizer_steps": 20, "n_parameters": 57793}
{"fold_index": 72, "n_folds": 77, "split": "leave_one_allele_out", "fold": "HLA-B*56:01", "representation": "baseline_plus_conditional_anchor_softmax", "loss": "mse", "seconds": 0.07890999992378056, "last_batch_loss": 3.027794599533081, "optimizer_steps": 20, "n_parameters": 59777}
{"fold_index": 72, "n_folds": 77, "split": "leave_one_allele_out", "fold": "HLA-B*56:01", "representation": "baseline_plus_conditional_all", "loss": "mse", "seconds": 0.08290575002320111, "last_batch_loss": 3.015970230102539, "optimizer_steps": 20, "n_parameters": 60417}
{"fold_index": 73, "n_folds": 77, "split": "leave_one_allele_out", "fold": "HLA-B*57:01", "representation": "baseline_plus_conditional_mean_logp", "loss": "mse", "seconds": 0.07422204199247062, "last_batch_loss": 3.303170680999756, "optimizer_steps": 20, "n_parameters": 57281}
{"fold_index": 73, "n_folds": 77, "split": "leave_one_allele_out", "fold": "HLA-B*57:01", "representation": "baseline_plus_conditional_logp_per_position", "loss": "mse", "seconds": 0.07601637486368418, "last_batch_loss": 3.272528648376465, "optimizer_steps": 20, "n_parameters": 57793}
{"fold_index": 73, "n_folds": 77, "split": "leave_one_allele_out", "fold": "HLA-B*57:01", "representation": "baseline_plus_conditional_anchor_softmax", "loss": "mse", "seconds": 0.0745236249640584, "last_batch_loss": 3.1716716289520264, "optimizer_steps": 20, "n_parameters": 59777}
{"fold_index": 73, "n_folds": 77, "split": "leave_one_allele_out", "fold": "HLA-B*57:01", "representation": "baseline_plus_conditional_all", "loss": "mse", "seconds": 0.07841449999250472, "last_batch_loss": 3.018463611602783, "optimizer_steps": 20, "n_parameters": 60417}
{"fold_index": 74, "n_folds": 77, "split": "leave_one_allele_out", "fold": "HLA-B*57:02", "representation": "baseline_plus_conditional_mean_logp", "loss": "mse", "seconds": 0.07109758304432034, "last_batch_loss": 3.3126251697540283, "optimizer_steps": 20, "n_parameters": 57281}
{"fold_index": 74, "n_folds": 77, "split": "leave_one_allele_out", "fold": "HLA-B*57:02", "representation": "baseline_plus_conditional_logp_per_position", "loss": "mse", "seconds": 0.07755366689525545, "last_batch_loss": 3.2795939445495605, "optimizer_steps": 20, "n_parameters": 57793}
{"fold_index": 74, "n_folds": 77, "split": "leave_one_allele_out", "fold": "HLA-B*57:02", "representation": "baseline_plus_conditional_anchor_softmax", "loss": "mse", "seconds": 0.07882054219953716, "last_batch_loss": 3.1187286376953125, "optimizer_steps": 20, "n_parameters": 59777}
{"fold_index": 74, "n_folds": 77, "split": "leave_one_allele_out", "fold": "HLA-B*57:02", "representation": "baseline_plus_conditional_all", "loss": "mse", "seconds": 0.0756542501039803, "last_batch_loss": 3.2012417316436768, "optimizer_steps": 20, "n_parameters": 60417}
{"fold_index": 75, "n_folds": 77, "split": "leave_one_allele_out", "fold": "HLA-B*57:03", "representation": "baseline_plus_conditional_mean_logp", "loss": "mse", "seconds": 0.07146949996240437, "last_batch_loss": 3.4082345962524414, "optimizer_steps": 20, "n_parameters": 57281}
{"fold_index": 75, "n_folds": 77, "split": "leave_one_allele_out", "fold": "HLA-B*57:03", "representation": "baseline_plus_conditional_logp_per_position", "loss": "mse", "seconds": 0.07682141591794789, "last_batch_loss": 3.267946720123291, "optimizer_steps": 20, "n_parameters": 57793}
{"fold_index": 75, "n_folds": 77, "split": "leave_one_allele_out", "fold": "HLA-B*57:03", "representation": "baseline_plus_conditional_anchor_softmax", "loss": "mse", "seconds": 0.08166233310475945, "last_batch_loss": 3.027211904525757, "optimizer_steps": 20, "n_parameters": 59777}
{"fold_index": 75, "n_folds": 77, "split": "leave_one_allele_out", "fold": "HLA-B*57:03", "representation": "baseline_plus_conditional_all", "loss": "mse", "seconds": 0.08851408306509256, "last_batch_loss": 3.188781261444092, "optimizer_steps": 20, "n_parameters": 60417}
{"fold_index": 76, "n_folds": 77, "split": "leave_one_allele_out", "fold": "HLA-B*58:01", "representation": "baseline_plus_conditional_mean_logp", "loss": "mse", "seconds": 0.08143420796841383, "last_batch_loss": 3.394505739212036, "optimizer_steps": 20, "n_parameters": 57281}
{"fold_index": 76, "n_folds": 77, "split": "leave_one_allele_out", "fold": "HLA-B*58:01", "representation": "baseline_plus_conditional_logp_per_position", "loss": "mse", "seconds": 0.07609720807522535, "last_batch_loss": 3.3541078567504883, "optimizer_steps": 20, "n_parameters": 57793}
{"fold_index": 76, "n_folds": 77, "split": "leave_one_allele_out", "fold": "HLA-B*58:01", "representation": "baseline_plus_conditional_anchor_softmax", "loss": "mse", "seconds": 0.07899616681970656, "last_batch_loss": 3.1773855686187744, "optimizer_steps": 20, "n_parameters": 59777}
{"fold_index": 76, "n_folds": 77, "split": "leave_one_allele_out", "fold": "HLA-B*58:01", "representation": "baseline_plus_conditional_all", "loss": "mse", "seconds": 0.07332720910198987, "last_batch_loss": 3.0385189056396484, "optimizer_steps": 20, "n_parameters": 60417}
{"fold_index": 77, "n_folds": 77, "split": "leave_one_allele_out", "fold": "HLA-B*81:01", "representation": "baseline_plus_conditional_mean_logp", "loss": "mse", "seconds": 0.07938662497326732, "last_batch_loss": 3.3436660766601562, "optimizer_steps": 20, "n_parameters": 57281}
{"fold_index": 77, "n_folds": 77, "split": "leave_one_allele_out", "fold": "HLA-B*81:01", "representation": "baseline_plus_conditional_logp_per_position", "loss": "mse", "seconds": 0.07932470901869237, "last_batch_loss": 3.2712395191192627, "optimizer_steps": 20, "n_parameters": 57793}
{"fold_index": 77, "n_folds": 77, "split": "leave_one_allele_out", "fold": "HLA-B*81:01", "representation": "baseline_plus_conditional_anchor_softmax", "loss": "mse", "seconds": 0.07226020796224475, "last_batch_loss": 3.111921787261963, "optimizer_steps": 20, "n_parameters": 59777}
{"fold_index": 77, "n_folds": 77, "split": "leave_one_allele_out", "fold": "HLA-B*81:01", "representation": "baseline_plus_conditional_all", "loss": "mse", "seconds": 0.07845837506465614, "last_batch_loss": 3.0558009147644043, "optimizer_steps": 20, "n_parameters": 60417}
Completed pilot: 5580 prediction rows saved to outputs/baselines/pilot_conditional/predictions.csv.gz
