{"fold_index": 1, "n_folds": 77, "split": "random", "fold": "holdout", "representation": "baseline_plus_conditional_mean_logp", "loss": "mse", "seconds": 1.4229423748329282, "last_batch_loss": 1.0745940208435059, "optimizer_steps": 460, "n_parameters": 57281}
{"fold_index": 1, "n_folds": 77, "split": "random", "fold": "holdout", "representation": "baseline_plus_conditional_logp_per_position", "loss": "mse", "seconds": 1.523204250028357, "last_batch_loss": 1.3520398139953613, "optimizer_steps": 460, "n_parameters": 57793}
{"fold_index": 1, "n_folds": 77, "split": "random", "fold": "holdout", "representation": "baseline_plus_conditional_anchor_softmax", "loss": "mse", "seconds": 1.475634166970849, "last_batch_loss": 2.9510529041290283, "optimizer_steps": 460, "n_parameters": 59777}
{"fold_index": 1, "n_folds": 77, "split": "random", "fold": "holdout", "representation": "baseline_plus_conditional_all", "loss": "mse", "seconds": 1.5426606249529868, "last_batch_loss": 4.573459625244141, "optimizer_steps": 460, "n_parameters": 60417}
{"fold_index": 2, "n_folds": 77, "split": "peptide_disjoint", "fold": "holdout", "representation": "baseline_plus_conditional_mean_logp", "loss": "mse", "seconds": 1.4224063749425113, "last_batch_loss": 1.5226352214813232, "optimizer_steps": 440, "n_parameters": 57281}
{"fold_index": 2, "n_folds": 77, "split": "peptide_disjoint", "fold": "holdout", "representation": "baseline_plus_conditional_logp_per_position", "loss": "mse", "seconds": 1.5240360829047859, "last_batch_loss": 1.4610873460769653, "optimizer_steps": 440, "n_parameters": 57793}
{"fold_index": 2, "n_folds": 77, "split": "peptide_disjoint", "fold": "holdout", "representation": "baseline_plus_conditional_anchor_softmax", "loss": "mse", "seconds": 1.2284827090334147, "last_batch_loss": 1.5756014585494995, "optimizer_steps": 440, "n_parameters": 59777}
{"fold_index": 2, "n_folds": 77, "split": "peptide_disjoint", "fold": "holdout", "representation": "baseline_plus_conditional_all", "loss": "mse", "seconds": 1.234035624889657, "last_batch_loss": 1.3799179792404175, "optimizer_steps": 440, "n_parameters": 60417}
{"fold_index": 3, "n_folds": 77, "split": "leave_one_allele_out", "fold": "HLA-A*01:01", "representation": "baseline_plus_conditional_mean_logp", "loss": "mse", "seconds": 1.3905302500352263, "last_batch_loss": 1.3334382772445679, "optimizer_steps": 560, "n_parameters": 57281}
{"fold_index": 3, "n_folds": 77, "split": "leave_one_allele_out", "fold": "HLA-A*01:01", "representation": "baseline_plus_conditional_logp_per_position", "loss": "mse", "seconds": 1.418217666912824, "last_batch_loss": 1.3398027420043945, "optimizer_steps": 560, "n_parameters": 57793}
{"fold_index": 3, "n_folds": 77, "split": "leave_one_allele_out", "fold": "HLA-A*01:01", "representation": "baseline_plus_conditional_anchor_softmax", "loss": "mse", "seconds": 1.5379031249321997, "last_batch_loss": 1.3673386573791504, "optimizer_steps": 560, "n_parameters": 59777}
{"fold_index": 3, "n_folds": 77, "split": "leave_one_allele_out", "fold": "HLA-A*01:01", "representation": "baseline_plus_conditional_all", "loss": "mse", "seconds": 1.4012698750011623, "last_batch_loss": 1.5957609415054321, "optimizer_steps": 560, "n_parameters": 60417}
{"fold_index": 4, "n_folds": 77, "split": "leave_one_allele_out", "fold": "HLA-A*02:01", "representation": "baseline_plus_conditional_mean_logp", "loss": "mse", "seconds": 1.3609865419566631, "last_batch_loss": 1.3679555654525757, "optimizer_steps": 540, "n_parameters": 57281}
{"fold_index": 4, "n_folds": 77, "split": "leave_one_allele_out", "fold": "HLA-A*02:01", "representation": "baseline_plus_conditional_logp_per_position", "loss": "mse", "seconds": 1.4201032500714064, "last_batch_loss": 1.4076708555221558, "optimizer_steps": 540, "n_parameters": 57793}
{"fold_index": 4, "n_folds": 77, "split": "leave_one_allele_out", "fold": "HLA-A*02:01", "representation": "baseline_plus_conditional_anchor_softmax", "loss": "mse", "seconds": 1.390654708025977, "last_batch_loss": 1.3786771297454834, "optimizer_steps": 540, "n_parameters": 59777}
{"fold_index": 4, "n_folds": 77, "split": "leave_one_allele_out", "fold": "HLA-A*02:01", "representation": "baseline_plus_conditional_all", "loss": "mse", "seconds": 1.3860784159041941, "last_batch_loss": 1.219130277633667, "optimizer_steps": 540, "n_parameters": 60417}
{"fold_index": 5, "n_folds": 77, "split": "leave_one_allele_out", "fold": "HLA-A*02:03", "representation": "baseline_plus_conditional_mean_logp", "loss": "mse", "seconds": 1.4675203748047352, "last_batch_loss": 1.2356736660003662, "optimizer_steps": 560, "n_parameters": 57281}
{"fold_index": 5, "n_folds": 77, "split": "leave_one_allele_out", "fold": "HLA-A*02:03", "representation": "baseline_plus_conditional_logp_per_position", "loss": "mse", "seconds": 1.4280051670502871, "last_batch_loss": 1.5032703876495361, "optimizer_steps": 560, "n_parameters": 57793}
{"fold_index": 5, "n_folds": 77, "split": "leave_one_allele_out", "fold": "HLA-A*02:03", "representation": "baseline_plus_conditional_anchor_softmax", "loss": "mse", "seconds": 1.4970555419567972, "last_batch_loss": 1.2904683351516724, "optimizer_steps": 560, "n_parameters": 59777}
{"fold_index": 5, "n_folds": 77, "split": "leave_one_allele_out", "fold": "HLA-A*02:03", "representation": "baseline_plus_conditional_all", "loss": "mse", "seconds": 1.4346399998757988, "last_batch_loss": 1.6344705820083618, "optimizer_steps": 560, "n_parameters": 60417}
{"fold_index": 6, "n_folds": 77, "split": "leave_one_allele_out", "fold": "HLA-A*02:05", "representation": "baseline_plus_conditional_mean_logp", "loss": "mse", "seconds": 1.3690520839300007, "last_batch_loss": 1.4930498600006104, "optimizer_steps": 560, "n_parameters": 57281}
{"fold_index": 6, "n_folds": 77, "split": "leave_one_allele_out", "fold": "HLA-A*02:05", "representation": "baseline_plus_conditional_logp_per_position", "loss": "mse", "seconds": 1.5349853748921305, "last_batch_loss": 1.2778873443603516, "optimizer_steps": 560, "n_parameters": 57793}
{"fold_index": 6, "n_folds": 77, "split": "leave_one_allele_out", "fold": "HLA-A*02:05", "representation": "baseline_plus_conditional_anchor_softmax", "loss": "mse", "seconds": 1.600662749959156, "last_batch_loss": 1.499032974243164, "optimizer_steps": 560, "n_parameters": 59777}
{"fold_index": 6, "n_folds": 77, "split": "leave_one_allele_out", "fold": "HLA-A*02:05", "representation": "baseline_plus_conditional_all", "loss": "mse", "seconds": 1.4695495839696378, "last_batch_loss": 1.2981514930725098, "optimizer_steps": 560, "n_parameters": 60417}
{"fold_index": 7, "n_folds": 77, "split": "leave_one_allele_out", "fold": "HLA-A*02:10", "representation": "baseline_plus_conditional_mean_logp", "loss": "mse", "seconds": 1.6299169999547303, "last_batch_loss": 1.2852483987808228, "optimizer_steps": 560, "n_parameters": 57281}
{"fold_index": 7, "n_folds": 77, "split": "leave_one_allele_out", "fold": "HLA-A*02:10", "representation": "baseline_plus_conditional_logp_per_position", "loss": "mse", "seconds": 1.4819643329828978, "last_batch_loss": 1.351768136024475, "optimizer_steps": 560, "n_parameters": 57793}
{"fold_index": 7, "n_folds": 77, "split": "leave_one_allele_out", "fold": "HLA-A*02:10", "representation": "baseline_plus_conditional_anchor_softmax", "loss": "mse", "seconds": 1.5745104160159826, "last_batch_loss": 1.6438895463943481, "optimizer_steps": 560, "n_parameters": 59777}
{"fold_index": 7, "n_folds": 77, "split": "leave_one_allele_out", "fold": "HLA-A*02:10", "representation": "baseline_plus_conditional_all", "loss": "mse", "seconds": 1.518633957952261, "last_batch_loss": 1.5326189994812012, "optimizer_steps": 560, "n_parameters": 60417}
{"fold_index": 8, "n_folds": 77, "split": "leave_one_allele_out", "fold": "HLA-A*02:11", "representation": "baseline_plus_conditional_mean_logp", "loss": "mse", "seconds": 1.405407999875024, "last_batch_loss": 1.2399604320526123, "optimizer_steps": 560, "n_parameters": 57281}
{"fold_index": 8, "n_folds": 77, "split": "leave_one_allele_out", "fold": "HLA-A*02:11", "representation": "baseline_plus_conditional_logp_per_position", "loss": "mse", "seconds": 1.453266624826938, "last_batch_loss": 1.5571528673171997, "optimizer_steps": 560, "n_parameters": 57793}
{"fold_index": 8, "n_folds": 77, "split": "leave_one_allele_out", "fold": "HLA-A*02:11", "representation": "baseline_plus_conditional_anchor_softmax", "loss": "mse", "seconds": 1.679049083031714, "last_batch_loss": 1.6163444519042969, "optimizer_steps": 560, "n_parameters": 59777}
{"fold_index": 8, "n_folds": 77, "split": "leave_one_allele_out", "fold": "HLA-A*02:11", "representation": "baseline_plus_conditional_all", "loss": "mse", "seconds": 1.4943590830080211, "last_batch_loss": 1.3968067169189453, "optimizer_steps": 560, "n_parameters": 60417}
{"fold_index": 9, "n_folds": 77, "split": "leave_one_allele_out", "fold": "HLA-A*02:12", "representation": "baseline_plus_conditional_mean_logp", "loss": "mse", "seconds": 1.5722963328007609, "last_batch_loss": 1.291154146194458, "optimizer_steps": 560, "n_parameters": 57281}
{"fold_index": 9, "n_folds": 77, "split": "leave_one_allele_out", "fold": "HLA-A*02:12", "representation": "baseline_plus_conditional_logp_per_position", "loss": "mse", "seconds": 1.7635847909841686, "last_batch_loss": 1.6535816192626953, "optimizer_steps": 560, "n_parameters": 57793}
{"fold_index": 9, "n_folds": 77, "split": "leave_one_allele_out", "fold": "HLA-A*02:12", "representation": "baseline_plus_conditional_anchor_softmax", "loss": "mse", "seconds": 1.616977458121255, "last_batch_loss": 1.3984293937683105, "optimizer_steps": 560, "n_parameters": 59777}
{"fold_index": 9, "n_folds": 77, "split": "leave_one_allele_out", "fold": "HLA-A*02:12", "representation": "baseline_plus_conditional_all", "loss": "mse", "seconds": 1.4846745000686496, "last_batch_loss": 1.54361093044281, "optimizer_steps": 560, "n_parameters": 60417}
{"fold_index": 10, "n_folds": 77, "split": "leave_one_allele_out", "fold": "HLA-A*02:16", "representation": "baseline_plus_conditional_mean_logp", "loss": "mse", "seconds": 1.5311117910314351, "last_batch_loss": 1.4813039302825928, "optimizer_steps": 560, "n_parameters": 57281}
{"fold_index": 10, "n_folds": 77, "split": "leave_one_allele_out", "fold": "HLA-A*02:16", "representation": "baseline_plus_conditional_logp_per_position", "loss": "mse", "seconds": 1.486199958017096, "last_batch_loss": 1.2994763851165771, "optimizer_steps": 560, "n_parameters": 57793}
{"fold_index": 10, "n_folds": 77, "split": "leave_one_allele_out", "fold": "HLA-A*02:16", "representation": "baseline_plus_conditional_anchor_softmax", "loss": "mse", "seconds": 1.7928792091552168, "last_batch_loss": 1.63351309299469, "optimizer_steps": 560, "n_parameters": 59777}
{"fold_index": 10, "n_folds": 77, "split": "leave_one_allele_out", "fold": "HLA-A*02:16", "representation": "baseline_plus_conditional_all", "loss": "mse", "seconds": 1.545517500024289, "last_batch_loss": 1.323800802230835, "optimizer_steps": 560, "n_parameters": 60417}
{"fold_index": 11, "n_folds": 77, "split": "leave_one_allele_out", "fold": "HLA-A*02:19", "representation": "baseline_plus_conditional_mean_logp", "loss": "mse", "seconds": 1.4606775830034167, "last_batch_loss": 1.8319674730300903, "optimizer_steps": 560, "n_parameters": 57281}
{"fold_index": 11, "n_folds": 77, "split": "leave_one_allele_out", "fold": "HLA-A*02:19", "representation": "baseline_plus_conditional_logp_per_position", "loss": "mse", "seconds": 1.522564334096387, "last_batch_loss": 1.7411521673202515, "optimizer_steps": 560, "n_parameters": 57793}
{"fold_index": 11, "n_folds": 77, "split": "leave_one_allele_out", "fold": "HLA-A*02:19", "representation": "baseline_plus_conditional_anchor_softmax", "loss": "mse", "seconds": 1.5071240831166506, "last_batch_loss": 1.3971201181411743, "optimizer_steps": 560, "n_parameters": 59777}
{"fold_index": 11, "n_folds": 77, "split": "leave_one_allele_out", "fold": "HLA-A*02:19", "representation": "baseline_plus_conditional_all", "loss": "mse", "seconds": 1.4627934170421213, "last_batch_loss": 1.2802629470825195, "optimizer_steps": 560, "n_parameters": 60417}
{"fold_index": 12, "n_folds": 77, "split": "leave_one_allele_out", "fold": "HLA-A*02:50", "representation": "baseline_plus_conditional_mean_logp", "loss": "mse", "seconds": 1.4496088339947164, "last_batch_loss": 1.4141098260879517, "optimizer_steps": 560, "n_parameters": 57281}
{"fold_index": 12, "n_folds": 77, "split": "leave_one_allele_out", "fold": "HLA-A*02:50", "representation": "baseline_plus_conditional_logp_per_position", "loss": "mse", "seconds": 1.55017895787023, "last_batch_loss": 1.4270676374435425, "optimizer_steps": 560, "n_parameters": 57793}
{"fold_index": 12, "n_folds": 77, "split": "leave_one_allele_out", "fold": "HLA-A*02:50", "representation": "baseline_plus_conditional_anchor_softmax", "loss": "mse", "seconds": 1.5062617079820484, "last_batch_loss": 1.3609180450439453, "optimizer_steps": 560, "n_parameters": 59777}
{"fold_index": 12, "n_folds": 77, "split": "leave_one_allele_out", "fold": "HLA-A*02:50", "representation": "baseline_plus_conditional_all", "loss": "mse", "seconds": 1.4746640410739928, "last_batch_loss": 1.2202811241149902, "optimizer_steps": 560, "n_parameters": 60417}
{"fold_index": 13, "n_folds": 77, "split": "leave_one_allele_out", "fold": "HLA-A*03:01", "representation": "baseline_plus_conditional_mean_logp", "loss": "mse", "seconds": 1.4162645421456546, "last_batch_loss": 1.4675347805023193, "optimizer_steps": 540, "n_parameters": 57281}
{"fold_index": 13, "n_folds": 77, "split": "leave_one_allele_out", "fold": "HLA-A*03:01", "representation": "baseline_plus_conditional_logp_per_position", "loss": "mse", "seconds": 1.377066500019282, "last_batch_loss": 1.521241545677185, "optimizer_steps": 540, "n_parameters": 57793}
{"fold_index": 13, "n_folds": 77, "split": "leave_one_allele_out", "fold": "HLA-A*03:01", "representation": "baseline_plus_conditional_anchor_softmax", "loss": "mse", "seconds": 1.4877254159655422, "last_batch_loss": 1.46865713596344, "optimizer_steps": 540, "n_parameters": 59777}
{"fold_index": 13, "n_folds": 77, "split": "leave_one_allele_out", "fold": "HLA-A*03:01", "representation": "baseline_plus_conditional_all", "loss": "mse", "seconds": 1.4376681670546532, "last_batch_loss": 1.2026273012161255, "optimizer_steps": 540, "n_parameters": 60417}
{"fold_index": 14, "n_folds": 77, "split": "leave_one_allele_out", "fold": "HLA-A*11:01", "representation": "baseline_plus_conditional_mean_logp", "loss": "mse", "seconds": 1.539654124993831, "last_batch_loss": 1.4657018184661865, "optimizer_steps": 540, "n_parameters": 57281}
{"fold_index": 14, "n_folds": 77, "split": "leave_one_allele_out", "fold": "HLA-A*11:01", "representation": "baseline_plus_conditional_logp_per_position", "loss": "mse", "seconds": 1.414270999841392, "last_batch_loss": 1.3340973854064941, "optimizer_steps": 540, "n_parameters": 57793}
{"fold_index": 14, "n_folds": 77, "split": "leave_one_allele_out", "fold": "HLA-A*11:01", "representation": "baseline_plus_conditional_anchor_softmax", "loss": "mse", "seconds": 1.6388936669100076, "last_batch_loss": 1.4784382581710815, "optimizer_steps": 540, "n_parameters": 59777}
{"fold_index": 14, "n_folds": 77, "split": "leave_one_allele_out", "fold": "HLA-A*11:01", "representation": "baseline_plus_conditional_all", "loss": "mse", "seconds": 1.597273166058585, "last_batch_loss": 1.3701705932617188, "optimizer_steps": 540, "n_parameters": 60417}
{"fold_index": 15, "n_folds": 77, "split": "leave_one_allele_out", "fold": "HLA-A*23:01", "representation": "baseline_plus_conditional_mean_logp", "loss": "mse", "seconds": 1.4198692908976227, "last_batch_loss": 1.6903512477874756, "optimizer_steps": 560, "n_parameters": 57281}
{"fold_index": 15, "n_folds": 77, "split": "leave_one_allele_out", "fold": "HLA-A*23:01", "representation": "baseline_plus_conditional_logp_per_position", "loss": "mse", "seconds": 1.4590048750396818, "last_batch_loss": 1.4946244955062866, "optimizer_steps": 560, "n_parameters": 57793}
{"fold_index": 15, "n_folds": 77, "split": "leave_one_allele_out", "fold": "HLA-A*23:01", "representation": "baseline_plus_conditional_anchor_softmax", "loss": "mse", "seconds": 1.6028825829271227, "last_batch_loss": 1.2457518577575684, "optimizer_steps": 560, "n_parameters": 59777}
{"fold_index": 15, "n_folds": 77, "split": "leave_one_allele_out", "fold": "HLA-A*23:01", "representation": "baseline_plus_conditional_all", "loss": "mse", "seconds": 1.7141047921031713, "last_batch_loss": 1.1726113557815552, "optimizer_steps": 560, "n_parameters": 60417}
{"fold_index": 16, "n_folds": 77, "split": "leave_one_allele_out", "fold": "HLA-A*24:02", "representation": "baseline_plus_conditional_mean_logp", "loss": "mse", "seconds": 1.4031094589736313, "last_batch_loss": 1.507125735282898, "optimizer_steps": 540, "n_parameters": 57281}
{"fold_index": 16, "n_folds": 77, "split": "leave_one_allele_out", "fold": "HLA-A*24:02", "representation": "baseline_plus_conditional_logp_per_position", "loss": "mse", "seconds": 1.5012103749904782, "last_batch_loss": 1.5145723819732666, "optimizer_steps": 540, "n_parameters": 57793}
{"fold_index": 16, "n_folds": 77, "split": "leave_one_allele_out", "fold": "HLA-A*24:02", "representation": "baseline_plus_conditional_anchor_softmax", "loss": "mse", "seconds": 1.4124857080169022, "last_batch_loss": 1.2771071195602417, "optimizer_steps": 540, "n_parameters": 59777}
{"fold_index": 16, "n_folds": 77, "split": "leave_one_allele_out", "fold": "HLA-A*24:02", "representation": "baseline_plus_conditional_all", "loss": "mse", "seconds": 1.505446458933875, "last_batch_loss": 1.3952879905700684, "optimizer_steps": 540, "n_parameters": 60417}
{"fold_index": 17, "n_folds": 77, "split": "leave_one_allele_out", "fold": "HLA-A*24:03", "representation": "baseline_plus_conditional_mean_logp", "loss": "mse", "seconds": 1.5221652500331402, "last_batch_loss": 1.4492264986038208, "optimizer_steps": 560, "n_parameters": 57281}
{"fold_index": 17, "n_folds": 77, "split": "leave_one_allele_out", "fold": "HLA-A*24:03", "representation": "baseline_plus_conditional_logp_per_position", "loss": "mse", "seconds": 1.5607582500670105, "last_batch_loss": 2.6382791996002197, "optimizer_steps": 560, "n_parameters": 57793}
{"fold_index": 17, "n_folds": 77, "split": "leave_one_allele_out", "fold": "HLA-A*24:03", "representation": "baseline_plus_conditional_anchor_softmax", "loss": "mse", "seconds": 1.8928815829567611, "last_batch_loss": 3.911275863647461, "optimizer_steps": 560, "n_parameters": 59777}
{"fold_index": 17, "n_folds": 77, "split": "leave_one_allele_out", "fold": "HLA-A*24:03", "representation": "baseline_plus_conditional_all", "loss": "mse", "seconds": 1.9448419171385467, "last_batch_loss": 1.0070770978927612, "optimizer_steps": 560, "n_parameters": 60417}
{"fold_index": 18, "n_folds": 77, "split": "leave_one_allele_out", "fold": "HLA-A*24:07", "representation": "baseline_plus_conditional_mean_logp", "loss": "mse", "seconds": 1.9521321668289602, "last_batch_loss": 1.4387518167495728, "optimizer_steps": 560, "n_parameters": 57281}
{"fold_index": 18, "n_folds": 77, "split": "leave_one_allele_out", "fold": "HLA-A*24:07", "representation": "baseline_plus_conditional_logp_per_position", "loss": "mse", "seconds": 2.0835047499276698, "last_batch_loss": 1.561645746231079, "optimizer_steps": 560, "n_parameters": 57793}
{"fold_index": 18, "n_folds": 77, "split": "leave_one_allele_out", "fold": "HLA-A*24:07", "representation": "baseline_plus_conditional_anchor_softmax", "loss": "mse", "seconds": 1.8430348329711705, "last_batch_loss": 1.2843507528305054, "optimizer_steps": 560, "n_parameters": 59777}
{"fold_index": 18, "n_folds": 77, "split": "leave_one_allele_out", "fold": "HLA-A*24:07", "representation": "baseline_plus_conditional_all", "loss": "mse", "seconds": 1.8638513330370188, "last_batch_loss": 1.4829151630401611, "optimizer_steps": 560, "n_parameters": 60417}
{"fold_index": 19, "n_folds": 77, "split": "leave_one_allele_out", "fold": "HLA-A*24:19", "representation": "baseline_plus_conditional_mean_logp", "loss": "mse", "seconds": 1.936600707937032, "last_batch_loss": 1.4458953142166138, "optimizer_steps": 560, "n_parameters": 57281}
{"fold_index": 19, "n_folds": 77, "split": "leave_one_allele_out", "fold": "HLA-A*24:19", "representation": "baseline_plus_conditional_logp_per_position", "loss": "mse", "seconds": 1.859490083064884, "last_batch_loss": 1.281812310218811, "optimizer_steps": 560, "n_parameters": 57793}
{"fold_index": 19, "n_folds": 77, "split": "leave_one_allele_out", "fold": "HLA-A*24:19", "representation": "baseline_plus_conditional_anchor_softmax", "loss": "mse", "seconds": 1.8525784581433982, "last_batch_loss": 1.556298017501831, "optimizer_steps": 560, "n_parameters": 59777}
{"fold_index": 19, "n_folds": 77, "split": "leave_one_allele_out", "fold": "HLA-A*24:19", "representation": "baseline_plus_conditional_all", "loss": "mse", "seconds": 1.8292276659049094, "last_batch_loss": 1.3907320499420166, "optimizer_steps": 560, "n_parameters": 60417}
{"fold_index": 20, "n_folds": 77, "split": "leave_one_allele_out", "fold": "HLA-A*25:01", "representation": "baseline_plus_conditional_mean_logp", "loss": "mse", "seconds": 1.994800333166495, "last_batch_loss": 1.4759708642959595, "optimizer_steps": 560, "n_parameters": 57281}
{"fold_index": 20, "n_folds": 77, "split": "leave_one_allele_out", "fold": "HLA-A*25:01", "representation": "baseline_plus_conditional_logp_per_position", "loss": "mse", "seconds": 1.8092331250663847, "last_batch_loss": 1.8854870796203613, "optimizer_steps": 560, "n_parameters": 57793}
{"fold_index": 20, "n_folds": 77, "split": "leave_one_allele_out", "fold": "HLA-A*25:01", "representation": "baseline_plus_conditional_anchor_softmax", "loss": "mse", "seconds": 1.8583318749442697, "last_batch_loss": 1.4381693601608276, "optimizer_steps": 560, "n_parameters": 59777}
{"fold_index": 20, "n_folds": 77, "split": "leave_one_allele_out", "fold": "HLA-A*25:01", "representation": "baseline_plus_conditional_all", "loss": "mse", "seconds": 1.8035435420461, "last_batch_loss": 1.3613718748092651, "optimizer_steps": 560, "n_parameters": 60417}
{"fold_index": 21, "n_folds": 77, "split": "leave_one_allele_out", "fold": "HLA-A*26:01", "representation": "baseline_plus_conditional_mean_logp", "loss": "mse", "seconds": 1.6547557499725372, "last_batch_loss": 1.4688175916671753, "optimizer_steps": 560, "n_parameters": 57281}
{"fold_index": 21, "n_folds": 77, "split": "leave_one_allele_out", "fold": "HLA-A*26:01", "representation": "baseline_plus_conditional_logp_per_position", "loss": "mse", "seconds": 1.6873985000420362, "last_batch_loss": 1.4339147806167603, "optimizer_steps": 560, "n_parameters": 57793}
{"fold_index": 21, "n_folds": 77, "split": "leave_one_allele_out", "fold": "HLA-A*26:01", "representation": "baseline_plus_conditional_anchor_softmax", "loss": "mse", "seconds": 1.6474300830159336, "last_batch_loss": 1.3026741743087769, "optimizer_steps": 560, "n_parameters": 59777}
{"fold_index": 21, "n_folds": 77, "split": "leave_one_allele_out", "fold": "HLA-A*26:01", "representation": "baseline_plus_conditional_all", "loss": "mse", "seconds": 1.6372271250002086, "last_batch_loss": 1.3535698652267456, "optimizer_steps": 560, "n_parameters": 60417}
{"fold_index": 22, "n_folds": 77, "split": "leave_one_allele_out", "fold": "HLA-A*26:02", "representation": "baseline_plus_conditional_mean_logp", "loss": "mse", "seconds": 1.7137763751670718, "last_batch_loss": 1.5378658771514893, "optimizer_steps": 560, "n_parameters": 57281}
{"fold_index": 22, "n_folds": 77, "split": "leave_one_allele_out", "fold": "HLA-A*26:02", "representation": "baseline_plus_conditional_logp_per_position", "loss": "mse", "seconds": 1.6640650408808142, "last_batch_loss": 1.7330528497695923, "optimizer_steps": 560, "n_parameters": 57793}
{"fold_index": 22, "n_folds": 77, "split": "leave_one_allele_out", "fold": "HLA-A*26:02", "representation": "baseline_plus_conditional_anchor_softmax", "loss": "mse", "seconds": 1.729568500071764, "last_batch_loss": 1.4254177808761597, "optimizer_steps": 560, "n_parameters": 59777}
{"fold_index": 22, "n_folds": 77, "split": "leave_one_allele_out", "fold": "HLA-A*26:02", "representation": "baseline_plus_conditional_all", "loss": "mse", "seconds": 1.8529532919637859, "last_batch_loss": 1.4390370845794678, "optimizer_steps": 560, "n_parameters": 60417}
{"fold_index": 23, "n_folds": 77, "split": "leave_one_allele_out", "fold": "HLA-A*26:03", "representation": "baseline_plus_conditional_mean_logp", "loss": "mse", "seconds": 1.7699820830021054, "last_batch_loss": 1.7722160816192627, "optimizer_steps": 560, "n_parameters": 57281}
{"fold_index": 23, "n_folds": 77, "split": "leave_one_allele_out", "fold": "HLA-A*26:03", "representation": "baseline_plus_conditional_logp_per_position", "loss": "mse", "seconds": 1.7169860831927508, "last_batch_loss": 1.3831602334976196, "optimizer_steps": 560, "n_parameters": 57793}
{"fold_index": 23, "n_folds": 77, "split": "leave_one_allele_out", "fold": "HLA-A*26:03", "representation": "baseline_plus_conditional_anchor_softmax", "loss": "mse", "seconds": 1.5385442909318954, "last_batch_loss": 1.9578557014465332, "optimizer_steps": 560, "n_parameters": 59777}
{"fold_index": 23, "n_folds": 77, "split": "leave_one_allele_out", "fold": "HLA-A*26:03", "representation": "baseline_plus_conditional_all", "loss": "mse", "seconds": 1.0843905000947416, "last_batch_loss": 1.4025020599365234, "optimizer_steps": 560, "n_parameters": 60417}
{"fold_index": 24, "n_folds": 77, "split": "leave_one_allele_out", "fold": "HLA-A*29:02", "representation": "baseline_plus_conditional_mean_logp", "loss": "mse", "seconds": 1.1447098329663277, "last_batch_loss": 1.4601866006851196, "optimizer_steps": 560, "n_parameters": 57281}
{"fold_index": 24, "n_folds": 77, "split": "leave_one_allele_out", "fold": "HLA-A*29:02", "representation": "baseline_plus_conditional_logp_per_position", "loss": "mse", "seconds": 1.1536157501395792, "last_batch_loss": 2.1670026779174805, "optimizer_steps": 560, "n_parameters": 57793}
{"fold_index": 24, "n_folds": 77, "split": "leave_one_allele_out", "fold": "HLA-A*29:02", "representation": "baseline_plus_conditional_anchor_softmax", "loss": "mse", "seconds": 1.1798752502072603, "last_batch_loss": 1.4775410890579224, "optimizer_steps": 560, "n_parameters": 59777}
{"fold_index": 24, "n_folds": 77, "split": "leave_one_allele_out", "fold": "HLA-A*29:02", "representation": "baseline_plus_conditional_all", "loss": "mse", "seconds": 1.132877083029598, "last_batch_loss": 1.2154762744903564, "optimizer_steps": 560, "n_parameters": 60417}
{"fold_index": 25, "n_folds": 77, "split": "leave_one_allele_out", "fold": "HLA-A*30:01", "representation": "baseline_plus_conditional_mean_logp", "loss": "mse", "seconds": 1.3149699580390006, "last_batch_loss": 1.4395521879196167, "optimizer_steps": 560, "n_parameters": 57281}
{"fold_index": 25, "n_folds": 77, "split": "leave_one_allele_out", "fold": "HLA-A*30:01", "representation": "baseline_plus_conditional_logp_per_position", "loss": "mse", "seconds": 1.1303766248747706, "last_batch_loss": 1.5851798057556152, "optimizer_steps": 560, "n_parameters": 57793}
{"fold_index": 25, "n_folds": 77, "split": "leave_one_allele_out", "fold": "HLA-A*30:01", "representation": "baseline_plus_conditional_anchor_softmax", "loss": "mse", "seconds": 1.08206741604954, "last_batch_loss": 1.4686245918273926, "optimizer_steps": 560, "n_parameters": 59777}
{"fold_index": 25, "n_folds": 77, "split": "leave_one_allele_out", "fold": "HLA-A*30:01", "representation": "baseline_plus_conditional_all", "loss": "mse", "seconds": 1.087324374821037, "last_batch_loss": 1.321571946144104, "optimizer_steps": 560, "n_parameters": 60417}
{"fold_index": 26, "n_folds": 77, "split": "leave_one_allele_out", "fold": "HLA-A*30:02", "representation": "baseline_plus_conditional_mean_logp", "loss": "mse", "seconds": 1.1410672501660883, "last_batch_loss": 1.2087079286575317, "optimizer_steps": 560, "n_parameters": 57281}
{"fold_index": 26, "n_folds": 77, "split": "leave_one_allele_out", "fold": "HLA-A*30:02", "representation": "baseline_plus_conditional_logp_per_position", "loss": "mse", "seconds": 1.1721269160043448, "last_batch_loss": 1.2174971103668213, "optimizer_steps": 560, "n_parameters": 57793}
{"fold_index": 26, "n_folds": 77, "split": "leave_one_allele_out", "fold": "HLA-A*30:02", "representation": "baseline_plus_conditional_anchor_softmax", "loss": "mse", "seconds": 1.146195458015427, "last_batch_loss": 1.6667184829711914, "optimizer_steps": 560, "n_parameters": 59777}
{"fold_index": 26, "n_folds": 77, "split": "leave_one_allele_out", "fold": "HLA-A*30:02", "representation": "baseline_plus_conditional_all", "loss": "mse", "seconds": 1.1149560001213104, "last_batch_loss": 1.210156798362732, "optimizer_steps": 560, "n_parameters": 60417}
{"fold_index": 27, "n_folds": 77, "split": "leave_one_allele_out", "fold": "HLA-A*31:01", "representation": "baseline_plus_conditional_mean_logp", "loss": "mse", "seconds": 1.131263457937166, "last_batch_loss": 1.3759491443634033, "optimizer_steps": 560, "n_parameters": 57281}
{"fold_index": 27, "n_folds": 77, "split": "leave_one_allele_out", "fold": "HLA-A*31:01", "representation": "baseline_plus_conditional_logp_per_position", "loss": "mse", "seconds": 1.331346791004762, "last_batch_loss": 1.910614013671875, "optimizer_steps": 560, "n_parameters": 57793}
{"fold_index": 27, "n_folds": 77, "split": "leave_one_allele_out", "fold": "HLA-A*31:01", "representation": "baseline_plus_conditional_anchor_softmax", "loss": "mse", "seconds": 1.29494445794262, "last_batch_loss": 1.8403058052062988, "optimizer_steps": 560, "n_parameters": 59777}
{"fold_index": 27, "n_folds": 77, "split": "leave_one_allele_out", "fold": "HLA-A*31:01", "representation": "baseline_plus_conditional_all", "loss": "mse", "seconds": 1.257653292035684, "last_batch_loss": 1.2167184352874756, "optimizer_steps": 560, "n_parameters": 60417}
{"fold_index": 28, "n_folds": 77, "split": "leave_one_allele_out", "fold": "HLA-A*32:01", "representation": "baseline_plus_conditional_mean_logp", "loss": "mse", "seconds": 1.2699567079544067, "last_batch_loss": 1.5320382118225098, "optimizer_steps": 560, "n_parameters": 57281}
{"fold_index": 28, "n_folds": 77, "split": "leave_one_allele_out", "fold": "HLA-A*32:01", "representation": "baseline_plus_conditional_logp_per_position", "loss": "mse", "seconds": 1.2487617919687182, "last_batch_loss": 1.487830638885498, "optimizer_steps": 560, "n_parameters": 57793}
{"fold_index": 28, "n_folds": 77, "split": "leave_one_allele_out", "fold": "HLA-A*32:01", "representation": "baseline_plus_conditional_anchor_softmax", "loss": "mse", "seconds": 1.2916453750804067, "last_batch_loss": 1.31255304813385, "optimizer_steps": 560, "n_parameters": 59777}
{"fold_index": 28, "n_folds": 77, "split": "leave_one_allele_out", "fold": "HLA-A*32:01", "representation": "baseline_plus_conditional_all", "loss": "mse", "seconds": 1.2664922080002725, "last_batch_loss": 1.2754790782928467, "optimizer_steps": 560, "n_parameters": 60417}
{"fold_index": 29, "n_folds": 77, "split": "leave_one_allele_out", "fold": "HLA-A*32:07", "representation": "baseline_plus_conditional_mean_logp", "loss": "mse", "seconds": 1.1113919159397483, "last_batch_loss": 1.3724308013916016, "optimizer_steps": 560, "n_parameters": 57281}
{"fold_index": 29, "n_folds": 77, "split": "leave_one_allele_out", "fold": "HLA-A*32:07", "representation": "baseline_plus_conditional_logp_per_position", "loss": "mse", "seconds": 1.178116583963856, "last_batch_loss": 1.2209177017211914, "optimizer_steps": 560, "n_parameters": 57793}
{"fold_index": 29, "n_folds": 77, "split": "leave_one_allele_out", "fold": "HLA-A*32:07", "representation": "baseline_plus_conditional_anchor_softmax", "loss": "mse", "seconds": 1.1497087499592453, "last_batch_loss": 1.2700697183609009, "optimizer_steps": 560, "n_parameters": 59777}
{"fold_index": 29, "n_folds": 77, "split": "leave_one_allele_out", "fold": "HLA-A*32:07", "representation": "baseline_plus_conditional_all", "loss": "mse", "seconds": 1.1327507079113275, "last_batch_loss": 1.0929979085922241, "optimizer_steps": 560, "n_parameters": 60417}
{"fold_index": 30, "n_folds": 77, "split": "leave_one_allele_out", "fold": "HLA-A*33:03", "representation": "baseline_plus_conditional_mean_logp", "loss": "mse", "seconds": 1.225127083947882, "last_batch_loss": 1.4074822664260864, "optimizer_steps": 560, "n_parameters": 57281}
{"fold_index": 30, "n_folds": 77, "split": "leave_one_allele_out", "fold": "HLA-A*33:03", "representation": "baseline_plus_conditional_logp_per_position", "loss": "mse", "seconds": 1.1807814999483526, "last_batch_loss": 1.4364265203475952, "optimizer_steps": 560, "n_parameters": 57793}
{"fold_index": 30, "n_folds": 77, "split": "leave_one_allele_out", "fold": "HLA-A*33:03", "representation": "baseline_plus_conditional_anchor_softmax", "loss": "mse", "seconds": 1.2449650829657912, "last_batch_loss": 1.364500880241394, "optimizer_steps": 560, "n_parameters": 59777}
{"fold_index": 30, "n_folds": 77, "split": "leave_one_allele_out", "fold": "HLA-A*33:03", "representation": "baseline_plus_conditional_all", "loss": "mse", "seconds": 1.3427312499843538, "last_batch_loss": 1.6175811290740967, "optimizer_steps": 560, "n_parameters": 60417}
{"fold_index": 31, "n_folds": 77, "split": "leave_one_allele_out", "fold": "HLA-A*43:01", "representation": "baseline_plus_conditional_mean_logp", "loss": "mse", "seconds": 1.2031248749699444, "last_batch_loss": 1.4327822923660278, "optimizer_steps": 560, "n_parameters": 57281}
{"fold_index": 31, "n_folds": 77, "split": "leave_one_allele_out", "fold": "HLA-A*43:01", "representation": "baseline_plus_conditional_logp_per_position", "loss": "mse", "seconds": 1.2651898751500994, "last_batch_loss": 1.3524384498596191, "optimizer_steps": 560, "n_parameters": 57793}
{"fold_index": 31, "n_folds": 77, "split": "leave_one_allele_out", "fold": "HLA-A*43:01", "representation": "baseline_plus_conditional_anchor_softmax", "loss": "mse", "seconds": 1.1410194160416722, "last_batch_loss": 1.3542485237121582, "optimizer_steps": 560, "n_parameters": 59777}
{"fold_index": 31, "n_folds": 77, "split": "leave_one_allele_out", "fold": "HLA-A*43:01", "representation": "baseline_plus_conditional_all", "loss": "mse", "seconds": 1.1866282089613378, "last_batch_loss": 1.685696005821228, "optimizer_steps": 560, "n_parameters": 60417}
{"fold_index": 32, "n_folds": 77, "split": "leave_one_allele_out", "fold": "HLA-A*66:01", "representation": "baseline_plus_conditional_mean_logp", "loss": "mse", "seconds": 1.068185499869287, "last_batch_loss": 1.3890154361724854, "optimizer_steps": 560, "n_parameters": 57281}
{"fold_index": 32, "n_folds": 77, "split": "leave_one_allele_out", "fold": "HLA-A*66:01", "representation": "baseline_plus_conditional_logp_per_position", "loss": "mse", "seconds": 1.0309821250848472, "last_batch_loss": 1.427891731262207, "optimizer_steps": 560, "n_parameters": 57793}
{"fold_index": 32, "n_folds": 77, "split": "leave_one_allele_out", "fold": "HLA-A*66:01", "representation": "baseline_plus_conditional_anchor_softmax", "loss": "mse", "seconds": 1.0578906249720603, "last_batch_loss": 1.0537641048431396, "optimizer_steps": 560, "n_parameters": 59777}
{"fold_index": 32, "n_folds": 77, "split": "leave_one_allele_out", "fold": "HLA-A*66:01", "representation": "baseline_plus_conditional_all", "loss": "mse", "seconds": 1.0220611251424998, "last_batch_loss": 1.6018614768981934, "optimizer_steps": 560, "n_parameters": 60417}
{"fold_index": 33, "n_folds": 77, "split": "leave_one_allele_out", "fold": "HLA-A*68:01", "representation": "baseline_plus_conditional_mean_logp", "loss": "mse", "seconds": 1.0295448331162333, "last_batch_loss": 1.5301231145858765, "optimizer_steps": 560, "n_parameters": 57281}
{"fold_index": 33, "n_folds": 77, "split": "leave_one_allele_out", "fold": "HLA-A*68:01", "representation": "baseline_plus_conditional_logp_per_position", "loss": "mse", "seconds": 1.0026037499774247, "last_batch_loss": 1.2523516416549683, "optimizer_steps": 560, "n_parameters": 57793}
{"fold_index": 33, "n_folds": 77, "split": "leave_one_allele_out", "fold": "HLA-A*68:01", "representation": "baseline_plus_conditional_anchor_softmax", "loss": "mse", "seconds": 1.0363333751447499, "last_batch_loss": 1.3027418851852417, "optimizer_steps": 560, "n_parameters": 59777}
{"fold_index": 33, "n_folds": 77, "split": "leave_one_allele_out", "fold": "HLA-A*68:01", "representation": "baseline_plus_conditional_all", "loss": "mse", "seconds": 1.0474375421181321, "last_batch_loss": 1.17448091506958, "optimizer_steps": 560, "n_parameters": 60417}
{"fold_index": 34, "n_folds": 77, "split": "leave_one_allele_out", "fold": "HLA-A*68:02", "representation": "baseline_plus_conditional_mean_logp", "loss": "mse", "seconds": 0.9960298330988735, "last_batch_loss": 1.6104729175567627, "optimizer_steps": 560, "n_parameters": 57281}
{"fold_index": 34, "n_folds": 77, "split": "leave_one_allele_out", "fold": "HLA-A*68:02", "representation": "baseline_plus_conditional_logp_per_position", "loss": "mse", "seconds": 0.9880467078182846, "last_batch_loss": 1.5016614198684692, "optimizer_steps": 560, "n_parameters": 57793}
{"fold_index": 34, "n_folds": 77, "split": "leave_one_allele_out", "fold": "HLA-A*68:02", "representation": "baseline_plus_conditional_anchor_softmax", "loss": "mse", "seconds": 1.1475142498966306, "last_batch_loss": 1.404700517654419, "optimizer_steps": 560, "n_parameters": 59777}
{"fold_index": 34, "n_folds": 77, "split": "leave_one_allele_out", "fold": "HLA-A*68:02", "representation": "baseline_plus_conditional_all", "loss": "mse", "seconds": 1.0454222499392927, "last_batch_loss": 1.2735230922698975, "optimizer_steps": 560, "n_parameters": 60417}
{"fold_index": 35, "n_folds": 77, "split": "leave_one_allele_out", "fold": "HLA-A*68:23", "representation": "baseline_plus_conditional_mean_logp", "loss": "mse", "seconds": 1.0097778749186546, "last_batch_loss": 1.317543387413025, "optimizer_steps": 560, "n_parameters": 57281}
{"fold_index": 35, "n_folds": 77, "split": "leave_one_allele_out", "fold": "HLA-A*68:23", "representation": "baseline_plus_conditional_logp_per_position", "loss": "mse", "seconds": 0.9943418751936406, "last_batch_loss": 1.592288613319397, "optimizer_steps": 560, "n_parameters": 57793}
{"fold_index": 35, "n_folds": 77, "split": "leave_one_allele_out", "fold": "HLA-A*68:23", "representation": "baseline_plus_conditional_anchor_softmax", "loss": "mse", "seconds": 1.049419749993831, "last_batch_loss": 1.2758939266204834, "optimizer_steps": 560, "n_parameters": 59777}
{"fold_index": 35, "n_folds": 77, "split": "leave_one_allele_out", "fold": "HLA-A*68:23", "representation": "baseline_plus_conditional_all", "loss": "mse", "seconds": 1.02155058295466, "last_batch_loss": 1.3657469749450684, "optimizer_steps": 560, "n_parameters": 60417}
{"fold_index": 36, "n_folds": 77, "split": "leave_one_allele_out", "fold": "HLA-A*69:01", "representation": "baseline_plus_conditional_mean_logp", "loss": "mse", "seconds": 1.2321512920316309, "last_batch_loss": 1.3590718507766724, "optimizer_steps": 560, "n_parameters": 57281}
{"fold_index": 36, "n_folds": 77, "split": "leave_one_allele_out", "fold": "HLA-A*69:01", "representation": "baseline_plus_conditional_logp_per_position", "loss": "mse", "seconds": 1.2108287499286234, "last_batch_loss": 1.5838098526000977, "optimizer_steps": 560, "n_parameters": 57793}
{"fold_index": 36, "n_folds": 77, "split": "leave_one_allele_out", "fold": "HLA-A*69:01", "representation": "baseline_plus_conditional_anchor_softmax", "loss": "mse", "seconds": 1.0958812499884516, "last_batch_loss": 1.4461278915405273, "optimizer_steps": 560, "n_parameters": 59777}
{"fold_index": 36, "n_folds": 77, "split": "leave_one_allele_out", "fold": "HLA-A*69:01", "representation": "baseline_plus_conditional_all", "loss": "mse", "seconds": 1.1768475831486285, "last_batch_loss": 1.2758451700210571, "optimizer_steps": 560, "n_parameters": 60417}
{"fold_index": 37, "n_folds": 77, "split": "leave_one_allele_out", "fold": "HLA-A*74:01", "representation": "baseline_plus_conditional_mean_logp", "loss": "mse", "seconds": 1.3216095420066267, "last_batch_loss": 1.7373027801513672, "optimizer_steps": 560, "n_parameters": 57281}
{"fold_index": 37, "n_folds": 77, "split": "leave_one_allele_out", "fold": "HLA-A*74:01", "representation": "baseline_plus_conditional_logp_per_position", "loss": "mse", "seconds": 1.2941718748770654, "last_batch_loss": 1.5976895093917847, "optimizer_steps": 560, "n_parameters": 57793}
{"fold_index": 37, "n_folds": 77, "split": "leave_one_allele_out", "fold": "HLA-A*74:01", "representation": "baseline_plus_conditional_anchor_softmax", "loss": "mse", "seconds": 1.1935011248569936, "last_batch_loss": 1.540307879447937, "optimizer_steps": 560, "n_parameters": 59777}
{"fold_index": 37, "n_folds": 77, "split": "leave_one_allele_out", "fold": "HLA-A*74:01", "representation": "baseline_plus_conditional_all", "loss": "mse", "seconds": 1.1044330408331007, "last_batch_loss": 1.1910656690597534, "optimizer_steps": 560, "n_parameters": 60417}
{"fold_index": 38, "n_folds": 77, "split": "leave_one_allele_out", "fold": "HLA-A*80:01", "representation": "baseline_plus_conditional_mean_logp", "loss": "mse", "seconds": 1.0785604170523584, "last_batch_loss": 1.4381425380706787, "optimizer_steps": 560, "n_parameters": 57281}
{"fold_index": 38, "n_folds": 77, "split": "leave_one_allele_out", "fold": "HLA-A*80:01", "representation": "baseline_plus_conditional_logp_per_position", "loss": "mse", "seconds": 1.0738787080626935, "last_batch_loss": 1.385598063468933, "optimizer_steps": 560, "n_parameters": 57793}
{"fold_index": 38, "n_folds": 77, "split": "leave_one_allele_out", "fold": "HLA-A*80:01", "representation": "baseline_plus_conditional_anchor_softmax", "loss": "mse", "seconds": 1.094047708902508, "last_batch_loss": 1.6544430255889893, "optimizer_steps": 560, "n_parameters": 59777}
{"fold_index": 38, "n_folds": 77, "split": "leave_one_allele_out", "fold": "HLA-A*80:01", "representation": "baseline_plus_conditional_all", "loss": "mse", "seconds": 1.0709226671606302, "last_batch_loss": 1.6516544818878174, "optimizer_steps": 560, "n_parameters": 60417}
{"fold_index": 39, "n_folds": 77, "split": "leave_one_allele_out", "fold": "HLA-B*07:02", "representation": "baseline_plus_conditional_mean_logp", "loss": "mse", "seconds": 1.0849552499130368, "last_batch_loss": 1.400928258895874, "optimizer_steps": 540, "n_parameters": 57281}
{"fold_index": 39, "n_folds": 77, "split": "leave_one_allele_out", "fold": "HLA-B*07:02", "representation": "baseline_plus_conditional_logp_per_position", "loss": "mse", "seconds": 1.219988833880052, "last_batch_loss": 1.395775556564331, "optimizer_steps": 540, "n_parameters": 57793}
{"fold_index": 39, "n_folds": 77, "split": "leave_one_allele_out", "fold": "HLA-B*07:02", "representation": "baseline_plus_conditional_anchor_softmax", "loss": "mse", "seconds": 1.1449588341638446, "last_batch_loss": 1.412291407585144, "optimizer_steps": 540, "n_parameters": 59777}
{"fold_index": 39, "n_folds": 77, "split": "leave_one_allele_out", "fold": "HLA-B*07:02", "representation": "baseline_plus_conditional_all", "loss": "mse", "seconds": 1.0700013749301434, "last_batch_loss": 1.4060832262039185, "optimizer_steps": 540, "n_parameters": 60417}
{"fold_index": 40, "n_folds": 77, "split": "leave_one_allele_out", "fold": "HLA-B*08:01", "representation": "baseline_plus_conditional_mean_logp", "loss": "mse", "seconds": 1.083367208018899, "last_batch_loss": 1.3904308080673218, "optimizer_steps": 560, "n_parameters": 57281}
{"fold_index": 40, "n_folds": 77, "split": "leave_one_allele_out", "fold": "HLA-B*08:01", "representation": "baseline_plus_conditional_logp_per_position", "loss": "mse", "seconds": 1.0869336251635104, "last_batch_loss": 1.3355894088745117, "optimizer_steps": 560, "n_parameters": 57793}
{"fold_index": 40, "n_folds": 77, "split": "leave_one_allele_out", "fold": "HLA-B*08:01", "representation": "baseline_plus_conditional_anchor_softmax", "loss": "mse", "seconds": 1.0372207500040531, "last_batch_loss": 1.0987927913665771, "optimizer_steps": 560, "n_parameters": 59777}
{"fold_index": 40, "n_folds": 77, "split": "leave_one_allele_out", "fold": "HLA-B*08:01", "representation": "baseline_plus_conditional_all", "loss": "mse", "seconds": 1.175131999887526, "last_batch_loss": 0.9216019511222839, "optimizer_steps": 560, "n_parameters": 60417}
{"fold_index": 41, "n_folds": 77, "split": "leave_one_allele_out", "fold": "HLA-B*08:03", "representation": "baseline_plus_conditional_mean_logp", "loss": "mse", "seconds": 1.2487252501305193, "last_batch_loss": 1.5207172632217407, "optimizer_steps": 560, "n_parameters": 57281}
{"fold_index": 41, "n_folds": 77, "split": "leave_one_allele_out", "fold": "HLA-B*08:03", "representation": "baseline_plus_conditional_logp_per_position", "loss": "mse", "seconds": 1.1471295000519603, "last_batch_loss": 1.5084853172302246, "optimizer_steps": 560, "n_parameters": 57793}
{"fold_index": 41, "n_folds": 77, "split": "leave_one_allele_out", "fold": "HLA-B*08:03", "representation": "baseline_plus_conditional_anchor_softmax", "loss": "mse", "seconds": 1.1445992500521243, "last_batch_loss": 1.4178823232650757, "optimizer_steps": 560, "n_parameters": 59777}
{"fold_index": 41, "n_folds": 77, "split": "leave_one_allele_out", "fold": "HLA-B*08:03", "representation": "baseline_plus_conditional_all", "loss": "mse", "seconds": 1.105860667070374, "last_batch_loss": 1.2750954627990723, "optimizer_steps": 560, "n_parameters": 60417}
{"fold_index": 42, "n_folds": 77, "split": "leave_one_allele_out", "fold": "HLA-B*13:02", "representation": "baseline_plus_conditional_mean_logp", "loss": "mse", "seconds": 1.0001263751182705, "last_batch_loss": 1.33761465549469, "optimizer_steps": 560, "n_parameters": 57281}
{"fold_index": 42, "n_folds": 77, "split": "leave_one_allele_out", "fold": "HLA-B*13:02", "representation": "baseline_plus_conditional_logp_per_position", "loss": "mse", "seconds": 1.0096712079830468, "last_batch_loss": 1.507961630821228, "optimizer_steps": 560, "n_parameters": 57793}
{"fold_index": 42, "n_folds": 77, "split": "leave_one_allele_out", "fold": "HLA-B*13:02", "representation": "baseline_plus_conditional_anchor_softmax", "loss": "mse", "seconds": 1.0619984159711748, "last_batch_loss": 1.4605481624603271, "optimizer_steps": 560, "n_parameters": 59777}
{"fold_index": 42, "n_folds": 77, "split": "leave_one_allele_out", "fold": "HLA-B*13:02", "representation": "baseline_plus_conditional_all", "loss": "mse", "seconds": 1.0523400828242302, "last_batch_loss": 1.3223743438720703, "optimizer_steps": 560, "n_parameters": 60417}
{"fold_index": 43, "n_folds": 77, "split": "leave_one_allele_out", "fold": "HLA-B*14:01(C67S)", "representation": "baseline_plus_conditional_mean_logp", "loss": "mse", "seconds": 1.15677854209207, "last_batch_loss": 1.480589509010315, "optimizer_steps": 560, "n_parameters": 57281}
{"fold_index": 43, "n_folds": 77, "split": "leave_one_allele_out", "fold": "HLA-B*14:01(C67S)", "representation": "baseline_plus_conditional_logp_per_position", "loss": "mse", "seconds": 1.1582003328949213, "last_batch_loss": 1.528640627861023, "optimizer_steps": 560, "n_parameters": 57793}
{"fold_index": 43, "n_folds": 77, "split": "leave_one_allele_out", "fold": "HLA-B*14:01(C67S)", "representation": "baseline_plus_conditional_anchor_softmax", "loss": "mse", "seconds": 1.8291874590795487, "last_batch_loss": 1.4410228729248047, "optimizer_steps": 560, "n_parameters": 59777}
{"fold_index": 43, "n_folds": 77, "split": "leave_one_allele_out", "fold": "HLA-B*14:01(C67S)", "representation": "baseline_plus_conditional_all", "loss": "mse", "seconds": 1.1639295420609415, "last_batch_loss": 1.7860872745513916, "optimizer_steps": 560, "n_parameters": 60417}
{"fold_index": 44, "n_folds": 77, "split": "leave_one_allele_out", "fold": "HLA-B*14:02(C67S)", "representation": "baseline_plus_conditional_mean_logp", "loss": "mse", "seconds": 1.1190211668144912, "last_batch_loss": 1.5212472677230835, "optimizer_steps": 560, "n_parameters": 57281}
{"fold_index": 44, "n_folds": 77, "split": "leave_one_allele_out", "fold": "HLA-B*14:02(C67S)", "representation": "baseline_plus_conditional_logp_per_position", "loss": "mse", "seconds": 1.1133649998810142, "last_batch_loss": 1.3641270399093628, "optimizer_steps": 560, "n_parameters": 57793}
{"fold_index": 44, "n_folds": 77, "split": "leave_one_allele_out", "fold": "HLA-B*14:02(C67S)", "representation": "baseline_plus_conditional_anchor_softmax", "loss": "mse", "seconds": 1.152015458792448, "last_batch_loss": 1.2058730125427246, "optimizer_steps": 560, "n_parameters": 59777}
{"fold_index": 44, "n_folds": 77, "split": "leave_one_allele_out", "fold": "HLA-B*14:02(C67S)", "representation": "baseline_plus_conditional_all", "loss": "mse", "seconds": 1.3155370000749826, "last_batch_loss": 1.4550368785858154, "optimizer_steps": 560, "n_parameters": 60417}
{"fold_index": 45, "n_folds": 77, "split": "leave_one_allele_out", "fold": "HLA-B*15:01", "representation": "baseline_plus_conditional_mean_logp", "loss": "mse", "seconds": 1.2909173329826444, "last_batch_loss": 1.6827465295791626, "optimizer_steps": 540, "n_parameters": 57281}
{"fold_index": 45, "n_folds": 77, "split": "leave_one_allele_out", "fold": "HLA-B*15:01", "representation": "baseline_plus_conditional_logp_per_position", "loss": "mse", "seconds": 1.1599503338802606, "last_batch_loss": 1.2899945974349976, "optimizer_steps": 540, "n_parameters": 57793}
{"fold_index": 45, "n_folds": 77, "split": "leave_one_allele_out", "fold": "HLA-B*15:01", "representation": "baseline_plus_conditional_anchor_softmax", "loss": "mse", "seconds": 1.1691260000225157, "last_batch_loss": 1.4416273832321167, "optimizer_steps": 540, "n_parameters": 59777}
{"fold_index": 45, "n_folds": 77, "split": "leave_one_allele_out", "fold": "HLA-B*15:01", "representation": "baseline_plus_conditional_all", "loss": "mse", "seconds": 1.129286542069167, "last_batch_loss": 1.2280224561691284, "optimizer_steps": 540, "n_parameters": 60417}
{"fold_index": 46, "n_folds": 77, "split": "leave_one_allele_out", "fold": "HLA-B*15:02", "representation": "baseline_plus_conditional_mean_logp", "loss": "mse", "seconds": 1.0683623750228435, "last_batch_loss": 1.4435389041900635, "optimizer_steps": 560, "n_parameters": 57281}
{"fold_index": 46, "n_folds": 77, "split": "leave_one_allele_out", "fold": "HLA-B*15:02", "representation": "baseline_plus_conditional_logp_per_position", "loss": "mse", "seconds": 1.0873910828959197, "last_batch_loss": 1.2841867208480835, "optimizer_steps": 560, "n_parameters": 57793}
{"fold_index": 46, "n_folds": 77, "split": "leave_one_allele_out", "fold": "HLA-B*15:02", "representation": "baseline_plus_conditional_anchor_softmax", "loss": "mse", "seconds": 1.2080685419496149, "last_batch_loss": 1.2819806337356567, "optimizer_steps": 560, "n_parameters": 59777}
{"fold_index": 46, "n_folds": 77, "split": "leave_one_allele_out", "fold": "HLA-B*15:02", "representation": "baseline_plus_conditional_all", "loss": "mse", "seconds": 1.2231635001953691, "last_batch_loss": 1.276857614517212, "optimizer_steps": 560, "n_parameters": 60417}
{"fold_index": 47, "n_folds": 77, "split": "leave_one_allele_out", "fold": "HLA-B*15:10", "representation": "baseline_plus_conditional_mean_logp", "loss": "mse", "seconds": 1.0199000420980155, "last_batch_loss": 1.3471945524215698, "optimizer_steps": 560, "n_parameters": 57281}
{"fold_index": 47, "n_folds": 77, "split": "leave_one_allele_out", "fold": "HLA-B*15:10", "representation": "baseline_plus_conditional_logp_per_position", "loss": "mse", "seconds": 1.0255180408712476, "last_batch_loss": 1.4588665962219238, "optimizer_steps": 560, "n_parameters": 57793}
{"fold_index": 47, "n_folds": 77, "split": "leave_one_allele_out", "fold": "HLA-B*15:10", "representation": "baseline_plus_conditional_anchor_softmax", "loss": "mse", "seconds": 1.0161917079240084, "last_batch_loss": 1.554457187652588, "optimizer_steps": 560, "n_parameters": 59777}
{"fold_index": 47, "n_folds": 77, "split": "leave_one_allele_out", "fold": "HLA-B*15:10", "representation": "baseline_plus_conditional_all", "loss": "mse", "seconds": 1.004622207954526, "last_batch_loss": 1.3496617078781128, "optimizer_steps": 560, "n_parameters": 60417}
{"fold_index": 48, "n_folds": 77, "split": "leave_one_allele_out", "fold": "HLA-B*15:17", "representation": "baseline_plus_conditional_mean_logp", "loss": "mse", "seconds": 1.0979575831443071, "last_batch_loss": 1.6808350086212158, "optimizer_steps": 560, "n_parameters": 57281}
{"fold_index": 48, "n_folds": 77, "split": "leave_one_allele_out", "fold": "HLA-B*15:17", "representation": "baseline_plus_conditional_logp_per_position", "loss": "mse", "seconds": 1.0424155408982188, "last_batch_loss": 1.2646881341934204, "optimizer_steps": 560, "n_parameters": 57793}
{"fold_index": 48, "n_folds": 77, "split": "leave_one_allele_out", "fold": "HLA-B*15:17", "representation": "baseline_plus_conditional_anchor_softmax", "loss": "mse", "seconds": 1.0894098749849945, "last_batch_loss": 1.032459020614624, "optimizer_steps": 560, "n_parameters": 59777}
{"fold_index": 48, "n_folds": 77, "split": "leave_one_allele_out", "fold": "HLA-B*15:17", "representation": "baseline_plus_conditional_all", "loss": "mse", "seconds": 1.0344100000802428, "last_batch_loss": 1.3348525762557983, "optimizer_steps": 560, "n_parameters": 60417}
{"fold_index": 49, "n_folds": 77, "split": "leave_one_allele_out", "fold": "HLA-B*18:01", "representation": "baseline_plus_conditional_mean_logp", "loss": "mse", "seconds": 0.8934253330808133, "last_batch_loss": 1.6360949277877808, "optimizer_steps": 560, "n_parameters": 57281}
{"fold_index": 49, "n_folds": 77, "split": "leave_one_allele_out", "fold": "HLA-B*18:01", "representation": "baseline_plus_conditional_logp_per_position", "loss": "mse", "seconds": 1.0213814999442548, "last_batch_loss": 1.32374107837677, "optimizer_steps": 560, "n_parameters": 57793}
{"fold_index": 49, "n_folds": 77, "split": "leave_one_allele_out", "fold": "HLA-B*18:01", "representation": "baseline_plus_conditional_anchor_softmax", "loss": "mse", "seconds": 0.7829372498672456, "last_batch_loss": 1.6239765882492065, "optimizer_steps": 560, "n_parameters": 59777}
{"fold_index": 49, "n_folds": 77, "split": "leave_one_allele_out", "fold": "HLA-B*18:01", "representation": "baseline_plus_conditional_all", "loss": "mse", "seconds": 0.8166317499708384, "last_batch_loss": 1.733527660369873, "optimizer_steps": 560, "n_parameters": 60417}
{"fold_index": 50, "n_folds": 77, "split": "leave_one_allele_out", "fold": "HLA-B*27:02", "representation": "baseline_plus_conditional_mean_logp", "loss": "mse", "seconds": 0.7390262079425156, "last_batch_loss": 1.7289421558380127, "optimizer_steps": 560, "n_parameters": 57281}
{"fold_index": 50, "n_folds": 77, "split": "leave_one_allele_out", "fold": "HLA-B*27:02", "representation": "baseline_plus_conditional_logp_per_position", "loss": "mse", "seconds": 0.7811093749478459, "last_batch_loss": 1.4262648820877075, "optimizer_steps": 560, "n_parameters": 57793}
{"fold_index": 50, "n_folds": 77, "split": "leave_one_allele_out", "fold": "HLA-B*27:02", "representation": "baseline_plus_conditional_anchor_softmax", "loss": "mse", "seconds": 0.7969719159882516, "last_batch_loss": 1.3345047235488892, "optimizer_steps": 560, "n_parameters": 59777}
{"fold_index": 50, "n_folds": 77, "split": "leave_one_allele_out", "fold": "HLA-B*27:02", "representation": "baseline_plus_conditional_all", "loss": "mse", "seconds": 0.8256147080101073, "last_batch_loss": 1.320083737373352, "optimizer_steps": 560, "n_parameters": 60417}
{"fold_index": 51, "n_folds": 77, "split": "leave_one_allele_out", "fold": "HLA-B*27:03", "representation": "baseline_plus_conditional_mean_logp", "loss": "mse", "seconds": 0.8400042911525816, "last_batch_loss": 1.3161367177963257, "optimizer_steps": 560, "n_parameters": 57281}
{"fold_index": 51, "n_folds": 77, "split": "leave_one_allele_out", "fold": "HLA-B*27:03", "representation": "baseline_plus_conditional_logp_per_position", "loss": "mse", "seconds": 0.8469633751083165, "last_batch_loss": 1.4095559120178223, "optimizer_steps": 560, "n_parameters": 57793}
{"fold_index": 51, "n_folds": 77, "split": "leave_one_allele_out", "fold": "HLA-B*27:03", "representation": "baseline_plus_conditional_anchor_softmax", "loss": "mse", "seconds": 0.8750275420024991, "last_batch_loss": 1.259062647819519, "optimizer_steps": 560, "n_parameters": 59777}
{"fold_index": 51, "n_folds": 77, "split": "leave_one_allele_out", "fold": "HLA-B*27:03", "representation": "baseline_plus_conditional_all", "loss": "mse", "seconds": 0.9495901660993695, "last_batch_loss": 1.1937227249145508, "optimizer_steps": 560, "n_parameters": 60417}
{"fold_index": 52, "n_folds": 77, "split": "leave_one_allele_out", "fold": "HLA-B*27:05", "representation": "baseline_plus_conditional_mean_logp", "loss": "mse", "seconds": 0.8362009159754962, "last_batch_loss": 1.4990524053573608, "optimizer_steps": 560, "n_parameters": 57281}
{"fold_index": 52, "n_folds": 77, "split": "leave_one_allele_out", "fold": "HLA-B*27:05", "representation": "baseline_plus_conditional_logp_per_position", "loss": "mse", "seconds": 0.7568159999791533, "last_batch_loss": 1.3896589279174805, "optimizer_steps": 560, "n_parameters": 57793}
{"fold_index": 52, "n_folds": 77, "split": "leave_one_allele_out", "fold": "HLA-B*27:05", "representation": "baseline_plus_conditional_anchor_softmax", "loss": "mse", "seconds": 0.753024083096534, "last_batch_loss": 1.361692190170288, "optimizer_steps": 560, "n_parameters": 59777}
{"fold_index": 52, "n_folds": 77, "split": "leave_one_allele_out", "fold": "HLA-B*27:05", "representation": "baseline_plus_conditional_all", "loss": "mse", "seconds": 0.7638723750133067, "last_batch_loss": 1.5502235889434814, "optimizer_steps": 560, "n_parameters": 60417}
{"fold_index": 53, "n_folds": 77, "split": "leave_one_allele_out", "fold": "HLA-B*27:20", "representation": "baseline_plus_conditional_mean_logp", "loss": "mse", "seconds": 0.7852067090570927, "last_batch_loss": 1.585017442703247, "optimizer_steps": 560, "n_parameters": 57281}
{"fold_index": 53, "n_folds": 77, "split": "leave_one_allele_out", "fold": "HLA-B*27:20", "representation": "baseline_plus_conditional_logp_per_position", "loss": "mse", "seconds": 0.7615301248151809, "last_batch_loss": 1.5842207670211792, "optimizer_steps": 560, "n_parameters": 57793}
{"fold_index": 53, "n_folds": 77, "split": "leave_one_allele_out", "fold": "HLA-B*27:20", "representation": "baseline_plus_conditional_anchor_softmax", "loss": "mse", "seconds": 0.7880629999563098, "last_batch_loss": 1.21201491355896, "optimizer_steps": 560, "n_parameters": 59777}
{"fold_index": 53, "n_folds": 77, "split": "leave_one_allele_out", "fold": "HLA-B*27:20", "representation": "baseline_plus_conditional_all", "loss": "mse", "seconds": 0.780974084045738, "last_batch_loss": 1.4224982261657715, "optimizer_steps": 560, "n_parameters": 60417}
{"fold_index": 54, "n_folds": 77, "split": "leave_one_allele_out", "fold": "HLA-B*35:01", "representation": "baseline_plus_conditional_mean_logp", "loss": "mse", "seconds": 0.7504502909723669, "last_batch_loss": 1.452187180519104, "optimizer_steps": 540, "n_parameters": 57281}
{"fold_index": 54, "n_folds": 77, "split": "leave_one_allele_out", "fold": "HLA-B*35:01", "representation": "baseline_plus_conditional_logp_per_position", "loss": "mse", "seconds": 0.801765208132565, "last_batch_loss": 1.2898390293121338, "optimizer_steps": 540, "n_parameters": 57793}
{"fold_index": 54, "n_folds": 77, "split": "leave_one_allele_out", "fold": "HLA-B*35:01", "representation": "baseline_plus_conditional_anchor_softmax", "loss": "mse", "seconds": 0.7672412500251085, "last_batch_loss": 1.453061580657959, "optimizer_steps": 540, "n_parameters": 59777}
{"fold_index": 54, "n_folds": 77, "split": "leave_one_allele_out", "fold": "HLA-B*35:01", "representation": "baseline_plus_conditional_all", "loss": "mse", "seconds": 0.756992582930252, "last_batch_loss": 1.397843837738037, "optimizer_steps": 540, "n_parameters": 60417}
{"fold_index": 55, "n_folds": 77, "split": "leave_one_allele_out", "fold": "HLA-B*35:03", "representation": "baseline_plus_conditional_mean_logp", "loss": "mse", "seconds": 0.8801997499540448, "last_batch_loss": 1.5691477060317993, "optimizer_steps": 560, "n_parameters": 57281}
{"fold_index": 55, "n_folds": 77, "split": "leave_one_allele_out", "fold": "HLA-B*35:03", "representation": "baseline_plus_conditional_logp_per_position", "loss": "mse", "seconds": 0.8499064999632537, "last_batch_loss": 1.3392497301101685, "optimizer_steps": 560, "n_parameters": 57793}
{"fold_index": 55, "n_folds": 77, "split": "leave_one_allele_out", "fold": "HLA-B*35:03", "representation": "baseline_plus_conditional_anchor_softmax", "loss": "mse", "seconds": 0.8160039170179516, "last_batch_loss": 1.3699396848678589, "optimizer_steps": 560, "n_parameters": 59777}
{"fold_index": 55, "n_folds": 77, "split": "leave_one_allele_out", "fold": "HLA-B*35:03", "representation": "baseline_plus_conditional_all", "loss": "mse", "seconds": 0.9530816660262644, "last_batch_loss": 1.7060115337371826, "optimizer_steps": 560, "n_parameters": 60417}
{"fold_index": 56, "n_folds": 77, "split": "leave_one_allele_out", "fold": "HLA-B*35:08", "representation": "baseline_plus_conditional_mean_logp", "loss": "mse", "seconds": 0.7936647080350667, "last_batch_loss": 1.6476515531539917, "optimizer_steps": 560, "n_parameters": 57281}
{"fold_index": 56, "n_folds": 77, "split": "leave_one_allele_out", "fold": "HLA-B*35:08", "representation": "baseline_plus_conditional_logp_per_position", "loss": "mse", "seconds": 0.7790037919767201, "last_batch_loss": 1.6090898513793945, "optimizer_steps": 560, "n_parameters": 57793}
{"fold_index": 56, "n_folds": 77, "split": "leave_one_allele_out", "fold": "HLA-B*35:08", "representation": "baseline_plus_conditional_anchor_softmax", "loss": "mse", "seconds": 0.8973613339476287, "last_batch_loss": 1.1266968250274658, "optimizer_steps": 560, "n_parameters": 59777}
{"fold_index": 56, "n_folds": 77, "split": "leave_one_allele_out", "fold": "HLA-B*35:08", "representation": "baseline_plus_conditional_all", "loss": "mse", "seconds": 0.8334200831595808, "last_batch_loss": 1.395957112312317, "optimizer_steps": 560, "n_parameters": 60417}
{"fold_index": 57, "n_folds": 77, "split": "leave_one_allele_out", "fold": "HLA-B*39:01", "representation": "baseline_plus_conditional_mean_logp", "loss": "mse", "seconds": 0.8464719580952078, "last_batch_loss": 1.4116530418395996, "optimizer_steps": 540, "n_parameters": 57281}
{"fold_index": 57, "n_folds": 77, "split": "leave_one_allele_out", "fold": "HLA-B*39:01", "representation": "baseline_plus_conditional_logp_per_position", "loss": "mse", "seconds": 0.8719547078944743, "last_batch_loss": 1.2988026142120361, "optimizer_steps": 540, "n_parameters": 57793}
{"fold_index": 57, "n_folds": 77, "split": "leave_one_allele_out", "fold": "HLA-B*39:01", "representation": "baseline_plus_conditional_anchor_softmax", "loss": "mse", "seconds": 0.9421852079685777, "last_batch_loss": 1.616050362586975, "optimizer_steps": 540, "n_parameters": 59777}
{"fold_index": 57, "n_folds": 77, "split": "leave_one_allele_out", "fold": "HLA-B*39:01", "representation": "baseline_plus_conditional_all", "loss": "mse", "seconds": 0.955257625086233, "last_batch_loss": 1.2448034286499023, "optimizer_steps": 540, "n_parameters": 60417}
{"fold_index": 58, "n_folds": 77, "split": "leave_one_allele_out", "fold": "HLA-B*39:02", "representation": "baseline_plus_conditional_mean_logp", "loss": "mse", "seconds": 0.9402882079593837, "last_batch_loss": 1.4944376945495605, "optimizer_steps": 560, "n_parameters": 57281}
{"fold_index": 58, "n_folds": 77, "split": "leave_one_allele_out", "fold": "HLA-B*39:02", "representation": "baseline_plus_conditional_logp_per_position", "loss": "mse", "seconds": 0.9242401248775423, "last_batch_loss": 1.3656219244003296, "optimizer_steps": 560, "n_parameters": 57793}
{"fold_index": 58, "n_folds": 77, "split": "leave_one_allele_out", "fold": "HLA-B*39:02", "representation": "baseline_plus_conditional_anchor_softmax", "loss": "mse", "seconds": 0.8868376251775771, "last_batch_loss": 1.2903269529342651, "optimizer_steps": 560, "n_parameters": 59777}
{"fold_index": 58, "n_folds": 77, "split": "leave_one_allele_out", "fold": "HLA-B*39:02", "representation": "baseline_plus_conditional_all", "loss": "mse", "seconds": 0.9293583750259131, "last_batch_loss": 1.5275613069534302, "optimizer_steps": 560, "n_parameters": 60417}
{"fold_index": 59, "n_folds": 77, "split": "leave_one_allele_out", "fold": "HLA-B*39:06(C67S)", "representation": "baseline_plus_conditional_mean_logp", "loss": "mse", "seconds": 0.921544540906325, "last_batch_loss": 1.2816015481948853, "optimizer_steps": 560, "n_parameters": 57281}
{"fold_index": 59, "n_folds": 77, "split": "leave_one_allele_out", "fold": "HLA-B*39:06(C67S)", "representation": "baseline_plus_conditional_logp_per_position", "loss": "mse", "seconds": 0.9434911250136793, "last_batch_loss": 1.4013593196868896, "optimizer_steps": 560, "n_parameters": 57793}
{"fold_index": 59, "n_folds": 77, "split": "leave_one_allele_out", "fold": "HLA-B*39:06(C67S)", "representation": "baseline_plus_conditional_anchor_softmax", "loss": "mse", "seconds": 0.9402371249161661, "last_batch_loss": 1.3463490009307861, "optimizer_steps": 560, "n_parameters": 59777}
{"fold_index": 59, "n_folds": 77, "split": "leave_one_allele_out", "fold": "HLA-B*39:06(C67S)", "representation": "baseline_plus_conditional_all", "loss": "mse", "seconds": 0.8437435000669211, "last_batch_loss": 1.1236870288848877, "optimizer_steps": 560, "n_parameters": 60417}
{"fold_index": 60, "n_folds": 77, "split": "leave_one_allele_out", "fold": "HLA-B*39:10", "representation": "baseline_plus_conditional_mean_logp", "loss": "mse", "seconds": 0.8650621669366956, "last_batch_loss": 1.5587259531021118, "optimizer_steps": 560, "n_parameters": 57281}
{"fold_index": 60, "n_folds": 77, "split": "leave_one_allele_out", "fold": "HLA-B*39:10", "representation": "baseline_plus_conditional_logp_per_position", "loss": "mse", "seconds": 0.8421589580830187, "last_batch_loss": 1.5176568031311035, "optimizer_steps": 560, "n_parameters": 57793}
{"fold_index": 60, "n_folds": 77, "split": "leave_one_allele_out", "fold": "HLA-B*39:10", "representation": "baseline_plus_conditional_anchor_softmax", "loss": "mse", "seconds": 0.8913877499289811, "last_batch_loss": 1.2082910537719727, "optimizer_steps": 560, "n_parameters": 59777}
{"fold_index": 60, "n_folds": 77, "split": "leave_one_allele_out", "fold": "HLA-B*39:10", "representation": "baseline_plus_conditional_all", "loss": "mse", "seconds": 0.8679465828463435, "last_batch_loss": 1.488775610923767, "optimizer_steps": 560, "n_parameters": 60417}
{"fold_index": 61, "n_folds": 77, "split": "leave_one_allele_out", "fold": "HLA-B*40:01", "representation": "baseline_plus_conditional_mean_logp", "loss": "mse", "seconds": 0.9076550002209842, "last_batch_loss": 1.6057629585266113, "optimizer_steps": 560, "n_parameters": 57281}
{"fold_index": 61, "n_folds": 77, "split": "leave_one_allele_out", "fold": "HLA-B*40:01", "representation": "baseline_plus_conditional_logp_per_position", "loss": "mse", "seconds": 0.9089473329950124, "last_batch_loss": 1.353215217590332, "optimizer_steps": 560, "n_parameters": 57793}
{"fold_index": 61, "n_folds": 77, "split": "leave_one_allele_out", "fold": "HLA-B*40:01", "representation": "baseline_plus_conditional_anchor_softmax", "loss": "mse", "seconds": 0.8780517501290888, "last_batch_loss": 1.5684149265289307, "optimizer_steps": 560, "n_parameters": 59777}
{"fold_index": 61, "n_folds": 77, "split": "leave_one_allele_out", "fold": "HLA-B*40:01", "representation": "baseline_plus_conditional_all", "loss": "mse", "seconds": 0.9067684158217162, "last_batch_loss": 1.1344751119613647, "optimizer_steps": 560, "n_parameters": 60417}
{"fold_index": 62, "n_folds": 77, "split": "leave_one_allele_out", "fold": "HLA-B*40:02", "representation": "baseline_plus_conditional_mean_logp", "loss": "mse", "seconds": 0.8450650840532035, "last_batch_loss": 1.34331214427948, "optimizer_steps": 560, "n_parameters": 57281}
{"fold_index": 62, "n_folds": 77, "split": "leave_one_allele_out", "fold": "HLA-B*40:02", "representation": "baseline_plus_conditional_logp_per_position", "loss": "mse", "seconds": 0.7888979578856379, "last_batch_loss": 1.7256609201431274, "optimizer_steps": 560, "n_parameters": 57793}
{"fold_index": 62, "n_folds": 77, "split": "leave_one_allele_out", "fold": "HLA-B*40:02", "representation": "baseline_plus_conditional_anchor_softmax", "loss": "mse", "seconds": 0.7490990001242608, "last_batch_loss": 1.478083610534668, "optimizer_steps": 560, "n_parameters": 59777}
{"fold_index": 62, "n_folds": 77, "split": "leave_one_allele_out", "fold": "HLA-B*40:02", "representation": "baseline_plus_conditional_all", "loss": "mse", "seconds": 0.7747311659622937, "last_batch_loss": 1.5967738628387451, "optimizer_steps": 560, "n_parameters": 60417}
{"fold_index": 63, "n_folds": 77, "split": "leave_one_allele_out", "fold": "HLA-B*41:01", "representation": "baseline_plus_conditional_mean_logp", "loss": "mse", "seconds": 0.787189207971096, "last_batch_loss": 1.6006830930709839, "optimizer_steps": 560, "n_parameters": 57281}
{"fold_index": 63, "n_folds": 77, "split": "leave_one_allele_out", "fold": "HLA-B*41:01", "representation": "baseline_plus_conditional_logp_per_position", "loss": "mse", "seconds": 0.7951274591032416, "last_batch_loss": 1.4455868005752563, "optimizer_steps": 560, "n_parameters": 57793}
{"fold_index": 63, "n_folds": 77, "split": "leave_one_allele_out", "fold": "HLA-B*41:01", "representation": "baseline_plus_conditional_anchor_softmax", "loss": "mse", "seconds": 0.8028172920458019, "last_batch_loss": 1.1879565715789795, "optimizer_steps": 560, "n_parameters": 59777}
{"fold_index": 63, "n_folds": 77, "split": "leave_one_allele_out", "fold": "HLA-B*41:01", "representation": "baseline_plus_conditional_all", "loss": "mse", "seconds": 0.7899019580800086, "last_batch_loss": 1.4903475046157837, "optimizer_steps": 560, "n_parameters": 60417}
{"fold_index": 64, "n_folds": 77, "split": "leave_one_allele_out", "fold": "HLA-B*42:01", "representation": "baseline_plus_conditional_mean_logp", "loss": "mse", "seconds": 0.7792816669680178, "last_batch_loss": 1.5334535837173462, "optimizer_steps": 560, "n_parameters": 57281}
{"fold_index": 64, "n_folds": 77, "split": "leave_one_allele_out", "fold": "HLA-B*42:01", "representation": "baseline_plus_conditional_logp_per_position", "loss": "mse", "seconds": 0.7901398751419038, "last_batch_loss": 1.5191001892089844, "optimizer_steps": 560, "n_parameters": 57793}
{"fold_index": 64, "n_folds": 77, "split": "leave_one_allele_out", "fold": "HLA-B*42:01", "representation": "baseline_plus_conditional_anchor_softmax", "loss": "mse", "seconds": 0.7848046671133488, "last_batch_loss": 1.3576551675796509, "optimizer_steps": 560, "n_parameters": 59777}
{"fold_index": 64, "n_folds": 77, "split": "leave_one_allele_out", "fold": "HLA-B*42:01", "representation": "baseline_plus_conditional_all", "loss": "mse", "seconds": 0.7828257910441607, "last_batch_loss": 1.5301889181137085, "optimizer_steps": 560, "n_parameters": 60417}
{"fold_index": 65, "n_folds": 77, "split": "leave_one_allele_out", "fold": "HLA-B*42:02", "representation": "baseline_plus_conditional_mean_logp", "loss": "mse", "seconds": 0.847626790869981, "last_batch_loss": 1.188563585281372, "optimizer_steps": 560, "n_parameters": 57281}
{"fold_index": 65, "n_folds": 77, "split": "leave_one_allele_out", "fold": "HLA-B*42:02", "representation": "baseline_plus_conditional_logp_per_position", "loss": "mse", "seconds": 1.05158287496306, "last_batch_loss": 1.484139323234558, "optimizer_steps": 560, "n_parameters": 57793}
{"fold_index": 65, "n_folds": 77, "split": "leave_one_allele_out", "fold": "HLA-B*42:02", "representation": "baseline_plus_conditional_anchor_softmax", "loss": "mse", "seconds": 0.848767917137593, "last_batch_loss": 1.5262070894241333, "optimizer_steps": 560, "n_parameters": 59777}
{"fold_index": 65, "n_folds": 77, "split": "leave_one_allele_out", "fold": "HLA-B*42:02", "representation": "baseline_plus_conditional_all", "loss": "mse", "seconds": 0.8737109580542892, "last_batch_loss": 1.1779476404190063, "optimizer_steps": 560, "n_parameters": 60417}
{"fold_index": 66, "n_folds": 77, "split": "leave_one_allele_out", "fold": "HLA-B*44:05", "representation": "baseline_plus_conditional_mean_logp", "loss": "mse", "seconds": 0.7755890421103686, "last_batch_loss": 1.2656185626983643, "optimizer_steps": 560, "n_parameters": 57281}
{"fold_index": 66, "n_folds": 77, "split": "leave_one_allele_out", "fold": "HLA-B*44:05", "representation": "baseline_plus_conditional_logp_per_position", "loss": "mse", "seconds": 0.8086737091653049, "last_batch_loss": 1.2483614683151245, "optimizer_steps": 560, "n_parameters": 57793}
{"fold_index": 66, "n_folds": 77, "split": "leave_one_allele_out", "fold": "HLA-B*44:05", "representation": "baseline_plus_conditional_anchor_softmax", "loss": "mse", "seconds": 0.8181042501237243, "last_batch_loss": 1.3396772146224976, "optimizer_steps": 560, "n_parameters": 59777}
{"fold_index": 66, "n_folds": 77, "split": "leave_one_allele_out", "fold": "HLA-B*44:05", "representation": "baseline_plus_conditional_all", "loss": "mse", "seconds": 0.8147310831118375, "last_batch_loss": 1.1365092992782593, "optimizer_steps": 560, "n_parameters": 60417}
{"fold_index": 67, "n_folds": 77, "split": "leave_one_allele_out", "fold": "HLA-B*45:01", "representation": "baseline_plus_conditional_mean_logp", "loss": "mse", "seconds": 0.7739768750034273, "last_batch_loss": 1.6769448518753052, "optimizer_steps": 560, "n_parameters": 57281}
{"fold_index": 67, "n_folds": 77, "split": "leave_one_allele_out", "fold": "HLA-B*45:01", "representation": "baseline_plus_conditional_logp_per_position", "loss": "mse", "seconds": 0.8435163330286741, "last_batch_loss": 1.760763168334961, "optimizer_steps": 560, "n_parameters": 57793}
{"fold_index": 67, "n_folds": 77, "split": "leave_one_allele_out", "fold": "HLA-B*45:01", "representation": "baseline_plus_conditional_anchor_softmax", "loss": "mse", "seconds": 0.8655475839041173, "last_batch_loss": 1.6105127334594727, "optimizer_steps": 560, "n_parameters": 59777}
{"fold_index": 67, "n_folds": 77, "split": "leave_one_allele_out", "fold": "HLA-B*45:01", "representation": "baseline_plus_conditional_all", "loss": "mse", "seconds": 0.8114684999454767, "last_batch_loss": 1.6724814176559448, "optimizer_steps": 560, "n_parameters": 60417}
{"fold_index": 68, "n_folds": 77, "split": "leave_one_allele_out", "fold": "HLA-B*46:01", "representation": "baseline_plus_conditional_mean_logp", "loss": "mse", "seconds": 0.8536344591993839, "last_batch_loss": 1.0579304695129395, "optimizer_steps": 560, "n_parameters": 57281}
{"fold_index": 68, "n_folds": 77, "split": "leave_one_allele_out", "fold": "HLA-B*46:01", "representation": "baseline_plus_conditional_logp_per_position", "loss": "mse", "seconds": 0.7975430409424007, "last_batch_loss": 1.563271403312683, "optimizer_steps": 560, "n_parameters": 57793}
{"fold_index": 68, "n_folds": 77, "split": "leave_one_allele_out", "fold": "HLA-B*46:01", "representation": "baseline_plus_conditional_anchor_softmax", "loss": "mse", "seconds": 0.8027082080952823, "last_batch_loss": 1.5279812812805176, "optimizer_steps": 560, "n_parameters": 59777}
{"fold_index": 68, "n_folds": 77, "split": "leave_one_allele_out", "fold": "HLA-B*46:01", "representation": "baseline_plus_conditional_all", "loss": "mse", "seconds": 0.7821254171431065, "last_batch_loss": 1.0581536293029785, "optimizer_steps": 560, "n_parameters": 60417}
{"fold_index": 69, "n_folds": 77, "split": "leave_one_allele_out", "fold": "HLA-B*51:01", "representation": "baseline_plus_conditional_mean_logp", "loss": "mse", "seconds": 0.892887125024572, "last_batch_loss": 1.3077539205551147, "optimizer_steps": 560, "n_parameters": 57281}
{"fold_index": 69, "n_folds": 77, "split": "leave_one_allele_out", "fold": "HLA-B*51:01", "representation": "baseline_plus_conditional_logp_per_position", "loss": "mse", "seconds": 0.8450206250417978, "last_batch_loss": 1.38016676902771, "optimizer_steps": 560, "n_parameters": 57793}
{"fold_index": 69, "n_folds": 77, "split": "leave_one_allele_out", "fold": "HLA-B*51:01", "representation": "baseline_plus_conditional_anchor_softmax", "loss": "mse", "seconds": 0.8122474998235703, "last_batch_loss": 1.6441469192504883, "optimizer_steps": 560, "n_parameters": 59777}
{"fold_index": 69, "n_folds": 77, "split": "leave_one_allele_out", "fold": "HLA-B*51:01", "representation": "baseline_plus_conditional_all", "loss": "mse", "seconds": 0.798886250006035, "last_batch_loss": 1.1561057567596436, "optimizer_steps": 560, "n_parameters": 60417}
{"fold_index": 70, "n_folds": 77, "split": "leave_one_allele_out", "fold": "HLA-B*54:01", "representation": "baseline_plus_conditional_mean_logp", "loss": "mse", "seconds": 0.7755577089264989, "last_batch_loss": 1.2022032737731934, "optimizer_steps": 560, "n_parameters": 57281}
{"fold_index": 70, "n_folds": 77, "split": "leave_one_allele_out", "fold": "HLA-B*54:01", "representation": "baseline_plus_conditional_logp_per_position", "loss": "mse", "seconds": 0.7607502499595284, "last_batch_loss": 1.2519450187683105, "optimizer_steps": 560, "n_parameters": 57793}
{"fold_index": 70, "n_folds": 77, "split": "leave_one_allele_out", "fold": "HLA-B*54:01", "representation": "baseline_plus_conditional_anchor_softmax", "loss": "mse", "seconds": 0.7999553331173956, "last_batch_loss": 1.2293412685394287, "optimizer_steps": 560, "n_parameters": 59777}
{"fold_index": 70, "n_folds": 77, "split": "leave_one_allele_out", "fold": "HLA-B*54:01", "representation": "baseline_plus_conditional_all", "loss": "mse", "seconds": 0.7959478329867125, "last_batch_loss": 1.4781417846679688, "optimizer_steps": 560, "n_parameters": 60417}
{"fold_index": 71, "n_folds": 77, "split": "leave_one_allele_out", "fold": "HLA-B*55:01", "representation": "baseline_plus_conditional_mean_logp", "loss": "mse", "seconds": 0.7410465830471367, "last_batch_loss": 1.6438210010528564, "optimizer_steps": 560, "n_parameters": 57281}
{"fold_index": 71, "n_folds": 77, "split": "leave_one_allele_out", "fold": "HLA-B*55:01", "representation": "baseline_plus_conditional_logp_per_position", "loss": "mse", "seconds": 0.8344108748715371, "last_batch_loss": 1.461187481880188, "optimizer_steps": 560, "n_parameters": 57793}
{"fold_index": 71, "n_folds": 77, "split": "leave_one_allele_out", "fold": "HLA-B*55:01", "representation": "baseline_plus_conditional_anchor_softmax", "loss": "mse", "seconds": 0.8553761248476803, "last_batch_loss": 1.368219256401062, "optimizer_steps": 560, "n_parameters": 59777}
{"fold_index": 71, "n_folds": 77, "split": "leave_one_allele_out", "fold": "HLA-B*55:01", "representation": "baseline_plus_conditional_all", "loss": "mse", "seconds": 0.7598396248649806, "last_batch_loss": 1.0351786613464355, "optimizer_steps": 560, "n_parameters": 60417}
{"fold_index": 72, "n_folds": 77, "split": "leave_one_allele_out", "fold": "HLA-B*56:01", "representation": "baseline_plus_conditional_mean_logp", "loss": "mse", "seconds": 0.782539915991947, "last_batch_loss": 1.5467422008514404, "optimizer_steps": 560, "n_parameters": 57281}
{"fold_index": 72, "n_folds": 77, "split": "leave_one_allele_out", "fold": "HLA-B*56:01", "representation": "baseline_plus_conditional_logp_per_position", "loss": "mse", "seconds": 0.7591568750794977, "last_batch_loss": 1.3866552114486694, "optimizer_steps": 560, "n_parameters": 57793}
{"fold_index": 72, "n_folds": 77, "split": "leave_one_allele_out", "fold": "HLA-B*56:01", "representation": "baseline_plus_conditional_anchor_softmax", "loss": "mse", "seconds": 0.7971837499644607, "last_batch_loss": 1.641107439994812, "optimizer_steps": 560, "n_parameters": 59777}
{"fold_index": 72, "n_folds": 77, "split": "leave_one_allele_out", "fold": "HLA-B*56:01", "representation": "baseline_plus_conditional_all", "loss": "mse", "seconds": 0.8494557079393417, "last_batch_loss": 1.3571504354476929, "optimizer_steps": 560, "n_parameters": 60417}
{"fold_index": 73, "n_folds": 77, "split": "leave_one_allele_out", "fold": "HLA-B*57:01", "representation": "baseline_plus_conditional_mean_logp", "loss": "mse", "seconds": 0.8862409158609807, "last_batch_loss": 1.4709713459014893, "optimizer_steps": 560, "n_parameters": 57281}
{"fold_index": 73, "n_folds": 77, "split": "leave_one_allele_out", "fold": "HLA-B*57:01", "representation": "baseline_plus_conditional_logp_per_position", "loss": "mse", "seconds": 0.9150596251711249, "last_batch_loss": 1.5273845195770264, "optimizer_steps": 560, "n_parameters": 57793}
{"fold_index": 73, "n_folds": 77, "split": "leave_one_allele_out", "fold": "HLA-B*57:01", "representation": "baseline_plus_conditional_anchor_softmax", "loss": "mse", "seconds": 0.8588117079343647, "last_batch_loss": 1.202940583229065, "optimizer_steps": 560, "n_parameters": 59777}
{"fold_index": 73, "n_folds": 77, "split": "leave_one_allele_out", "fold": "HLA-B*57:01", "representation": "baseline_plus_conditional_all", "loss": "mse", "seconds": 0.9095521250274032, "last_batch_loss": 1.3577611446380615, "optimizer_steps": 560, "n_parameters": 60417}
{"fold_index": 74, "n_folds": 77, "split": "leave_one_allele_out", "fold": "HLA-B*57:02", "representation": "baseline_plus_conditional_mean_logp", "loss": "mse", "seconds": 0.7390177079942077, "last_batch_loss": 1.2919566631317139, "optimizer_steps": 560, "n_parameters": 57281}
{"fold_index": 74, "n_folds": 77, "split": "leave_one_allele_out", "fold": "HLA-B*57:02", "representation": "baseline_plus_conditional_logp_per_position", "loss": "mse", "seconds": 0.7574495419394225, "last_batch_loss": 1.539976954460144, "optimizer_steps": 560, "n_parameters": 57793}
{"fold_index": 74, "n_folds": 77, "split": "leave_one_allele_out", "fold": "HLA-B*57:02", "representation": "baseline_plus_conditional_anchor_softmax", "loss": "mse", "seconds": 0.8191887082066387, "last_batch_loss": 1.4233163595199585, "optimizer_steps": 560, "n_parameters": 59777}
{"fold_index": 74, "n_folds": 77, "split": "leave_one_allele_out", "fold": "HLA-B*57:02", "representation": "baseline_plus_conditional_all", "loss": "mse", "seconds": 0.8170228749513626, "last_batch_loss": 1.213226079940796, "optimizer_steps": 560, "n_parameters": 60417}
{"fold_index": 75, "n_folds": 77, "split": "leave_one_allele_out", "fold": "HLA-B*57:03", "representation": "baseline_plus_conditional_mean_logp", "loss": "mse", "seconds": 0.787575582973659, "last_batch_loss": 1.0700931549072266, "optimizer_steps": 560, "n_parameters": 57281}
{"fold_index": 75, "n_folds": 77, "split": "leave_one_allele_out", "fold": "HLA-B*57:03", "representation": "baseline_plus_conditional_logp_per_position", "loss": "mse", "seconds": 0.7809196249581873, "last_batch_loss": 1.3665523529052734, "optimizer_steps": 560, "n_parameters": 57793}
{"fold_index": 75, "n_folds": 77, "split": "leave_one_allele_out", "fold": "HLA-B*57:03", "representation": "baseline_plus_conditional_anchor_softmax", "loss": "mse", "seconds": 0.7962217500898987, "last_batch_loss": 1.361054539680481, "optimizer_steps": 560, "n_parameters": 59777}
{"fold_index": 75, "n_folds": 77, "split": "leave_one_allele_out", "fold": "HLA-B*57:03", "representation": "baseline_plus_conditional_all", "loss": "mse", "seconds": 0.7957420418970287, "last_batch_loss": 1.60164475440979, "optimizer_steps": 560, "n_parameters": 60417}
{"fold_index": 76, "n_folds": 77, "split": "leave_one_allele_out", "fold": "HLA-B*58:01", "representation": "baseline_plus_conditional_mean_logp", "loss": "mse", "seconds": 0.8379879170097411, "last_batch_loss": 1.6011091470718384, "optimizer_steps": 560, "n_parameters": 57281}
{"fold_index": 76, "n_folds": 77, "split": "leave_one_allele_out", "fold": "HLA-B*58:01", "representation": "baseline_plus_conditional_logp_per_position", "loss": "mse", "seconds": 0.8249492500908673, "last_batch_loss": 2.0680184364318848, "optimizer_steps": 560, "n_parameters": 57793}
{"fold_index": 76, "n_folds": 77, "split": "leave_one_allele_out", "fold": "HLA-B*58:01", "representation": "baseline_plus_conditional_anchor_softmax", "loss": "mse", "seconds": 0.8137737498618662, "last_batch_loss": 1.2611501216888428, "optimizer_steps": 560, "n_parameters": 59777}
{"fold_index": 76, "n_folds": 77, "split": "leave_one_allele_out", "fold": "HLA-B*58:01", "representation": "baseline_plus_conditional_all", "loss": "mse", "seconds": 0.8153813329990953, "last_batch_loss": 1.463557481765747, "optimizer_steps": 560, "n_parameters": 60417}
{"fold_index": 77, "n_folds": 77, "split": "leave_one_allele_out", "fold": "HLA-B*81:01", "representation": "baseline_plus_conditional_mean_logp", "loss": "mse", "seconds": 0.8309907501097769, "last_batch_loss": 1.6792519092559814, "optimizer_steps": 560, "n_parameters": 57281}
{"fold_index": 77, "n_folds": 77, "split": "leave_one_allele_out", "fold": "HLA-B*81:01", "representation": "baseline_plus_conditional_logp_per_position", "loss": "mse", "seconds": 0.8436849578283727, "last_batch_loss": 1.498238444328308, "optimizer_steps": 560, "n_parameters": 57793}
{"fold_index": 77, "n_folds": 77, "split": "leave_one_allele_out", "fold": "HLA-B*81:01", "representation": "baseline_plus_conditional_anchor_softmax", "loss": "mse", "seconds": 0.8297987079713494, "last_batch_loss": 1.098842740058899, "optimizer_steps": 560, "n_parameters": 59777}
{"fold_index": 77, "n_folds": 77, "split": "leave_one_allele_out", "fold": "HLA-B*81:01", "representation": "baseline_plus_conditional_all", "loss": "mse", "seconds": 0.8251432080287486, "last_batch_loss": 1.3628453016281128, "optimizer_steps": 560, "n_parameters": 60417}
Completed full: 157880 prediction rows saved to outputs/baselines/full_conditional/predictions.csv.gz
